
Allocating common symbols
Common symbol       size              file

bl2_img_desc        0x80              ./build/a3700_z/debug/bl31/a3700_z_common.o
rt_svc_descs_indices
                    0x80              ./build/a3700_z/debug/bl31/runtime_svc.o
psci_cpu_pd_nodes   0x20              ./build/a3700_z/debug/bl31/psci_common.o
rdistif_base_addrs  0x10              ./build/a3700_z/debug/bl31/marvell_gicv3.o
psci_caps           0x4               ./build/a3700_z/debug/bl31/psci_setup.o
psci_non_cpu_pd_nodes
                    0x20              ./build/a3700_z/debug/bl31/psci_common.o
psci_plat_pm_ops    0x8               ./build/a3700_z/debug/bl31/psci_common.o
percpu_data         0x100             ./build/a3700_z/debug/bl31/cpu_data_array.o
psci_spd_pm         0x8               ./build/a3700_z/debug/bl31/psci_common.o

Discarded input sections

 .text          0x0000000000000000        0x0 ./build/a3700_z/debug/bl31/build_message.o
 .data          0x0000000000000000        0x0 ./build/a3700_z/debug/bl31/build_message.o
 .bss           0x0000000000000000        0x0 ./build/a3700_z/debug/bl31/build_message.o
 .text          0x0000000000000000        0x0 ./build/a3700_z/debug/bl31/plat_pm.o
 .data          0x0000000000000000        0x0 ./build/a3700_z/debug/bl31/plat_pm.o
 .bss           0x0000000000000000        0x0 ./build/a3700_z/debug/bl31/plat_pm.o
 .text          0x0000000000000000        0x0 ./build/a3700_z/debug/bl31/plat_topology.o
 .data          0x0000000000000000        0x0 ./build/a3700_z/debug/bl31/plat_topology.o
 .bss           0x0000000000000000        0x0 ./build/a3700_z/debug/bl31/plat_topology.o
 .text          0x0000000000000000        0x0 ./build/a3700_z/debug/bl31/plat_bl31_setup.o
 .data          0x0000000000000000        0x0 ./build/a3700_z/debug/bl31/plat_bl31_setup.o
 .bss           0x0000000000000000        0x0 ./build/a3700_z/debug/bl31/plat_bl31_setup.o
 .text.misc_init_cci400
                0x0000000000000000       0x14 ./build/a3700_z/debug/bl31/plat_bl31_setup.o
 .text          0x0000000000000000        0x0 ./build/a3700_z/debug/bl31/sys_info.o
 .data          0x0000000000000000        0x0 ./build/a3700_z/debug/bl31/sys_info.o
 .bss           0x0000000000000000        0x0 ./build/a3700_z/debug/bl31/sys_info.o
 .text          0x0000000000000000        0x0 ./build/a3700_z/debug/bl31/marvell_gicv3.o
 .data          0x0000000000000000        0x0 ./build/a3700_z/debug/bl31/marvell_gicv3.o
 .bss           0x0000000000000000        0x0 ./build/a3700_z/debug/bl31/marvell_gicv3.o
 .text.plat_marvell_gic_cpuif_disable
                0x0000000000000000       0x14 ./build/a3700_z/debug/bl31/marvell_gicv3.o
 .text          0x0000000000000000        0x0 ./build/a3700_z/debug/bl31/plat_delay_timer.o
 .data          0x0000000000000000        0x0 ./build/a3700_z/debug/bl31/plat_delay_timer.o
 .bss           0x0000000000000000        0x0 ./build/a3700_z/debug/bl31/plat_delay_timer.o
 .text          0x0000000000000000        0x0 ./build/a3700_z/debug/bl31/delay_timer.o
 .data          0x0000000000000000        0x0 ./build/a3700_z/debug/bl31/delay_timer.o
 .bss           0x0000000000000000        0x0 ./build/a3700_z/debug/bl31/delay_timer.o
 .text.mdelay   0x0000000000000000        0xc ./build/a3700_z/debug/bl31/delay_timer.o
 .text          0x0000000000000000        0x0 ./build/a3700_z/debug/bl31/a3700_i2c.o
 .data          0x0000000000000000        0x0 ./build/a3700_z/debug/bl31/a3700_i2c.o
 .bss           0x0000000000000000        0x0 ./build/a3700_z/debug/bl31/a3700_i2c.o
 .text          0x0000000000000000        0x0 ./build/a3700_z/debug/bl31/gic_common.o
 .data          0x0000000000000000        0x0 ./build/a3700_z/debug/bl31/gic_common.o
 .bss           0x0000000000000000        0x0 ./build/a3700_z/debug/bl31/gic_common.o
 .text.gicd_read_isenabler
                0x0000000000000000       0x14 ./build/a3700_z/debug/bl31/gic_common.o
 .text.gicd_read_icenabler
                0x0000000000000000       0x14 ./build/a3700_z/debug/bl31/gic_common.o
 .text.gicd_read_ispendr
                0x0000000000000000       0x14 ./build/a3700_z/debug/bl31/gic_common.o
 .text.gicd_read_icpendr
                0x0000000000000000       0x14 ./build/a3700_z/debug/bl31/gic_common.o
 .text.gicd_read_isactiver
                0x0000000000000000       0x14 ./build/a3700_z/debug/bl31/gic_common.o
 .text.gicd_read_icactiver
                0x0000000000000000       0x14 ./build/a3700_z/debug/bl31/gic_common.o
 .text.gicd_read_ipriorityr
                0x0000000000000000       0x10 ./build/a3700_z/debug/bl31/gic_common.o
 .text.gicd_read_icfgr
                0x0000000000000000       0x14 ./build/a3700_z/debug/bl31/gic_common.o
 .text.gicd_read_nsacr
                0x0000000000000000       0x14 ./build/a3700_z/debug/bl31/gic_common.o
 .text.gicd_write_icenabler
                0x0000000000000000       0x14 ./build/a3700_z/debug/bl31/gic_common.o
 .text.gicd_write_ispendr
[...]
Memory Configuration

Name             Origin             Length             Attributes
RAM              0x0000000004023000 0x000000000001d000 xrw
*default*        0x0000000000000000 0xffffffffffffffff

Linker script and memory map

                0x0000000004023000                . = 0x4023000
                0x0000000000000001                ASSERT ((. == ALIGN (0x1000)), BL31_BASE address is not aligned on a page boundary.)

ro              0x0000000004023000     0x7000
                0x0000000004023000                __RO_START__ = .
 *bl31_entrypoint.o(.text*)
 .text.bl31_entrypoint
                0x0000000004023000       0xb8 ./build/a3700_z/debug/bl31/bl31_entrypoint.o
                0x0000000004023000                bl31_entrypoint
 *(.text*)
 .text.a3700_validate_power_state
                0x00000000040230b8       0x18 ./build/a3700_z/debug/bl31/plat_pm.o
                0x00000000040230b8                a3700_validate_power_state
 .text.a3700_cpu_standby
                0x00000000040230d0       0x18 ./build/a3700_z/debug/bl31/plat_pm.o
                0x00000000040230d0                a3700_cpu_standby
 .text.a3700_pwr_domain_off
                0x00000000040230e8       0x18 ./build/a3700_z/debug/bl31/plat_pm.o
                0x00000000040230e8                a3700_pwr_domain_off
 .text.a3700_pwr_domain_suspend
                0x0000000004023100       0x18 ./build/a3700_z/debug/bl31/plat_pm.o
                0x0000000004023100                a3700_pwr_domain_suspend
 .text.a3700_pwr_domain_on_finish
                0x0000000004023118       0x18 ./build/a3700_z/debug/bl31/plat_pm.o
                0x0000000004023118                a3700_pwr_domain_on_finish
 .text.a3700_pwr_domain_suspend_finish
                0x0000000004023130       0x18 ./build/a3700_z/debug/bl31/plat_pm.o
                0x0000000004023130                a3700_pwr_domain_suspend_finish
 .text.a3700_system_off
                0x0000000004023148       0x18 ./build/a3700_z/debug/bl31/plat_pm.o
 .text.a3700_pwr_domain_on
                0x0000000004023160       0x18 ./build/a3700_z/debug/bl31/plat_pm.o
                0x0000000004023160                a3700_pwr_domain_on
 .text.a3700_validate_ns_entrypoint
                0x0000000004023178       0x18 ./build/a3700_z/debug/bl31/plat_pm.o
                0x0000000004023178                a3700_validate_ns_entrypoint
 .text.a3700_system_reset
                0x0000000004023190       0x10 ./build/a3700_z/debug/bl31/plat_pm.o
 .text.plat_core_pos_by_mpidr
                0x00000000040231a0        0xc ./build/a3700_z/debug/bl31/plat_topology.o
                0x00000000040231a0                plat_core_pos_by_mpidr
 .text.bl31_plat_arch_setup
                0x00000000040231ac       0x9c ./build/a3700_z/debug/bl31/plat_bl31_setup.o
                0x00000000040231ac                bl31_plat_arch_setup
 .text.set_info
                0x0000000004023248       0x40 ./build/a3700_z/debug/bl31/sys_info.o
                0x0000000004023248                set_info
 .text.plat_marvell_gic_driver_init
                0x0000000004023288        0xc ./build/a3700_z/debug/bl31/marvell_gicv3.o
                0x0000000004023288                plat_marvell_gic_driver_init
 .text.plat_marvell_gic_init
                0x0000000004023294       0x20 ./build/a3700_z/debug/bl31/marvell_gicv3.o
                0x0000000004023294                plat_marvell_gic_init
 .text.plat_marvell_gic_cpuif_enable
                0x00000000040232b4       0x14 ./build/a3700_z/debug/bl31/marvell_gicv3.o
                0x00000000040232b4                plat_marvell_gic_cpuif_enable
 .text.plat_marvell_gic_pcpu_init
                0x00000000040232c8       0x14 ./build/a3700_z/debug/bl31/marvell_gicv3.o
                0x00000000040232c8                plat_marvell_gic_pcpu_init
 .text.plat_get_timer_value
                0x00000000040232dc        0xc ./build/a3700_z/debug/bl31/plat_delay_timer.o
 .text.plat_delay_timer_init
                0x00000000040232e8        0xc ./build/a3700_z/debug/bl31/plat_delay_timer.o
                0x00000000040232e8                plat_delay_timer_init
 .text.udelay   0x00000000040232f4       0xac ./build/a3700_z/debug/bl31/delay_timer.o
                0x00000000040232f4                udelay
 .text.timer_init
                0x00000000040233a0       0x54 ./build/a3700_z/debug/bl31/delay_timer.o
                0x00000000040233a0                timer_init
 .text.i2c_isr_set_cleared
                0x00000000040233f4       0x70 ./build/a3700_z/debug/bl31/a3700_i2c.o
 .text.i2c_reset
                0x0000000004023464       0x70 ./build/a3700_z/debug/bl31/a3700_i2c.o
 .text.i2c_transfer
                0x00000000040234d4      0x234 ./build/a3700_z/debug/bl31/a3700_i2c.o
                0x00000000040234d4                i2c_transfer
 .text.i2c_init
                0x0000000004023708       0x14 ./build/a3700_z/debug/bl31/a3700_i2c.o
                0x0000000004023708                i2c_init
 .text.i2c_read
                0x000000000402371c      0x134 ./build/a3700_z/debug/bl31/a3700_i2c.o
                0x000000000402371c                i2c_read
 .text.i2c_write
                0x0000000004023850      0x104 ./build/a3700_z/debug/bl31/a3700_i2c.o
                0x0000000004023850                i2c_write
 .text.gicd_read_igroupr
                0x0000000004023954       0x14 ./build/a3700_z/debug/bl31/gic_common.o
                0x0000000004023954                gicd_read_igroupr
 .text.gicd_write_igroupr
                0x0000000004023968       0x14 ./build/a3700_z/debug/bl31/gic_common.o
                0x0000000004023968                gicd_write_igroupr
 .text.gicd_write_isenabler
                0x000000000402397c       0x14 ./build/a3700_z/debug/bl31/gic_common.o
                0x000000000402397c                gicd_write_isenabler
 .text.gicd_write_ipriorityr
                0x0000000004023990       0x10 ./build/a3700_z/debug/bl31/gic_common.o
                0x0000000004023990                gicd_write_ipriorityr
 .text.gicd_write_icfgr
                0x00000000040239a0       0x14 ./build/a3700_z/debug/bl31/gic_common.o
                0x00000000040239a0                gicd_write_icfgr
 .text.gicd_clr_igroupr
                0x00000000040239b4       0x30 ./build/a3700_z/debug/bl31/gic_common.o
                0x00000000040239b4                gicd_clr_igroupr
 .text.gicd_set_isenabler
                0x00000000040239e4        0xc ./build/a3700_z/debug/bl31/gic_common.o
                0x00000000040239e4                gicd_set_isenabler
 .text.gicv3_driver_init
                0x00000000040239f0      0x190 ./build/a3700_z/debug/bl31/gicv3_main.o
                0x00000000040239f0                gicv3_driver_init
 .text.gicv3_distif_init
                0x0000000004023b80      0x128 ./build/a3700_z/debug/bl31/gicv3_main.o
                0x0000000004023b80                gicv3_distif_init
 .text.gicv3_rdistif_init
                0x0000000004023ca8      0x130 ./build/a3700_z/debug/bl31/gicv3_main.o
                0x0000000004023ca8                gicv3_rdistif_init
 .text.gicv3_cpuif_enable
                0x0000000004023dd8       0xf8 ./build/a3700_z/debug/bl31/gicv3_main.o
                0x0000000004023dd8                gicv3_cpuif_enable
 .text.gicv3_get_pending_interrupt_type
                0x0000000004023ed0       0x44 ./build/a3700_z/debug/bl31/gicv3_main.o
                0x0000000004023ed0                gicv3_get_pending_interrupt_type
 .text.gicd_read_igrpmodr
                0x0000000004023f14       0x14 ./build/a3700_z/debug/bl31/gicv3_helpers.o
                0x0000000004023f14                gicd_read_igrpmodr
 .text.gicd_write_igrpmodr
                0x0000000004023f28       0x14 ./build/a3700_z/debug/bl31/gicv3_helpers.o
                0x0000000004023f28                gicd_write_igrpmodr
 .text.gicd_set_igrpmodr
                0x0000000004023f3c       0x30 ./build/a3700_z/debug/bl31/gicv3_helpers.o
                0x0000000004023f3c                gicd_set_igrpmodr
 .text.gicd_clr_igrpmodr
                0x0000000004023f6c       0x30 ./build/a3700_z/debug/bl31/gicv3_helpers.o
                0x0000000004023f6c                gicd_clr_igrpmodr
 .text.gicr_write_ipriorityr
                0x0000000004023f9c       0x14 ./build/a3700_z/debug/bl31/gicv3_helpers.o
                0x0000000004023f9c                gicr_write_ipriorityr
 .text.gicr_clr_igroupr0
                0x0000000004023fb0       0x1c ./build/a3700_z/debug/bl31/gicv3_helpers.o
                0x0000000004023fb0                gicr_clr_igroupr0
 .text.gicr_set_igrpmodr0
                0x0000000004023fcc       0x1c ./build/a3700_z/debug/bl31/gicv3_helpers.o
                0x0000000004023fcc                gicr_set_igrpmodr0
 .text.gicr_clr_igrpmodr0
                0x0000000004023fe8       0x1c ./build/a3700_z/debug/bl31/gicv3_helpers.o
                0x0000000004023fe8                gicr_clr_igrpmodr0
 .text.gicr_set_isenabler0
                0x0000000004024004       0x14 ./build/a3700_z/debug/bl31/gicv3_helpers.o
                0x0000000004024004                gicr_set_isenabler0
 .text.gicv3_rdistif_mark_core_awake
                0x0000000004024018       0x4c ./build/a3700_z/debug/bl31/gicv3_helpers.o
                0x0000000004024018                gicv3_rdistif_mark_core_awake
 .text.gicv3_rdistif_base_addrs_probe
                0x0000000004024064       0x9c ./build/a3700_z/debug/bl31/gicv3_helpers.o
                0x0000000004024064                gicv3_rdistif_base_addrs_probe
 .text.gicv3_spis_configure_defaults
                0x0000000004024100       0x9c ./build/a3700_z/debug/bl31/gicv3_helpers.o
                0x0000000004024100                gicv3_spis_configure_defaults
 .text.gicv3_secure_spis_configure
                0x000000000402419c      0x104 ./build/a3700_z/debug/bl31/gicv3_helpers.o
                0x000000000402419c                gicv3_secure_spis_configure
 .text.gicv3_ppi_sgi_configure_defaults
                0x00000000040242a0       0x54 ./build/a3700_z/debug/bl31/gicv3_helpers.o
                0x00000000040242a0                gicv3_ppi_sgi_configure_defaults
 .text.gicv3_secure_ppi_sgi_configure
                0x00000000040242f4       0xcc ./build/a3700_z/debug/bl31/gicv3_helpers.o
                0x00000000040242f4                gicv3_secure_ppi_sgi_configure
 .text.plat_ic_get_pending_interrupt_type
                0x00000000040243c0       0x60 ./build/a3700_z/debug/bl31/plat_gicv3.o
                0x00000000040243c0                plat_ic_get_pending_interrupt_type
 .text.bl31_plat_get_next_image_ep_info
                0x0000000004024420       0x4c ./build/a3700_z/debug/bl31/marvell_bl31_setup.o
                0x0000000004024420                bl31_plat_get_next_image_ep_info
 .text.marvell_bl31_early_platform_setup
                0x000000000402446c       0xe8 ./build/a3700_z/debug/bl31/marvell_bl31_setup.o
                0x000000000402446c                marvell_bl31_early_platform_setup
 .text.bl31_early_platform_setup
                0x0000000004024554        0x4 ./build/a3700_z/debug/bl31/marvell_bl31_setup.o
                0x0000000004024554                bl31_early_platform_setup
 .text.marvell_bl31_platform_setup
                0x0000000004024558       0x18 ./build/a3700_z/debug/bl31/marvell_bl31_setup.o
                0x0000000004024558                marvell_bl31_platform_setup
 .text.marvell_bl31_plat_runtime_setup
                0x0000000004024570       0x1c ./build/a3700_z/debug/bl31/marvell_bl31_setup.o
                0x0000000004024570                marvell_bl31_plat_runtime_setup
 .text.bl31_platform_setup
                0x000000000402458c        0x4 ./build/a3700_z/debug/bl31/marvell_bl31_setup.o
                0x000000000402458c                bl31_platform_setup
 .text.bl31_plat_runtime_setup
                0x0000000004024590        0x4 ./build/a3700_z/debug/bl31/marvell_bl31_setup.o
                0x0000000004024590                bl31_plat_runtime_setup
 .text.marvell_bl31_plat_arch_setup
                0x0000000004024594        0x4 ./build/a3700_z/debug/bl31/marvell_bl31_setup.o
                0x0000000004024594                marvell_bl31_plat_arch_setup
 .text.plat_get_syscnt_freq
                0x0000000004024598        0xc ./build/a3700_z/debug/bl31/marvell_bl31_setup.o
                0x0000000004024598                plat_get_syscnt_freq
 .text.plat_setup_psci_ops
                0x00000000040245a4       0x14 ./build/a3700_z/debug/bl31/marvell_pm.o
                0x00000000040245a4                plat_setup_psci_ops
 .text.plat_get_power_domain_tree_desc
                0x00000000040245b8        0xc ./build/a3700_z/debug/bl31/marvell_topology.o
                0x00000000040245b8                plat_get_power_domain_tree_desc
 .text.plat_get_target_pwr_state
                0x00000000040245c4       0x58 ./build/a3700_z/debug/bl31/plat_psci_common.o
                0x00000000040245c4                plat_get_target_pwr_state
 .text.bl31_prepare_next_image_entry
                0x000000000402461c       0x80 ./build/a3700_z/debug/bl31/bl31_main.o
                0x000000000402461c                bl31_prepare_next_image_entry
 .text.bl31_main
                0x000000000402469c       0x64 ./build/a3700_z/debug/bl31/bl31_main.o
                0x000000000402469c                bl31_main
 .text.runtime_svc_init
                0x0000000004024700      0x144 ./build/a3700_z/debug/bl31/runtime_svc.o
                0x0000000004024700                runtime_svc_init
 .text.get_scr_el3_from_routing_model
                0x0000000004024844       0x60 ./build/a3700_z/debug/bl31/interrupt_mgmt.o
                0x0000000004024844                get_scr_el3_from_routing_model
 .text.get_interrupt_type_handler
                0x00000000040248a4       0x2c ./build/a3700_z/debug/bl31/interrupt_mgmt.o
                0x00000000040248a4                get_interrupt_type_handler
 .text.bl31_arch_setup
                0x00000000040248d0       0x20 ./build/a3700_z/debug/bl31/bl31_arch_setup.o
                0x00000000040248d0                bl31_arch_setup
 .text.cm_get_context
                0x00000000040248f0       0x3c ./build/a3700_z/debug/bl31/bl31_context_mgmt.o
                0x00000000040248f0                cm_get_context
 .text.cm_get_context_by_index
                0x000000000402492c       0x4c ./build/a3700_z/debug/bl31/bl31_context_mgmt.o
                0x000000000402492c                cm_get_context_by_index
 .text.cm_set_context_by_index
                0x0000000004024978       0x50 ./build/a3700_z/debug/bl31/bl31_context_mgmt.o
                0x0000000004024978                cm_set_context_by_index
 .text.cm_init_context_common
                0x00000000040249c8      0x11c ./build/a3700_z/debug/bl31/context_mgmt.o
 .text.cm_init  0x0000000004024ae4        0x4 ./build/a3700_z/debug/bl31/context_mgmt.o
                0x0000000004024ae4                cm_init
 .text.cm_init_context_by_index
                0x0000000004024ae8       0x2c ./build/a3700_z/debug/bl31/context_mgmt.o
                0x0000000004024ae8                cm_init_context_by_index
 .text.cm_init_my_context
                0x0000000004024b14       0x2c ./build/a3700_z/debug/bl31/context_mgmt.o
                0x0000000004024b14                cm_init_my_context
 .text.cm_prepare_el3_exit
                0x0000000004024b40      0x108 ./build/a3700_z/debug/bl31/context_mgmt.o
                0x0000000004024b40                cm_prepare_el3_exit
 .text.std_svc_setup
                0x0000000004024c48        0x4 ./build/a3700_z/debug/bl31/std_svc_setup.o
 .text.std_svc_smc_handler
                0x0000000004024c4c       0x8c ./build/a3700_z/debug/bl31/std_svc_setup.o
                0x0000000004024c4c                std_svc_smc_handler
 .text.psci_do_cpu_off
                0x0000000004024cd8      0x110 ./build/a3700_z/debug/bl31/psci_off.o
                0x0000000004024cd8                psci_do_cpu_off
 .text.psci_set_aff_info_state_by_idx
                0x0000000004024de8       0x38 ./build/a3700_z/debug/bl31/psci_on.o
 .text.psci_cpu_on_start
                0x0000000004024e20      0x160 ./build/a3700_z/debug/bl31/psci_on.o
                0x0000000004024e20                psci_cpu_on_start
 .text.psci_cpu_on_finish
                0x0000000004024f80       0xd0 ./build/a3700_z/debug/bl31/psci_on.o
                0x0000000004024f80                psci_cpu_on_finish
 .text.psci_cpu_suspend_start
                0x0000000004025050      0x16c ./build/a3700_z/debug/bl31/psci_suspend.o
                0x0000000004025050                psci_cpu_suspend_start
 .text.psci_cpu_suspend_finish
                0x00000000040251bc       0xc8 ./build/a3700_z/debug/bl31/psci_suspend.o
                0x00000000040251bc                psci_cpu_suspend_finish
 .text.unlikely.psci_set_req_local_pwr_state.part.0
                0x0000000004025284       0x28 ./build/a3700_z/debug/bl31/psci_common.o
 .text.psci_validate_power_state
                0x00000000040252ac       0x50 ./build/a3700_z/debug/bl31/psci_common.o
                0x00000000040252ac                psci_validate_power_state
 .text.psci_query_sys_suspend_pwrstate
                0x00000000040252fc       0x3c ./build/a3700_z/debug/bl31/psci_common.o
                0x00000000040252fc                psci_query_sys_suspend_pwrstate
 .text.psci_is_last_on_cpu
                0x0000000004025338       0x84 ./build/a3700_z/debug/bl31/psci_common.o
                0x0000000004025338                psci_is_last_on_cpu
 .text.psci_init_req_local_pwr_states
                0x00000000040253bc       0x14 ./build/a3700_z/debug/bl31/psci_common.o
                0x00000000040253bc                psci_init_req_local_pwr_states
 .text.psci_get_parent_pwr_domain_nodes
                0x00000000040253d0       0x48 ./build/a3700_z/debug/bl31/psci_common.o
                0x00000000040253d0                psci_get_parent_pwr_domain_nodes
 .text.psci_set_pwr_domains_to_run
                0x0000000004025418       0xac ./build/a3700_z/debug/bl31/psci_common.o
                0x0000000004025418                psci_set_pwr_domains_to_run
 .text.psci_do_state_coordination
                0x00000000040254c4      0x130 ./build/a3700_z/debug/bl31/psci_common.o
                0x00000000040254c4                psci_do_state_coordination
 .text.psci_find_max_off_lvl
                0x00000000040255f4       0x2c ./build/a3700_z/debug/bl31/psci_common.o
                0x00000000040255f4                psci_find_max_off_lvl
 .text.psci_find_target_suspend_lvl
                0x0000000004025620       0x24 ./build/a3700_z/debug/bl31/psci_common.o
                0x0000000004025620                psci_find_target_suspend_lvl
 .text.psci_validate_suspend_req
                0x0000000004025644       0xa4 ./build/a3700_z/debug/bl31/psci_common.o
                0x0000000004025644                psci_validate_suspend_req
 .text.psci_acquire_pwr_domain_locks
                0x00000000040256e8       0x7c ./build/a3700_z/debug/bl31/psci_common.o
                0x00000000040256e8                psci_acquire_pwr_domain_locks
 .text.psci_release_pwr_domain_locks
                0x0000000004025764       0x74 ./build/a3700_z/debug/bl31/psci_common.o
                0x0000000004025764                psci_release_pwr_domain_locks
 .text.psci_validate_mpidr
                0x00000000040257d8       0x20 ./build/a3700_z/debug/bl31/psci_common.o
                0x00000000040257d8                psci_validate_mpidr
 .text.psci_validate_entry_point
                0x00000000040257f8      0x104 ./build/a3700_z/debug/bl31/psci_common.o
                0x00000000040257f8                psci_validate_entry_point
 .text.psci_power_up_finish
                0x00000000040258fc      0x11c ./build/a3700_z/debug/bl31/psci_common.o
                0x00000000040258fc                psci_power_up_finish
 .text.psci_spd_migrate_info
                0x0000000004025a18       0x5c ./build/a3700_z/debug/bl31/psci_common.o
                0x0000000004025a18                psci_spd_migrate_info
 .text.psci_print_power_domain_map
                0x0000000004025a74        0x4 ./build/a3700_z/debug/bl31/psci_common.o
                0x0000000004025a74                psci_print_power_domain_map
 .text.psci_cpu_on
                0x0000000004025a78       0x60 ./build/a3700_z/debug/bl31/psci_main.o
                0x0000000004025a78                psci_cpu_on
 .text.psci_cpu_suspend
                0x0000000004025ad8      0x11c ./build/a3700_z/debug/bl31/psci_main.o
                0x0000000004025ad8                psci_cpu_suspend
 .text.psci_system_suspend
                0x0000000004025bf4       0xdc ./build/a3700_z/debug/bl31/psci_main.o
                0x0000000004025bf4                psci_system_suspend
 .text.psci_cpu_off
                0x0000000004025cd0       0x40 ./build/a3700_z/debug/bl31/psci_main.o
                0x0000000004025cd0                psci_cpu_off
 .text.psci_affinity_info
                0x0000000004025d10       0x38 ./build/a3700_z/debug/bl31/psci_main.o
                0x0000000004025d10                psci_affinity_info
 .text.psci_migrate
                0x0000000004025d48       0xc0 ./build/a3700_z/debug/bl31/psci_main.o
                0x0000000004025d48                psci_migrate
 .text.psci_migrate_info_type
                0x0000000004025e08       0x18 ./build/a3700_z/debug/bl31/psci_main.o
                0x0000000004025e08                psci_migrate_info_type
 .text.psci_migrate_info_up_cpu
                0x0000000004025e20       0x28 ./build/a3700_z/debug/bl31/psci_main.o
                0x0000000004025e20                psci_migrate_info_up_cpu
 .text.psci_features
                0x0000000004025e48       0x50 ./build/a3700_z/debug/bl31/psci_main.o
                0x0000000004025e48                psci_features
 .text.psci_smc_handler
                0x0000000004025e98      0x140 ./build/a3700_z/debug/bl31/psci_main.o
                0x0000000004025e98                psci_smc_handler
 .text.psci_setup
                0x0000000004025fd8      0x2e8 ./build/a3700_z/debug/bl31/psci_setup.o
                0x0000000004025fd8                psci_setup
 .text.psci_system_off
                0x00000000040262c0       0x68 ./build/a3700_z/debug/bl31/psci_system_off.o
                0x00000000040262c0                psci_system_off
 .text.psci_system_reset
                0x0000000004026328       0x68 ./build/a3700_z/debug/bl31/psci_system_off.o
                0x0000000004026328                psci_system_reset
 .text.bakery_lock_get
                0x0000000004026390      0x194 ./build/a3700_z/debug/bl31/bakery_lock_normal.o
                0x0000000004026390                bakery_lock_get
 .text.bakery_lock_release
                0x0000000004026524       0x84 ./build/a3700_z/debug/bl31/bakery_lock_normal.o
                0x0000000004026524                bakery_lock_release
 .text.print_entry_point_info
                0x00000000040265a8        0x4 ./build/a3700_z/debug/bl31/bl_common.o
                0x00000000040265a8                print_entry_point_info
 .text.unsigned_num_print
                0x00000000040265ac       0x74 ./build/a3700_z/debug/bl31/tf_printf.o
 .text.tf_printf
                0x0000000004026620      0x284 ./build/a3700_z/debug/bl31/tf_printf.o
                0x0000000004026620                tf_printf
 .text.__assert
                0x00000000040268a4       0x1c ./build/a3700_z/debug/bl31/std.o
                0x00000000040268a4                __assert
 .text.memset   0x00000000040268c0       0x1c ./build/a3700_z/debug/bl31/std.o
                0x00000000040268c0                memset
 .text.memcpy   0x00000000040268dc       0x20 ./build/a3700_z/debug/bl31/std.o
                0x00000000040268dc                memcpy
 .text.putchar  0x00000000040268fc       0x2c ./build/a3700_z/debug/bl31/std.o
                0x00000000040268fc                putchar
 .text.enable_mmu_el3
                0x0000000004026928       0xb8 ./build/a3700_z/debug/bl31/xlat_tables.o
                0x0000000004026928                enable_mmu_el3
 .text.bl31_plat_enable_mmu
                0x00000000040269e0        0x4 ./build/a3700_z/debug/bl31/plat_common.o
                0x00000000040269e0                bl31_plat_enable_mmu
 .text.cortex_a53_disable_dcache
                0x00000000040269e4       0x14 ./build/a3700_z/debug/bl31/cortex_a53.o
 .text.cortex_a53_disable_smp
                0x00000000040269f8       0x18 ./build/a3700_z/debug/bl31/cortex_a53.o
 .text.cortex_a53_reset_func
                0x0000000004026a10       0x2c ./build/a3700_z/debug/bl31/cortex_a53.o
 .text.cortex_a53_core_pwr_dwn
                0x0000000004026a3c       0x18 ./build/a3700_z/debug/bl31/cortex_a53.o
 .text.cortex_a53_cluster_pwr_dwn
                0x0000000004026a54       0x24 ./build/a3700_z/debug/bl31/cortex_a53.o
 .text.cortex_a53_cpu_reg_dump
                0x0000000004026a78        0xc ./build/a3700_z/debug/bl31/cortex_a53.o
 *fill*         0x0000000004026a84        0x4 
 .text.plat_get_my_stack
                0x0000000004026a88       0x20 ./build/a3700_z/debug/bl31/platform_mp_stack.o
                0x0000000004026a88                plat_get_my_stack
 .text.plat_set_my_stack
                0x0000000004026aa8       0x10 ./build/a3700_z/debug/bl31/platform_mp_stack.o
                0x0000000004026aa8                plat_set_my_stack
 .text.init_cpu_data_ptr
                0x0000000004026ab8       0x14 ./build/a3700_z/debug/bl31/cpu_data.o
                0x0000000004026ab8                init_cpu_data_ptr
 .text._cpu_data_by_index
                0x0000000004026acc        0xc ./build/a3700_z/debug/bl31/cpu_data.o
                0x0000000004026acc                _cpu_data_by_index
 .text.smc_handler
                0x0000000004026ad8       0xb8 ./build/a3700_z/debug/bl31/runtime_exceptions.o
 .text.print_newline
                0x0000000004026b90        0x8 ./build/a3700_z/debug/bl31/crash_reporting.o
 .text.size_controlled_print
                0x0000000004026b98       0x4c ./build/a3700_z/debug/bl31/crash_reporting.o
 .text.str_in_crash_buf_print
                0x0000000004026be4       0x18 ./build/a3700_z/debug/bl31/crash_reporting.o
 .text.report_unhandled_exception
                0x0000000004026bfc       0x28 ./build/a3700_z/debug/bl31/crash_reporting.o
                0x0000000004026bfc                report_unhandled_exception
 .text.report_unhandled_interrupt
                0x0000000004026c24       0x28 ./build/a3700_z/debug/bl31/crash_reporting.o
                0x0000000004026c24                report_unhandled_interrupt
 .text.el3_panic
                0x0000000004026c4c       0x2c ./build/a3700_z/debug/bl31/crash_reporting.o
                0x0000000004026c4c                el3_panic
 .text.do_crash_reporting
                0x0000000004026c78      0x158 ./build/a3700_z/debug/bl31/crash_reporting.o
 .text.crash_panic
                0x0000000004026dd0        0x4 ./build/a3700_z/debug/bl31/crash_reporting.o
 .text.el1_sysregs_context_restore
                0x0000000004026dd4       0xb4 ./build/a3700_z/debug/bl31/context.o
                0x0000000004026dd4                el1_sysregs_context_restore
 .text.save_gp_registers
                0x0000000004026e88       0x48 ./build/a3700_z/debug/bl31/context.o
                0x0000000004026e88                save_gp_registers
 .text.restore_gp_registers_eret
                0x0000000004026ed0        0xc ./build/a3700_z/debug/bl31/context.o
                0x0000000004026ed0                restore_gp_registers_eret
 .text.restore_gp_registers_callee_eret
                0x0000000004026edc       0x40 ./build/a3700_z/debug/bl31/context.o
                0x0000000004026edc                restore_gp_registers_callee_eret
 .text.el3_exit
                0x0000000004026f1c       0x24 ./build/a3700_z/debug/bl31/context.o
                0x0000000004026f1c                el3_exit
 .text.reset_handler
                0x0000000004026f40       0x34 ./build/a3700_z/debug/bl31/cpu_helpers.o
                0x0000000004026f40                reset_handler
 .text.prepare_core_pwr_dwn
                0x0000000004026f74       0x24 ./build/a3700_z/debug/bl31/cpu_helpers.o
                0x0000000004026f74                prepare_core_pwr_dwn
 .text.prepare_cluster_pwr_dwn
                0x0000000004026f98       0x24 ./build/a3700_z/debug/bl31/cpu_helpers.o
                0x0000000004026f98                prepare_cluster_pwr_dwn
 .text.init_cpu_ops
                0x0000000004026fbc       0x34 ./build/a3700_z/debug/bl31/cpu_helpers.o
                0x0000000004026fbc                init_cpu_ops
 .text.do_cpu_reg_dump
                0x0000000004026ff0       0x20 ./build/a3700_z/debug/bl31/cpu_helpers.o
                0x0000000004026ff0                do_cpu_reg_dump
 .text.get_cpu_ops_ptr
                0x0000000004027010       0x3c ./build/a3700_z/debug/bl31/cpu_helpers.o
                0x0000000004027010                get_cpu_ops_ptr
 .text.spin_lock
                0x000000000402704c       0x20 ./build/a3700_z/debug/bl31/spinlock.o
                0x000000000402704c                spin_lock
 .text.spin_unlock
                0x000000000402706c        0x8 ./build/a3700_z/debug/bl31/spinlock.o
                0x000000000402706c                spin_unlock
 .text.psci_entrypoint
                0x0000000004027074       0x58 ./build/a3700_z/debug/bl31/psci_entry.o
                0x0000000004027074                psci_entrypoint
 .text.psci_power_down_wfi
                0x00000000040270cc        0xc ./build/a3700_z/debug/bl31/psci_entry.o
                0x00000000040270cc                psci_power_down_wfi
 .text.psci_do_pwrdown_cache_maintenance
                0x00000000040270d8       0x4c ./build/a3700_z/debug/bl31/psci_helpers.o
                0x00000000040270d8                psci_do_pwrdown_cache_maintenance
 .text.psci_do_pwrup_cache_maintenance
                0x0000000004027124       0x34 ./build/a3700_z/debug/bl31/psci_helpers.o
                0x0000000004027124                psci_do_pwrup_cache_maintenance
 .text.asm_assert
                0x0000000004027158       0x58 ./build/a3700_z/debug/bl31/debug.o
                0x0000000004027158                asm_assert
 .text.asm_print_str
                0x00000000040271b0       0x18 ./build/a3700_z/debug/bl31/debug.o
                0x00000000040271b0                asm_print_str
 .text.asm_print_hex
                0x00000000040271c8       0x30 ./build/a3700_z/debug/bl31/debug.o
                0x00000000040271c8                asm_print_hex
 .text.do_panic
                0x00000000040271f8       0x3c ./build/a3700_z/debug/bl31/debug.o
                0x00000000040271f8                do_panic
 .text.flush_dcache_range
                0x0000000004027234       0x34 ./build/a3700_z/debug/bl31/cache_helpers.o
                0x0000000004027234                flush_dcache_range
 .text.clean_dcache_range
                0x0000000004027268       0x34 ./build/a3700_z/debug/bl31/cache_helpers.o
                0x0000000004027268                clean_dcache_range
 .text.inv_dcache_range
                0x000000000402729c       0x34 ./build/a3700_z/debug/bl31/cache_helpers.o
                0x000000000402729c                inv_dcache_range
 .text.do_dcsw_op
                0x00000000040272d0       0xdc ./build/a3700_z/debug/bl31/cache_helpers.o
 .text.dcsw_op_level1
                0x00000000040273ac       0x10 ./build/a3700_z/debug/bl31/cache_helpers.o
                0x00000000040273ac                dcsw_op_level1
 .text.dcsw_op_level2
                0x00000000040273bc       0x10 ./build/a3700_z/debug/bl31/cache_helpers.o
                0x00000000040273bc                dcsw_op_level2
 .text.zeromem16
                0x00000000040273cc       0x40 ./build/a3700_z/debug/bl31/misc_helpers.o
                0x00000000040273cc                zeromem16
 .text.plat_reset_handler
                0x000000000402740c        0x4 ./build/a3700_z/debug/bl31/platform_helpers.o
                0x000000000402740c                plat_reset_handler
 .text.plat_disable_acp
                0x0000000004027410        0x4 ./build/a3700_z/debug/bl31/platform_helpers.o
                0x0000000004027410                plat_disable_acp
 .text.console_init
                0x0000000004027414       0x14 ./build/a3700_z/debug/bl31/console.o
                0x0000000004027414                console_init
 .text.console_putc
                0x0000000004027428        0xc ./build/a3700_z/debug/bl31/console.o
                0x0000000004027428                console_putc
 .text.console_core_init
                0x0000000004027434       0x64 ./build/a3700_z/debug/bl31/a3700_console.o
                0x0000000004027434                console_core_init
 .text.console_core_putc
                0x0000000004027498       0x44 ./build/a3700_z/debug/bl31/a3700_console.o
                0x0000000004027498                console_core_putc
 .text.plat_my_core_pos
                0x00000000040274dc        0x8 ./build/a3700_z/debug/bl31/marvell_helpers.o
                0x00000000040274dc                plat_my_core_pos
 .text.plat_arm_calc_core_pos
                0x00000000040274e4       0x10 ./build/a3700_z/debug/bl31/marvell_helpers.o
                0x00000000040274e4                plat_arm_calc_core_pos
 .text.plat_crash_console_init
                0x00000000040274f4       0x1c ./build/a3700_z/debug/bl31/marvell_helpers.o
                0x00000000040274f4                plat_crash_console_init
 .text.plat_crash_console_putc
                0x0000000004027510        0xc ./build/a3700_z/debug/bl31/marvell_helpers.o
                0x0000000004027510                plat_crash_console_putc
 *(.rodata*)
 *fill*         0x000000000402751c        0x4 
 .rodata.version_string
                0x0000000004027520       0x1a ./build/a3700_z/debug/bl31/build_message.o
                0x0000000004027520                version_string
 *fill*         0x000000000402753a        0x6 
 .rodata.build_message
                0x0000000004027540       0x1e ./build/a3700_z/debug/bl31/build_message.o
                0x0000000004027540                build_message
 *fill*         0x000000000402755e        0x2 
 .rodata.plat_arm_psci_pm_ops
                0x0000000004027560       0x58 ./build/a3700_z/debug/bl31/plat_pm.o
                0x0000000004027560                plat_arm_psci_pm_ops
 .rodata.str1.1
                0x00000000040275b8      0x195 ./build/a3700_z/debug/bl31/plat_pm.o
 *fill*         0x000000000402774d        0x3 
 .rodata.arm_power_domain_tree_desc
                0x0000000004027750        0x3 ./build/a3700_z/debug/bl31/plat_topology.o
                0x0000000004027750                arm_power_domain_tree_desc
 *fill*         0x0000000004027753        0x5 
 .rodata.g0_interrupt_array
                0x0000000004027758       0x1c ./build/a3700_z/debug/bl31/marvell_gicv3.o
                0x0000000004027758                g0_interrupt_array
 *fill*         0x0000000004027774        0x4 
 .rodata.g1s_interrupt_array
                0x0000000004027778        0x8 ./build/a3700_z/debug/bl31/marvell_gicv3.o
                0x0000000004027778                g1s_interrupt_array
 .rodata.marvell_gic_data
                0x0000000004027780       0x40 ./build/a3700_z/debug/bl31/marvell_gicv3.o
                0x0000000004027780                marvell_gic_data
 .rodata.plat_timer_ops
                0x00000000040277c0       0x10 ./build/a3700_z/debug/bl31/plat_delay_timer.o
 .rodata.str1.1
                0x00000000040277d0       0xe0 ./build/a3700_z/debug/bl31/delay_timer.o
 .rodata.__func__.1257
                0x00000000040278b0        0x7 ./build/a3700_z/debug/bl31/delay_timer.o
 *fill*         0x00000000040278b7        0x1 
 .rodata.__func__.1270
                0x00000000040278b8        0xb ./build/a3700_z/debug/bl31/delay_timer.o
 *fill*         0x00000000040278c3        0x5 
 .rodata.__func__.2165
                0x00000000040278c8       0x21 ./build/a3700_z/debug/bl31/gicv3_main.o
 *fill*         0x00000000040278e9        0x7 
 .rodata.__func__.2144
                0x00000000040278f0       0x13 ./build/a3700_z/debug/bl31/gicv3_main.o
 .rodata.str1.1
                0x0000000004027903      0x2ff ./build/a3700_z/debug/bl31/gicv3_main.o
                                        0x363 (size before relaxing)
 *fill*         0x0000000004027c02        0x6 
 .rodata.__func__.2135
                0x0000000004027c08       0x12 ./build/a3700_z/debug/bl31/gicv3_main.o
 *fill*         0x0000000004027c1a        0x6 
 .rodata.__func__.2139
                0x0000000004027c20       0x12 ./build/a3700_z/debug/bl31/gicv3_main.o
 *fill*         0x0000000004027c32        0x6 
 .rodata.__func__.2151
                0x0000000004027c38       0x13 ./build/a3700_z/debug/bl31/gicv3_main.o
 *fill*         0x0000000004027c4b        0x5 
 .rodata.__func__.2213
                0x0000000004027c50       0x1e ./build/a3700_z/debug/bl31/gicv3_helpers.o
 *fill*         0x0000000004027c6e        0x2 
 .rodata.__func__.2280
                0x0000000004027c70       0x1f ./build/a3700_z/debug/bl31/gicv3_helpers.o
 *fill*         0x0000000004027c8f        0x1 
 .rodata.__func__.2233
                0x0000000004027c90       0x1f ./build/a3700_z/debug/bl31/gicv3_helpers.o
 .rodata.str1.1
                0x0000000004027caf       0xc2 ./build/a3700_z/debug/bl31/gicv3_helpers.o
                                         0xd5 (size before relaxing)
 *fill*         0x0000000004027d71        0x7 
 .rodata.__func__.2259
                0x0000000004027d78       0x1c ./build/a3700_z/debug/bl31/gicv3_helpers.o
 *fill*         0x0000000004027d94        0x4 
 .rodata.CSWTCH.6
                0x0000000004027d98        0x4 ./build/a3700_z/debug/bl31/plat_gicv3.o
 .rodata.str1.1
                0x0000000004027d9c       0x85 ./build/a3700_z/debug/bl31/plat_gicv3.o
                                         0x91 (size before relaxing)
 *fill*         0x0000000004027e21        0x7 
 .rodata.__func__.2428
                0x0000000004027e28       0x23 ./build/a3700_z/debug/bl31/plat_gicv3.o
 .rodata.str1.1
                0x0000000004027e4b       0xdd ./build/a3700_z/debug/bl31/marvell_bl31_setup.o
 .rodata.__func__.2322
                0x0000000004027f28       0x22 ./build/a3700_z/debug/bl31/marvell_bl31_setup.o
 *fill*         0x0000000004027f4a        0x6 
 .rodata.__func__.2317
                0x0000000004027f50       0x21 ./build/a3700_z/debug/bl31/marvell_bl31_setup.o
 *fill*         0x0000000004027f71        0x7 
 .rodata.__func__.1552
                0x0000000004027f78       0x1a ./build/a3700_z/debug/bl31/plat_psci_common.o
 .rodata.str1.1
                0x0000000004027f92       0x2c ./build/a3700_z/debug/bl31/plat_psci_common.o
 *fill*         0x0000000004027fbe        0x2 
 .rodata.__func__.2394
                0x0000000004027fc0       0x1e ./build/a3700_z/debug/bl31/bl31_main.o
 .rodata.str1.1
                0x0000000004027fde       0x6e ./build/a3700_z/debug/bl31/bl31_main.o
                                         0x91 (size before relaxing)
 .rodata.str1.1
                0x000000000402804c       0x68 ./build/a3700_z/debug/bl31/runtime_svc.o
 .rodata.str1.1
                0x00000000040280b4       0x34 ./build/a3700_z/debug/bl31/interrupt_mgmt.o
                                         0x57 (size before relaxing)
 .rodata.__func__.1643
                0x00000000040280e8       0x1f ./build/a3700_z/debug/bl31/interrupt_mgmt.o
 *fill*         0x0000000004028107        0x1 
 .rodata.__func__.2327
                0x0000000004028108        0xf ./build/a3700_z/debug/bl31/bl31_context_mgmt.o
 *fill*         0x0000000004028117        0x1 
 .rodata.__func__.2337
                0x0000000004028118       0x18 ./build/a3700_z/debug/bl31/bl31_context_mgmt.o
 .rodata.__func__.2343
                0x0000000004028130       0x18 ./build/a3700_z/debug/bl31/bl31_context_mgmt.o
 .rodata.str1.1
                0x0000000004028148       0x36 ./build/a3700_z/debug/bl31/bl31_context_mgmt.o
                                         0x59 (size before relaxing)
 .rodata.str1.1
                0x000000000402817e       0x7e ./build/a3700_z/debug/bl31/context_mgmt.o
 *fill*         0x00000000040281fc        0x4 
 .rodata.__func__.2362
                0x0000000004028200       0x17 ./build/a3700_z/debug/bl31/context_mgmt.o
 *fill*         0x0000000004028217        0x1 
 .rodata.__func__.1988
                0x0000000004028218       0x14 ./build/a3700_z/debug/bl31/context_mgmt.o
 *fill*         0x000000000402822c        0x4 
 .rodata.__func__.2379
                0x0000000004028230       0x14 ./build/a3700_z/debug/bl31/context_mgmt.o
 .rodata.str1.1
                0x0000000004028244        0x8 ./build/a3700_z/debug/bl31/std_svc_setup.o
 *fill*         0x000000000402824c        0x4 
 .rodata.arm_svc_uid
                0x0000000004028250       0x10 ./build/a3700_z/debug/bl31/std_svc_setup.o
 .rodata.str1.1
                0x0000000004028260       0x42 ./build/a3700_z/debug/bl31/psci_off.o
 *fill*         0x00000000040282a2        0x6 
 .rodata.__func__.2379
                0x00000000040282a8       0x10 ./build/a3700_z/debug/bl31/psci_off.o
 .rodata.__func__.2453
                0x00000000040282b8       0x16 ./build/a3700_z/debug/bl31/psci_on.o
 .rodata.str1.1
                0x00000000040282ce       0xe8 ./build/a3700_z/debug/bl31/psci_on.o
 *fill*         0x00000000040283b6        0x2 
 .rodata.__func__.2465
                0x00000000040283b8       0x12 ./build/a3700_z/debug/bl31/psci_on.o
 *fill*         0x00000000040283ca        0x6 
 .rodata.__func__.2471
                0x00000000040283d0       0x13 ./build/a3700_z/debug/bl31/psci_on.o
 *fill*         0x00000000040283e3        0x5 
 .rodata.__func__.2464
                0x00000000040283e8       0x18 ./build/a3700_z/debug/bl31/psci_suspend.o
 .rodata.__func__.2456
                0x0000000004028400       0x17 ./build/a3700_z/debug/bl31/psci_suspend.o
 .rodata.str1.1
                0x0000000004028417      0x10e ./build/a3700_z/debug/bl31/psci_suspend.o
 *fill*         0x0000000004028525        0x3 
 .rodata.__func__.2461
                0x0000000004028528       0x1a ./build/a3700_z/debug/bl31/psci_common.o
 .rodata.str1.1
                0x0000000004028542      0x162 ./build/a3700_z/debug/bl31/psci_common.o
 *fill*         0x00000000040286a4        0x4 
 .rodata.__func__.2465
                0x00000000040286a8       0x20 ./build/a3700_z/debug/bl31/psci_common.o
 .rodata.__func__.2471
                0x00000000040286c8       0x14 ./build/a3700_z/debug/bl31/psci_common.o
 *fill*         0x00000000040286dc        0x4 
 .rodata.__func__.2635
                0x00000000040286e0       0x16 ./build/a3700_z/debug/bl31/psci_common.o
 *fill*         0x00000000040286f6        0x2 
 .rodata.__func__.2485
                0x00000000040286f8       0x1d ./build/a3700_z/debug/bl31/psci_common.o
 *fill*         0x0000000004028715        0x3 
 .rodata.psci_smc_handler
                0x0000000004028718       0x1e ./build/a3700_z/debug/bl31/psci_main.o
 *fill*         0x0000000004028736        0x2 
 .rodata.__func__.2437
                0x0000000004028738       0x11 ./build/a3700_z/debug/bl31/psci_main.o
 *fill*         0x0000000004028749        0x7 
 .rodata.__func__.2445
                0x0000000004028750       0x14 ./build/a3700_z/debug/bl31/psci_main.o
 *fill*         0x0000000004028764        0x4 
 .rodata.__func__.2451
                0x0000000004028768        0xd ./build/a3700_z/debug/bl31/psci_main.o
 *fill*         0x0000000004028775        0x3 
 .rodata.__func__.2462
                0x0000000004028778        0xd ./build/a3700_z/debug/bl31/psci_main.o
 .rodata.str1.1
                0x0000000004028785      0x198 ./build/a3700_z/debug/bl31/psci_main.o
                                        0x1c9 (size before relaxing)
 *fill*         0x000000000402891d        0x3 
 .rodata.__func__.2437
                0x0000000004028920       0x1b ./build/a3700_z/debug/bl31/psci_setup.o
 *fill*         0x000000000402893b        0x5 
 .rodata.__func__.2451
                0x0000000004028940        0xb ./build/a3700_z/debug/bl31/psci_setup.o
 .rodata.str1.1
                0x000000000402894b       0x7f ./build/a3700_z/debug/bl31/psci_setup.o
 *fill*         0x00000000040289ca        0x6 
 .rodata.__func__.2334
                0x00000000040289d0       0x10 ./build/a3700_z/debug/bl31/psci_system_off.o
 .rodata.__func__.2338
                0x00000000040289e0       0x12 ./build/a3700_z/debug/bl31/psci_system_off.o
 .rodata.str1.1
                0x00000000040289f2       0x64 ./build/a3700_z/debug/bl31/psci_system_off.o
 *fill*         0x0000000004028a56        0x2 
 .rodata.__func__.2279
                0x0000000004028a58       0x12 ./build/a3700_z/debug/bl31/bakery_lock_normal.o
 *fill*         0x0000000004028a6a        0x6 
 .rodata.__func__.2296
                0x0000000004028a70       0x10 ./build/a3700_z/debug/bl31/bakery_lock_normal.o
 .rodata.str1.1
                0x0000000004028a80       0x78 ./build/a3700_z/debug/bl31/bakery_lock_normal.o
                                         0xa8 (size before relaxing)
 .rodata.__func__.2309
                0x0000000004028af8       0x14 ./build/a3700_z/debug/bl31/bakery_lock_normal.o
 .rodata.str1.1
                0x0000000004028b0c       0x48 ./build/a3700_z/debug/bl31/std.o
 .rodata.str1.1
                0x0000000004028b54      0x13f ./build/a3700_z/debug/bl31/xlat_tables.o
 *fill*         0x0000000004028c93        0x5 
 .rodata.__func__.2030
                0x0000000004028c98        0xf ./build/a3700_z/debug/bl31/xlat_tables.o
 .rodata.cortex_a53_regs
                0x0000000004028ca7        0xe ./build/a3700_z/debug/bl31/cortex_a53.o
 .rodata.crash_prints
                0x0000000004028cb5      0x2a8 ./build/a3700_z/debug/bl31/crash_reporting.o
 .rodata.str1.1
                0x0000000004028f5d       0x1f ./build/a3700_z/debug/bl31/cpu_helpers.o
 .rodata.assert_str
                0x0000000004028f7c       0x15 ./build/a3700_z/debug/bl31/debug.o
 .rodata.panic_str
                0x0000000004028f91       0x11 ./build/a3700_z/debug/bl31/debug.o
 .rodata.str1.1
                0x0000000004028fa2       0x1b ./build/a3700_z/debug/bl31/misc_helpers.o
                0x0000000004028fc0                . = ALIGN (0x8)
 *fill*         0x0000000004028fbd        0x3 
                0x0000000004028fc0                __RT_SVC_DESCS_START__ = .
 *(rt_svc_descs)
 rt_svc_descs   0x0000000004028fc0       0x20 ./build/a3700_z/debug/bl31/std_svc_setup.o
                0x0000000004028fe0                __RT_SVC_DESCS_END__ = .
                0x0000000004028fe0                . = ALIGN (0x8)
                0x0000000004028fe0                __CPU_OPS_START__ = .
 *(cpu_ops)
 cpu_ops        0x0000000004028fe0       0x28 ./build/a3700_z/debug/bl31/cortex_a53.o
                0x0000000004029008                __CPU_OPS_END__ = .
 *(.vectors)
 *fill*         0x0000000004029008      0x7f8 
 .vectors       0x0000000004029800      0x800 ./build/a3700_z/debug/bl31/runtime_exceptions.o
                0x0000000004029800                runtime_exceptions
                0x000000000402a000                __RO_END_UNALIGNED__ = .
                0x000000000402a000                . = NEXT (0x1000)
                0x000000000402a000                __RO_END__ = .
                0x0000000000000001                ASSERT ((__CPU_OPS_END__ > __CPU_OPS_START__), cpu_ops not defined for this platform.)
                0x000000000402a000                __RW_START__ = .

.iplt           0x000000000402a000        0x0
 .iplt          0x000000000402a000        0x0 ./build/a3700_z/debug/bl31/build_message.o

._secure.text   0x000000000402a000      0x2ac
 ._secure.text  0x000000000402a000      0x1b8 ./build/a3700_z/debug/bl31/plat_psci.o
                0x000000000402a000                _armada3700_cpu_entry
                0x000000000402a084                psci_save_cpu_entrypoint
                0x000000000402a090                enable_affinity
                0x000000000402a0a0                psci_arch_init
                0x000000000402a0e8                psci_0_2_system_reset
                0x000000000402a100                psci_0_2_cpu_on_64
 *fill*         0x000000000402a1b8        0x8 
 ._secure.text  0x000000000402a1c0       0xec ./build/a3700_z/debug/bl31/transition.o
                0x000000000402a1c0                armv8_switch_to_el2
                0x000000000402a220                armv8_switch_to_el1

.rela.dyn       0x000000000402a2b0        0x0
 .rela.iplt     0x000000000402a2b0        0x0 ./build/a3700_z/debug/bl31/build_message.o

.data           0x000000000402a2ac       0x1c
                0x000000000402a2ac                __DATA_START__ = .
 *(.data*)
 *fill*         0x000000000402a2ac        0x4 
 .data.sys_info_in_ptr
                0x000000000402a2b0        0x8 ./build/a3700_z/debug/bl31/sys_info.o
                0x000000000402a2b0                sys_info_in_ptr
 .data.sys_info_size
                0x000000000402a2b8        0x4 ./build/a3700_z/debug/bl31/sys_info.o
                0x000000000402a2b8                sys_info_size
 .data.next_image_type
                0x000000000402a2bc        0x4 ./build/a3700_z/debug/bl31/bl31_main.o
 .data.console_base
                0x000000000402a2c0        0x8 ./build/a3700_z/debug/bl31/console.o
                0x000000000402a2c8                __DATA_END__ = .
                0x0000000000000001                ASSERT ((. <= 0x403a000), BL31 progbits has exceeded its limit.)

.igot.plt       0x000000000402a2c8        0x0
 .igot.plt      0x000000000402a2c8        0x0 ./build/a3700_z/debug/bl31/build_message.o

stacks          0x000000000402a300      0x800
                0x000000000402a300                __STACKS_START__ = .
 *(tzfw_normal_stacks)
 tzfw_normal_stacks
                0x000000000402a300      0x800 ./build/a3700_z/debug/bl31/platform_mp_stack.o
                0x000000000402ab00                __STACKS_END__ = .

.bss            0x000000000402ab00      0x840
                0x000000000402ab00                __BSS_START__ = .
 *(.bss*)
 .bss.ops       0x000000000402ab00        0x8 ./build/a3700_z/debug/bl31/delay_timer.o
 .bss.base      0x000000000402ab08        0x8 ./build/a3700_z/debug/bl31/a3700_i2c.o
 .bss.driver_data
                0x000000000402ab10        0x8 ./build/a3700_z/debug/bl31/gicv3_main.o
 .bss.bl32_image_ep_info
                0x000000000402ab18       0x58 ./build/a3700_z/debug/bl31/marvell_bl31_setup.o
 .bss.bl33_image_ep_info
                0x000000000402ab70       0x58 ./build/a3700_z/debug/bl31/marvell_bl31_setup.o
 .bss.bl32_init
                0x000000000402abc8        0x8 ./build/a3700_z/debug/bl31/bl31_main.o
 .bss.rt_svc_descs
                0x000000000402abd0        0x8 ./build/a3700_z/debug/bl31/runtime_svc.o
 .bss.intr_type_descs
                0x000000000402abd8       0x48 ./build/a3700_z/debug/bl31/interrupt_mgmt.o
 .bss.psci_req_local_pwr_states
                0x000000000402ac20        0x2 ./build/a3700_z/debug/bl31/psci_common.o
 *fill*         0x000000000402ac22        0xe 
 .bss.psci_ns_context
                0x000000000402ac30      0x420 ./build/a3700_z/debug/bl31/psci_setup.o
 .bss.tcr_ps_bits
                0x000000000402b050        0x8 ./build/a3700_z/debug/bl31/xlat_tables.o
 *fill*         0x000000000402b058        0x8 
 .bss.l1_xlation_table
                0x000000000402b060       0x20 ./build/a3700_z/debug/bl31/xlat_tables.o
 *(COMMON)
 COMMON         0x000000000402b080       0x10 ./build/a3700_z/debug/bl31/marvell_gicv3.o
                0x000000000402b080                rdistif_base_addrs
 *fill*         0x000000000402b090       0x30 
 COMMON         0x000000000402b0c0      0x100 ./build/a3700_z/debug/bl31/cpu_data_array.o
                0x000000000402b0c0                percpu_data
 COMMON         0x000000000402b1c0       0x80 ./build/a3700_z/debug/bl31/runtime_svc.o
                0x000000000402b1c0                rt_svc_descs_indices
 COMMON         0x000000000402b240       0x50 ./build/a3700_z/debug/bl31/psci_common.o
                0x000000000402b240                psci_cpu_pd_nodes
                0x000000000402b260                psci_non_cpu_pd_nodes
                0x000000000402b280                psci_plat_pm_ops
                0x000000000402b288                psci_spd_pm
 COMMON         0x000000000402b290        0x4 ./build/a3700_z/debug/bl31/psci_setup.o
                0x000000000402b290                psci_caps
                0x000000000402b2c0                . = ALIGN (0x40)
 *fill*         0x000000000402b294       0x2c 
                0x000000000402b2c0                __BAKERY_LOCK_START__ = .
 *(bakery_lock)
 bakery_lock    0x000000000402b2c0        0x4 ./build/a3700_z/debug/bl31/psci_common.o
                0x000000000402b2c0                psci_locks
                0x000000000402b300                . = ALIGN (0x40)
 *fill*         0x000000000402b2c4       0x3c 
                0x0000000000000040                __PERCPU_BAKERY_LOCK_SIZE__ = ABSOLUTE ((. - __BAKERY_LOCK_START__))
                0x000000000402b340                . = (. + (__PERCPU_BAKERY_LOCK_SIZE__ * 0x1))
 *fill*         0x000000000402b300       0x40 
                0x000000000402b340                __BAKERY_LOCK_END__ = .
                0x000000000402b340                __BSS_END__ = .

xlat_table
 *(xlat_table)
                0x000000000402b340                __RW_END__ = .
                0x000000000402b340                __BL31_END__ = .
                0x0000000000000840                __BSS_SIZE__ = SIZEOF (.bss)
                0x0000000000000001                ASSERT ((. <= 0x4040000), BL31 image has exceeded its limit.)
LOAD ./build/a3700_z/debug/bl31/build_message.o
LOAD ./build/a3700_z/debug/bl31/plat_pm.o
LOAD ./build/a3700_z/debug/bl31/plat_topology.o
LOAD ./build/a3700_z/debug/bl31/plat_bl31_setup.o
LOAD ./build/a3700_z/debug/bl31/sys_info.o
LOAD ./build/a3700_z/debug/bl31/marvell_gicv3.o
LOAD ./build/a3700_z/debug/bl31/plat_delay_timer.o
LOAD ./build/a3700_z/debug/bl31/delay_timer.o
LOAD ./build/a3700_z/debug/bl31/a3700_i2c.o
LOAD ./build/a3700_z/debug/bl31/gic_common.o
LOAD ./build/a3700_z/debug/bl31/gicv3_main.o
LOAD ./build/a3700_z/debug/bl31/gicv3_helpers.o
LOAD ./build/a3700_z/debug/bl31/plat_gicv3.o
LOAD ./build/a3700_z/debug/bl31/marvell_bl31_setup.o
LOAD ./build/a3700_z/debug/bl31/marvell_pm.o
LOAD ./build/a3700_z/debug/bl31/marvell_topology.o
LOAD ./build/a3700_z/debug/bl31/plat_psci_common.o
LOAD ./build/a3700_z/debug/bl31/bl31_main.o
LOAD ./build/a3700_z/debug/bl31/cpu_data_array.o
LOAD ./build/a3700_z/debug/bl31/runtime_svc.o
LOAD ./build/a3700_z/debug/bl31/interrupt_mgmt.o
LOAD ./build/a3700_z/debug/bl31/bl31_arch_setup.o
LOAD ./build/a3700_z/debug/bl31/bl31_context_mgmt.o
LOAD ./build/a3700_z/debug/bl31/context_mgmt.o
LOAD ./build/a3700_z/debug/bl31/std_svc_setup.o
LOAD ./build/a3700_z/debug/bl31/psci_off.o
LOAD ./build/a3700_z/debug/bl31/psci_on.o
LOAD ./build/a3700_z/debug/bl31/psci_suspend.o
LOAD ./build/a3700_z/debug/bl31/psci_common.o
LOAD ./build/a3700_z/debug/bl31/psci_main.o
LOAD ./build/a3700_z/debug/bl31/psci_setup.o
LOAD ./build/a3700_z/debug/bl31/psci_system_off.o
LOAD ./build/a3700_z/debug/bl31/bakery_lock_normal.o
LOAD ./build/a3700_z/debug/bl31/bl_common.o
LOAD ./build/a3700_z/debug/bl31/tf_printf.o
LOAD ./build/a3700_z/debug/bl31/xlat_helpers.o
LOAD ./build/a3700_z/debug/bl31/std.o
LOAD ./build/a3700_z/debug/bl31/a3700_z_common.o
LOAD ./build/a3700_z/debug/bl31/xlat_tables.o
LOAD ./build/a3700_z/debug/bl31/marvell_common.o
LOAD ./build/a3700_z/debug/bl31/plat_common.o
LOAD ./build/a3700_z/debug/bl31/cortex_a53.o
LOAD ./build/a3700_z/debug/bl31/plat_helpers.o
LOAD ./build/a3700_z/debug/bl31/plat_psci.o
LOAD ./build/a3700_z/debug/bl31/platform_mp_stack.o
LOAD ./build/a3700_z/debug/bl31/transition.o
LOAD ./build/a3700_z/debug/bl31/bl31_entrypoint.o
LOAD ./build/a3700_z/debug/bl31/cpu_data.o
LOAD ./build/a3700_z/debug/bl31/runtime_exceptions.o
LOAD ./build/a3700_z/debug/bl31/crash_reporting.o
LOAD ./build/a3700_z/debug/bl31/context.o
LOAD ./build/a3700_z/debug/bl31/cpu_helpers.o
LOAD ./build/a3700_z/debug/bl31/spinlock.o
LOAD ./build/a3700_z/debug/bl31/psci_entry.o
LOAD ./build/a3700_z/debug/bl31/psci_helpers.o
LOAD ./build/a3700_z/debug/bl31/debug.o
LOAD ./build/a3700_z/debug/bl31/cache_helpers.o
LOAD ./build/a3700_z/debug/bl31/misc_helpers.o
LOAD ./build/a3700_z/debug/bl31/platform_helpers.o
LOAD ./build/a3700_z/debug/bl31/console.o
LOAD ./build/a3700_z/debug/bl31/a3700_console.o
LOAD ./build/a3700_z/debug/bl31/marvell_helpers.o
OUTPUT(build/a3700_z/debug/bl31/bl31.elf elf64-littleaarch64)

.debug_info     0x0000000000000000    0x136f5
 .debug_info    0x0000000000000000       0x7c ./build/a3700_z/debug/bl31/build_message.o
 .debug_info    0x000000000000007c      0x5cf ./build/a3700_z/debug/bl31/plat_pm.o
 .debug_info    0x000000000000064b      0x109 ./build/a3700_z/debug/bl31/plat_topology.o
 .debug_info    0x0000000000000754      0x4da ./build/a3700_z/debug/bl31/plat_bl31_setup.o
 .debug_info    0x0000000000000c2e      0x186 ./build/a3700_z/debug/bl31/sys_info.o
 .debug_info    0x0000000000000db4      0x36c ./build/a3700_z/debug/bl31/marvell_gicv3.o
 .debug_info    0x0000000000001120      0x1bc ./build/a3700_z/debug/bl31/plat_delay_timer.o
 .debug_info    0x00000000000012dc      0x325 ./build/a3700_z/debug/bl31/delay_timer.o
 .debug_info    0x0000000000001601      0xde2 ./build/a3700_z/debug/bl31/a3700_i2c.o
 .debug_info    0x00000000000023e3      0xe76 ./build/a3700_z/debug/bl31/gic_common.o
 .debug_info    0x0000000000003259     0x1478 ./build/a3700_z/debug/bl31/gicv3_main.o
 .debug_info    0x00000000000046d1     0x15d1 ./build/a3700_z/debug/bl31/gicv3_helpers.o
 .debug_info    0x0000000000005ca2      0x663 ./build/a3700_z/debug/bl31/plat_gicv3.o
 .debug_info    0x0000000000006305      0x636 ./build/a3700_z/debug/bl31/marvell_bl31_setup.o
 .debug_info    0x000000000000693b      0x2a1 ./build/a3700_z/debug/bl31/marvell_pm.o
 .debug_info    0x0000000000006bdc      0x113 ./build/a3700_z/debug/bl31/marvell_topology.o
 .debug_info    0x0000000000006cef      0x183 ./build/a3700_z/debug/bl31/plat_psci_common.o
 .debug_info    0x0000000000006e72      0x5db ./build/a3700_z/debug/bl31/bl31_main.o
 .debug_info    0x000000000000744d      0x193 ./build/a3700_z/debug/bl31/cpu_data_array.o
 .debug_info    0x00000000000075e0      0x345 ./build/a3700_z/debug/bl31/runtime_svc.o
 .debug_info    0x0000000000007925      0x71d ./build/a3700_z/debug/bl31/interrupt_mgmt.o
 .debug_info    0x0000000000008042      0x156 ./build/a3700_z/debug/bl31/bl31_arch_setup.o
 .debug_info    0x0000000000008198      0x4f0 ./build/a3700_z/debug/bl31/bl31_context_mgmt.o
 .debug_info    0x0000000000008688      0xffe ./build/a3700_z/debug/bl31/context_mgmt.o
 .debug_info    0x0000000000009686      0x4e7 ./build/a3700_z/debug/bl31/std_svc_setup.o
 .debug_info    0x0000000000009b6d      0x7dd ./build/a3700_z/debug/bl31/psci_off.o
 .debug_info    0x000000000000a34a      0xada ./build/a3700_z/debug/bl31/psci_on.o
 .debug_info    0x000000000000ae24      0xc63 ./build/a3700_z/debug/bl31/psci_suspend.o
 .debug_info    0x000000000000ba87     0x1b3e ./build/a3700_z/debug/bl31/psci_common.o
 .debug_info    0x000000000000d5c5     0x110b ./build/a3700_z/debug/bl31/psci_main.o
 .debug_info    0x000000000000e6d0      0x8f0 ./build/a3700_z/debug/bl31/psci_setup.o
 .debug_info    0x000000000000efc0      0x4b6 ./build/a3700_z/debug/bl31/psci_system_off.o
 .debug_info    0x000000000000f476      0x665 ./build/a3700_z/debug/bl31/bakery_lock_normal.o
 .debug_info    0x000000000000fadb      0x9b3 ./build/a3700_z/debug/bl31/bl_common.o
 .debug_info    0x000000000001048e      0x2af ./build/a3700_z/debug/bl31/tf_printf.o
 .debug_info    0x000000000001073d     0x1486 ./build/a3700_z/debug/bl31/std.o
 .debug_info    0x0000000000011bc3      0xce1 ./build/a3700_z/debug/bl31/xlat_tables.o
 .debug_info    0x00000000000128a4      0x236 ./build/a3700_z/debug/bl31/plat_common.o
 .debug_info    0x0000000000012ada       0x96 ./build/a3700_z/debug/bl31/cortex_a53.o
 .debug_info    0x0000000000012b70       0xb3 ./build/a3700_z/debug/bl31/plat_psci.o
 .debug_info    0x0000000000012c23       0xa0 ./build/a3700_z/debug/bl31/platform_mp_stack.o
 .debug_info    0x0000000000012cc3       0xad ./build/a3700_z/debug/bl31/transition.o
 .debug_info    0x0000000000012d70       0xa3 ./build/a3700_z/debug/bl31/bl31_entrypoint.o
 .debug_info    0x0000000000012e13       0x90 ./build/a3700_z/debug/bl31/cpu_data.o
 .debug_info    0x0000000000012ea3       0x9a ./build/a3700_z/debug/bl31/runtime_exceptions.o
 .debug_info    0x0000000000012f3d       0x97 ./build/a3700_z/debug/bl31/crash_reporting.o
 .debug_info    0x0000000000012fd4       0x91 ./build/a3700_z/debug/bl31/context.o
 .debug_info    0x0000000000013065       0x97 ./build/a3700_z/debug/bl31/cpu_helpers.o
 .debug_info    0x00000000000130fc       0x97 ./build/a3700_z/debug/bl31/spinlock.o
 .debug_info    0x0000000000013193       0x9b ./build/a3700_z/debug/bl31/psci_entry.o
 .debug_info    0x000000000001322e       0x9d ./build/a3700_z/debug/bl31/psci_helpers.o
 .debug_info    0x00000000000132cb       0x8f ./build/a3700_z/debug/bl31/debug.o
 .debug_info    0x000000000001335a       0x94 ./build/a3700_z/debug/bl31/cache_helpers.o
 .debug_info    0x00000000000133ee       0x93 ./build/a3700_z/debug/bl31/misc_helpers.o
 .debug_info    0x0000000000013481       0x9f ./build/a3700_z/debug/bl31/platform_helpers.o
 .debug_info    0x0000000000013520       0x92 ./build/a3700_z/debug/bl31/console.o
 .debug_info    0x00000000000135b2       0x9d ./build/a3700_z/debug/bl31/a3700_console.o
 .debug_info    0x000000000001364f       0xa6 ./build/a3700_z/debug/bl31/marvell_helpers.o

.debug_abbrev   0x0000000000000000     0x4688
 .debug_abbrev  0x0000000000000000       0x43 ./build/a3700_z/debug/bl31/build_message.o
 .debug_abbrev  0x0000000000000043      0x19e ./build/a3700_z/debug/bl31/plat_pm.o
 .debug_abbrev  0x00000000000001e1       0x9b ./build/a3700_z/debug/bl31/plat_topology.o
 .debug_abbrev  0x000000000000027c      0x15b ./build/a3700_z/debug/bl31/plat_bl31_setup.o
 .debug_abbrev  0x00000000000003d7       0xb2 ./build/a3700_z/debug/bl31/sys_info.o
 .debug_abbrev  0x0000000000000489      0x109 ./build/a3700_z/debug/bl31/marvell_gicv3.o
 .debug_abbrev  0x0000000000000592      0x11b ./build/a3700_z/debug/bl31/plat_delay_timer.o
 .debug_abbrev  0x00000000000006ad      0x17f ./build/a3700_z/debug/bl31/delay_timer.o
 .debug_abbrev  0x000000000000082c      0x246 ./build/a3700_z/debug/bl31/a3700_i2c.o
 .debug_abbrev  0x0000000000000a72      0x1a0 ./build/a3700_z/debug/bl31/gic_common.o
 .debug_abbrev  0x0000000000000c12      0x2d0 ./build/a3700_z/debug/bl31/gicv3_main.o
 .debug_abbrev  0x0000000000000ee2      0x285 ./build/a3700_z/debug/bl31/gicv3_helpers.o
 .debug_abbrev  0x0000000000001167      0x1a7 ./build/a3700_z/debug/bl31/plat_gicv3.o
 .debug_abbrev  0x000000000000130e      0x1f5 ./build/a3700_z/debug/bl31/marvell_bl31_setup.o
 .debug_abbrev  0x0000000000001503      0x116 ./build/a3700_z/debug/bl31/marvell_pm.o
 .debug_abbrev  0x0000000000001619       0xab ./build/a3700_z/debug/bl31/marvell_topology.o
 .debug_abbrev  0x00000000000016c4       0xe6 ./build/a3700_z/debug/bl31/plat_psci_common.o
 .debug_abbrev  0x00000000000017aa      0x229 ./build/a3700_z/debug/bl31/bl31_main.o
 .debug_abbrev  0x00000000000019d3       0x93 ./build/a3700_z/debug/bl31/cpu_data_array.o
 .debug_abbrev  0x0000000000001a66      0x17e ./build/a3700_z/debug/bl31/runtime_svc.o
 .debug_abbrev  0x0000000000001be4      0x1fd ./build/a3700_z/debug/bl31/interrupt_mgmt.o
 .debug_abbrev  0x0000000000001de1       0xe2 ./build/a3700_z/debug/bl31/bl31_arch_setup.o
 .debug_abbrev  0x0000000000001ec3      0x189 ./build/a3700_z/debug/bl31/bl31_context_mgmt.o
 .debug_abbrev  0x000000000000204c      0x345 ./build/a3700_z/debug/bl31/context_mgmt.o
 .debug_abbrev  0x0000000000002391      0x17b ./build/a3700_z/debug/bl31/std_svc_setup.o
 .debug_abbrev  0x000000000000250c      0x265 ./build/a3700_z/debug/bl31/psci_off.o
 .debug_abbrev  0x0000000000002771      0x2cc ./build/a3700_z/debug/bl31/psci_on.o
 .debug_abbrev  0x0000000000002a3d      0x307 ./build/a3700_z/debug/bl31/psci_suspend.o
 .debug_abbrev  0x0000000000002d44      0x439 ./build/a3700_z/debug/bl31/psci_common.o
 .debug_abbrev  0x000000000000317d      0x37c ./build/a3700_z/debug/bl31/psci_main.o
 .debug_abbrev  0x00000000000034f9      0x26b ./build/a3700_z/debug/bl31/psci_setup.o
 .debug_abbrev  0x0000000000003764      0x139 ./build/a3700_z/debug/bl31/psci_system_off.o
 .debug_abbrev  0x000000000000389d      0x209 ./build/a3700_z/debug/bl31/bakery_lock_normal.o
 .debug_abbrev  0x0000000000003aa6      0x26e ./build/a3700_z/debug/bl31/bl_common.o
 .debug_abbrev  0x0000000000003d14      0x185 ./build/a3700_z/debug/bl31/tf_printf.o
 .debug_abbrev  0x0000000000003e99      0x292 ./build/a3700_z/debug/bl31/std.o
 .debug_abbrev  0x000000000000412b      0x2ed ./build/a3700_z/debug/bl31/xlat_tables.o
 .debug_abbrev  0x0000000000004418      0x102 ./build/a3700_z/debug/bl31/plat_common.o
 .debug_abbrev  0x000000000000451a       0x12 ./build/a3700_z/debug/bl31/cortex_a53.o
 .debug_abbrev  0x000000000000452c       0x14 ./build/a3700_z/debug/bl31/plat_psci.o
 .debug_abbrev  0x0000000000004540       0x12 ./build/a3700_z/debug/bl31/platform_mp_stack.o
 .debug_abbrev  0x0000000000004552       0x14 ./build/a3700_z/debug/bl31/transition.o
 .debug_abbrev  0x0000000000004566       0x14 ./build/a3700_z/debug/bl31/bl31_entrypoint.o
 .debug_abbrev  0x000000000000457a       0x12 ./build/a3700_z/debug/bl31/cpu_data.o
 .debug_abbrev  0x000000000000458c       0x12 ./build/a3700_z/debug/bl31/runtime_exceptions.o
 .debug_abbrev  0x000000000000459e       0x12 ./build/a3700_z/debug/bl31/crash_reporting.o
 .debug_abbrev  0x00000000000045b0       0x12 ./build/a3700_z/debug/bl31/context.o
 .debug_abbrev  0x00000000000045c2       0x12 ./build/a3700_z/debug/bl31/cpu_helpers.o
 .debug_abbrev  0x00000000000045d4       0x12 ./build/a3700_z/debug/bl31/spinlock.o
 .debug_abbrev  0x00000000000045e6       0x12 ./build/a3700_z/debug/bl31/psci_entry.o
 .debug_abbrev  0x00000000000045f8       0x12 ./build/a3700_z/debug/bl31/psci_helpers.o
 .debug_abbrev  0x000000000000460a       0x12 ./build/a3700_z/debug/bl31/debug.o
 .debug_abbrev  0x000000000000461c       0x12 ./build/a3700_z/debug/bl31/cache_helpers.o
 .debug_abbrev  0x000000000000462e       0x12 ./build/a3700_z/debug/bl31/misc_helpers.o
 .debug_abbrev  0x0000000000004640       0x12 ./build/a3700_z/debug/bl31/platform_helpers.o
 .debug_abbrev  0x0000000000004652       0x12 ./build/a3700_z/debug/bl31/console.o
 .debug_abbrev  0x0000000000004664       0x12 ./build/a3700_z/debug/bl31/a3700_console.o
 .debug_abbrev  0x0000000000004676       0x12 ./build/a3700_z/debug/bl31/marvell_helpers.o

.debug_aranges  0x0000000000000000     0x1ab0
 .debug_aranges
                0x0000000000000000       0x20 ./build/a3700_z/debug/bl31/build_message.o
 .debug_aranges
                0x0000000000000020       0xc0 ./build/a3700_z/debug/bl31/plat_pm.o
 .debug_aranges
                0x00000000000000e0       0x30 ./build/a3700_z/debug/bl31/plat_topology.o
 .debug_aranges
                0x0000000000000110       0x40 ./build/a3700_z/debug/bl31/plat_bl31_setup.o
 .debug_aranges
                0x0000000000000150       0x30 ./build/a3700_z/debug/bl31/sys_info.o
 .debug_aranges
                0x0000000000000180       0x70 ./build/a3700_z/debug/bl31/marvell_gicv3.o
 .debug_aranges
                0x00000000000001f0       0x40 ./build/a3700_z/debug/bl31/plat_delay_timer.o
 .debug_aranges
                0x0000000000000230       0x50 ./build/a3700_z/debug/bl31/delay_timer.o
 .debug_aranges
                0x0000000000000280       0x80 ./build/a3700_z/debug/bl31/a3700_i2c.o
 .debug_aranges
                0x0000000000000300      0x1f0 ./build/a3700_z/debug/bl31/gic_common.o
 .debug_aranges
                0x00000000000004f0       0xa0 ./build/a3700_z/debug/bl31/gicv3_main.o
 .debug_aranges
                0x0000000000000590      0x170 ./build/a3700_z/debug/bl31/gicv3_helpers.o
 .debug_aranges
                0x0000000000000700       0x80 ./build/a3700_z/debug/bl31/plat_gicv3.o
 .debug_aranges
                0x0000000000000780       0xc0 ./build/a3700_z/debug/bl31/marvell_bl31_setup.o
 .debug_aranges
                0x0000000000000840       0x30 ./build/a3700_z/debug/bl31/marvell_pm.o
 .debug_aranges
                0x0000000000000870       0x40 ./build/a3700_z/debug/bl31/marvell_topology.o
 .debug_aranges
                0x00000000000008b0       0x30 ./build/a3700_z/debug/bl31/plat_psci_common.o
 .debug_aranges
                0x00000000000008e0       0x80 ./build/a3700_z/debug/bl31/bl31_main.o
 .debug_aranges
                0x0000000000000960       0x20 ./build/a3700_z/debug/bl31/cpu_data_array.o
 .debug_aranges
                0x0000000000000980       0x30 ./build/a3700_z/debug/bl31/runtime_svc.o
 .debug_aranges
                0x00000000000009b0       0x90 ./build/a3700_z/debug/bl31/interrupt_mgmt.o
 .debug_aranges
                0x0000000000000a40       0x30 ./build/a3700_z/debug/bl31/bl31_arch_setup.o
 .debug_aranges
                0x0000000000000a70       0x60 ./build/a3700_z/debug/bl31/bl31_context_mgmt.o
 .debug_aranges
                0x0000000000000ad0       0xe0 ./build/a3700_z/debug/bl31/context_mgmt.o
 .debug_aranges
                0x0000000000000bb0       0x40 ./build/a3700_z/debug/bl31/std_svc_setup.o
 .debug_aranges
                0x0000000000000bf0       0x30 ./build/a3700_z/debug/bl31/psci_off.o
 .debug_aranges
                0x0000000000000c20       0x50 ./build/a3700_z/debug/bl31/psci_on.o
 .debug_aranges
                0x0000000000000c70       0x40 ./build/a3700_z/debug/bl31/psci_suspend.o
 .debug_aranges
                0x0000000000000cb0      0x150 ./build/a3700_z/debug/bl31/psci_common.o
 .debug_aranges
                0x0000000000000e00       0xd0 ./build/a3700_z/debug/bl31/psci_main.o
 .debug_aranges
                0x0000000000000ed0       0x30 ./build/a3700_z/debug/bl31/psci_setup.o
 .debug_aranges
                0x0000000000000f00       0x40 ./build/a3700_z/debug/bl31/psci_system_off.o
 .debug_aranges
                0x0000000000000f40       0x40 ./build/a3700_z/debug/bl31/bakery_lock_normal.o
 .debug_aranges
                0x0000000000000f80       0x80 ./build/a3700_z/debug/bl31/bl_common.o
 .debug_aranges
                0x0000000000001000       0x40 ./build/a3700_z/debug/bl31/tf_printf.o
 .debug_aranges
                0x0000000000001040      0x1a0 ./build/a3700_z/debug/bl31/std.o
 .debug_aranges
                0x00000000000011e0       0x80 ./build/a3700_z/debug/bl31/xlat_tables.o
 .debug_aranges
                0x0000000000001260       0x60 ./build/a3700_z/debug/bl31/plat_common.o
 .debug_aranges
                0x00000000000012c0       0xa0 ./build/a3700_z/debug/bl31/cortex_a53.o
 .debug_aranges
                0x0000000000001360       0x30 ./build/a3700_z/debug/bl31/plat_psci.o
 .debug_aranges
                0x0000000000001390       0x60 ./build/a3700_z/debug/bl31/platform_mp_stack.o
 .debug_aranges
                0x00000000000013f0       0x30 ./build/a3700_z/debug/bl31/transition.o
 .debug_aranges
                0x0000000000001420       0x30 ./build/a3700_z/debug/bl31/bl31_entrypoint.o
 .debug_aranges
                0x0000000000001450       0x40 ./build/a3700_z/debug/bl31/cpu_data.o
 .debug_aranges
                0x0000000000001490       0x40 ./build/a3700_z/debug/bl31/runtime_exceptions.o
 .debug_aranges
                0x00000000000014d0       0xa0 ./build/a3700_z/debug/bl31/crash_reporting.o
 .debug_aranges
                0x0000000000001570       0x80 ./build/a3700_z/debug/bl31/context.o
 .debug_aranges
                0x00000000000015f0       0x90 ./build/a3700_z/debug/bl31/cpu_helpers.o
 .debug_aranges
                0x0000000000001680       0x40 ./build/a3700_z/debug/bl31/spinlock.o
 .debug_aranges
                0x00000000000016c0       0x40 ./build/a3700_z/debug/bl31/psci_entry.o
 .debug_aranges
                0x0000000000001700       0x40 ./build/a3700_z/debug/bl31/psci_helpers.o
 .debug_aranges
                0x0000000000001740       0x60 ./build/a3700_z/debug/bl31/debug.o
 .debug_aranges
                0x00000000000017a0       0xb0 ./build/a3700_z/debug/bl31/cache_helpers.o
 .debug_aranges
                0x0000000000001850       0xa0 ./build/a3700_z/debug/bl31/misc_helpers.o
 .debug_aranges
                0x00000000000018f0       0xa0 ./build/a3700_z/debug/bl31/platform_helpers.o
 .debug_aranges
                0x0000000000001990       0x60 ./build/a3700_z/debug/bl31/console.o
 .debug_aranges
                0x00000000000019f0       0x50 ./build/a3700_z/debug/bl31/a3700_console.o
 .debug_aranges
                0x0000000000001a40       0x70 ./build/a3700_z/debug/bl31/marvell_helpers.o

.debug_line     0x0000000000000000     0x6286
 .debug_line    0x0000000000000000       0x28 ./build/a3700_z/debug/bl31/build_message.o
 .debug_line    0x0000000000000028      0x1f7 ./build/a3700_z/debug/bl31/plat_pm.o
 .debug_line    0x000000000000021f       0xa1 ./build/a3700_z/debug/bl31/plat_topology.o
 .debug_line    0x00000000000002c0      0x18c ./build/a3700_z/debug/bl31/plat_bl31_setup.o
 .debug_line    0x000000000000044c       0xc7 ./build/a3700_z/debug/bl31/sys_info.o
 .debug_line    0x0000000000000513      0x13b ./build/a3700_z/debug/bl31/marvell_gicv3.o
 .debug_line    0x000000000000064e      0x106 ./build/a3700_z/debug/bl31/plat_delay_timer.o
 .debug_line    0x0000000000000754      0x138 ./build/a3700_z/debug/bl31/delay_timer.o
 .debug_line    0x000000000000088c      0x39a ./build/a3700_z/debug/bl31/a3700_i2c.o
 .debug_line    0x0000000000000c26      0x38d ./build/a3700_z/debug/bl31/gic_common.o
 .debug_line    0x0000000000000fb3      0x48b ./build/a3700_z/debug/bl31/gicv3_main.o
 .debug_line    0x000000000000143e      0x530 ./build/a3700_z/debug/bl31/gicv3_helpers.o
 .debug_line    0x000000000000196e      0x24f ./build/a3700_z/debug/bl31/plat_gicv3.o
 .debug_line    0x0000000000001bbd      0x232 ./build/a3700_z/debug/bl31/marvell_bl31_setup.o
 .debug_line    0x0000000000001def       0xc4 ./build/a3700_z/debug/bl31/marvell_pm.o
 .debug_line    0x0000000000001eb3       0xb0 ./build/a3700_z/debug/bl31/marvell_topology.o
 .debug_line    0x0000000000001f63       0xfc ./build/a3700_z/debug/bl31/plat_psci_common.o
 .debug_line    0x000000000000205f      0x1d9 ./build/a3700_z/debug/bl31/bl31_main.o
 .debug_line    0x0000000000002238       0xb4 ./build/a3700_z/debug/bl31/cpu_data_array.o
 .debug_line    0x00000000000022ec      0x130 ./build/a3700_z/debug/bl31/runtime_svc.o
 .debug_line    0x000000000000241c      0x21e ./build/a3700_z/debug/bl31/interrupt_mgmt.o
 .debug_line    0x000000000000263a      0x11d ./build/a3700_z/debug/bl31/bl31_arch_setup.o
 .debug_line    0x0000000000002757      0x1b4 ./build/a3700_z/debug/bl31/bl31_context_mgmt.o
 .debug_line    0x000000000000290b      0x322 ./build/a3700_z/debug/bl31/context_mgmt.o
 .debug_line    0x0000000000002c2d      0x11a ./build/a3700_z/debug/bl31/std_svc_setup.o
 .debug_line    0x0000000000002d47      0x1a7 ./build/a3700_z/debug/bl31/psci_off.o
 .debug_line    0x0000000000002eee      0x24b ./build/a3700_z/debug/bl31/psci_on.o
 .debug_line    0x0000000000003139      0x253 ./build/a3700_z/debug/bl31/psci_suspend.o
 .debug_line    0x000000000000338c      0x5ba ./build/a3700_z/debug/bl31/psci_common.o
 .debug_line    0x0000000000003946      0x334 ./build/a3700_z/debug/bl31/psci_main.o
 .debug_line    0x0000000000003c7a      0x243 ./build/a3700_z/debug/bl31/psci_setup.o
 .debug_line    0x0000000000003ebd      0x12f ./build/a3700_z/debug/bl31/psci_system_off.o
 .debug_line    0x0000000000003fec      0x1f8 ./build/a3700_z/debug/bl31/bakery_lock_normal.o
 .debug_line    0x00000000000041e4      0x228 ./build/a3700_z/debug/bl31/bl_common.o
 .debug_line    0x000000000000440c      0x19c ./build/a3700_z/debug/bl31/tf_printf.o
 .debug_line    0x00000000000045a8      0x920 ./build/a3700_z/debug/bl31/std.o
 .debug_line    0x0000000000004ec8      0x351 ./build/a3700_z/debug/bl31/xlat_tables.o
 .debug_line    0x0000000000005219      0x15e ./build/a3700_z/debug/bl31/plat_common.o
 .debug_line    0x0000000000005377      0x10d ./build/a3700_z/debug/bl31/cortex_a53.o
 .debug_line    0x0000000000005484       0xbc ./build/a3700_z/debug/bl31/plat_psci.o
 .debug_line    0x0000000000005540       0xa3 ./build/a3700_z/debug/bl31/platform_mp_stack.o
 .debug_line    0x00000000000055e3       0x61 ./build/a3700_z/debug/bl31/transition.o
 .debug_line    0x0000000000005644       0x6b ./build/a3700_z/debug/bl31/bl31_entrypoint.o
 .debug_line    0x00000000000056af       0x65 ./build/a3700_z/debug/bl31/cpu_data.o
 .debug_line    0x0000000000005714       0xc8 ./build/a3700_z/debug/bl31/runtime_exceptions.o
 .debug_line    0x00000000000057dc      0x158 ./build/a3700_z/debug/bl31/crash_reporting.o
 .debug_line    0x0000000000005934      0x136 ./build/a3700_z/debug/bl31/context.o
 .debug_line    0x0000000000005a6a       0xff ./build/a3700_z/debug/bl31/cpu_helpers.o
 .debug_line    0x0000000000005b69       0x6d ./build/a3700_z/debug/bl31/spinlock.o
 .debug_line    0x0000000000005bd6       0x73 ./build/a3700_z/debug/bl31/psci_entry.o
 .debug_line    0x0000000000005c49       0x8e ./build/a3700_z/debug/bl31/psci_helpers.o
 .debug_line    0x0000000000005cd7       0xb5 ./build/a3700_z/debug/bl31/debug.o
 .debug_line    0x0000000000005d8c      0x113 ./build/a3700_z/debug/bl31/cache_helpers.o
 .debug_line    0x0000000000005e9f      0x104 ./build/a3700_z/debug/bl31/misc_helpers.o
 .debug_line    0x0000000000005fa3       0xec ./build/a3700_z/debug/bl31/platform_helpers.o
 .debug_line    0x000000000000608f       0x93 ./build/a3700_z/debug/bl31/console.o
 .debug_line    0x0000000000006122       0xaa ./build/a3700_z/debug/bl31/a3700_console.o
 .debug_line    0x00000000000061cc       0xba ./build/a3700_z/debug/bl31/marvell_helpers.o

.debug_str      0x0000000000000000     0x3169
 .debug_str     0x0000000000000000      0x111 ./build/a3700_z/debug/bl31/build_message.o
                                        0x116 (size before relaxing)
 .debug_str     0x0000000000000111      0x28e ./build/a3700_z/debug/bl31/plat_pm.o
                                        0x49d (size before relaxing)
 .debug_str     0x000000000000039f       0x67 ./build/a3700_z/debug/bl31/plat_topology.o
                                        0x1f9 (size before relaxing)
 .debug_str     0x0000000000000406      0x27f ./build/a3700_z/debug/bl31/plat_bl31_setup.o
                                        0x440 (size before relaxing)
 .debug_str     0x0000000000000685       0x4c ./build/a3700_z/debug/bl31/sys_info.o
                                        0x28d (size before relaxing)
 .debug_str     0x00000000000006d1      0x1f2 ./build/a3700_z/debug/bl31/marvell_gicv3.o
                                        0x378 (size before relaxing)
 .debug_str     0x00000000000008c3       0x78 ./build/a3700_z/debug/bl31/plat_delay_timer.o
                                        0x240 (size before relaxing)
 .debug_str     0x000000000000093b       0x5b ./build/a3700_z/debug/bl31/delay_timer.o
                                        0x224 (size before relaxing)
 .debug_str     0x0000000000000996      0x173 ./build/a3700_z/debug/bl31/a3700_i2c.o
                                        0x37a (size before relaxing)
 .debug_str     0x0000000000000b09      0x24d ./build/a3700_z/debug/bl31/gic_common.o
                                        0x41a (size before relaxing)
 .debug_str     0x0000000000000d56      0x339 ./build/a3700_z/debug/bl31/gicv3_main.o
                                        0x673 (size before relaxing)
 .debug_str     0x000000000000108f      0x278 ./build/a3700_z/debug/bl31/gicv3_helpers.o
                                        0x644 (size before relaxing)
 .debug_str     0x0000000000001307      0x106 ./build/a3700_z/debug/bl31/plat_gicv3.o
                                        0x323 (size before relaxing)
 .debug_str     0x000000000000140d      0x26f ./build/a3700_z/debug/bl31/marvell_bl31_setup.o
                                        0x526 (size before relaxing)
 .debug_str     0x000000000000167c       0x44 ./build/a3700_z/debug/bl31/marvell_pm.o
                                        0x347 (size before relaxing)
 .debug_str     0x00000000000016c0       0x57 ./build/a3700_z/debug/bl31/marvell_topology.o
                                        0x204 (size before relaxing)
 .debug_str     0x0000000000001717       0x52 ./build/a3700_z/debug/bl31/plat_psci_common.o
                                        0x1f5 (size before relaxing)
 .debug_str     0x0000000000001769      0x102 ./build/a3700_z/debug/bl31/bl31_main.o
                                        0x442 (size before relaxing)
 .debug_str     0x000000000000186b       0xc0 ./build/a3700_z/debug/bl31/cpu_data_array.o
                                        0x280 (size before relaxing)
 .debug_str     0x000000000000192b       0xe9 ./build/a3700_z/debug/bl31/runtime_svc.o
                                        0x301 (size before relaxing)
 .debug_str     0x0000000000001a14      0x17a ./build/a3700_z/debug/bl31/interrupt_mgmt.o
                                        0x376 (size before relaxing)
 .debug_str     0x0000000000001b8e       0x3d ./build/a3700_z/debug/bl31/bl31_arch_setup.o
                                        0x1e9 (size before relaxing)
 .debug_str     0x0000000000001bcb       0x82 ./build/a3700_z/debug/bl31/bl31_context_mgmt.o
                                        0x336 (size before relaxing)
 .debug_str     0x0000000000001c4d      0x206 ./build/a3700_z/debug/bl31/context_mgmt.o
                                        0x5e9 (size before relaxing)
 .debug_str     0x0000000000001e53       0xe7 ./build/a3700_z/debug/bl31/std_svc_setup.o
                                        0x3a4 (size before relaxing)
 .debug_str     0x0000000000001f3a      0x1d5 ./build/a3700_z/debug/bl31/psci_off.o
                                        0x5d6 (size before relaxing)
 .debug_str     0x000000000000210f      0x10b ./build/a3700_z/debug/bl31/psci_on.o
                                        0x74e (size before relaxing)
 .debug_str     0x000000000000221a       0xe6 ./build/a3700_z/debug/bl31/psci_suspend.o
                                        0x7ca (size before relaxing)
 .debug_str     0x0000000000002300      0x41e ./build/a3700_z/debug/bl31/psci_common.o
                                        0xbdf (size before relaxing)
 .debug_str     0x000000000000271e      0x147 ./build/a3700_z/debug/bl31/psci_main.o
                                        0x901 (size before relaxing)
 .debug_str     0x0000000000002865      0x10d ./build/a3700_z/debug/bl31/psci_setup.o
                                        0x719 (size before relaxing)
 .debug_str     0x0000000000002972       0x28 ./build/a3700_z/debug/bl31/psci_system_off.o
                                        0x426 (size before relaxing)
 .debug_str     0x000000000000299a       0xe1 ./build/a3700_z/debug/bl31/bakery_lock_normal.o
                                        0x302 (size before relaxing)
 .debug_str     0x0000000000002a7b      0x1ce ./build/a3700_z/debug/bl31/bl_common.o
                                        0x4e7 (size before relaxing)
 .debug_str     0x0000000000002c49       0x9b ./build/a3700_z/debug/bl31/tf_printf.o
                                        0x238 (size before relaxing)
 .debug_str     0x0000000000002ce4      0x1c0 ./build/a3700_z/debug/bl31/std.o
                                        0x431 (size before relaxing)
 .debug_str     0x0000000000002ea4      0x251 ./build/a3700_z/debug/bl31/xlat_tables.o
                                        0x473 (size before relaxing)
 .debug_str     0x00000000000030f5       0x74 ./build/a3700_z/debug/bl31/plat_common.o
                                        0x258 (size before relaxing)

.comment        0x0000000000000000       0x3c
 .comment       0x0000000000000000       0x3c ./build/a3700_z/debug/bl31/build_message.o
                                         0x3d (size before relaxing)
 .comment       0x000000000000003c       0x3d ./build/a3700_z/debug/bl31/plat_pm.o
 .comment       0x000000000000003c       0x3d ./build/a3700_z/debug/bl31/plat_topology.o
 .comment       0x000000000000003c       0x3d ./build/a3700_z/debug/bl31/plat_bl31_setup.o
 .comment       0x000000000000003c       0x3d ./build/a3700_z/debug/bl31/sys_info.o
 .comment       0x000000000000003c       0x3d ./build/a3700_z/debug/bl31/marvell_gicv3.o
 .comment       0x000000000000003c       0x3d ./build/a3700_z/debug/bl31/plat_delay_timer.o
 .comment       0x000000000000003c       0x3d ./build/a3700_z/debug/bl31/delay_timer.o
 .comment       0x000000000000003c       0x3d ./build/a3700_z/debug/bl31/a3700_i2c.o
 .comment       0x000000000000003c       0x3d ./build/a3700_z/debug/bl31/gic_common.o
 .comment       0x000000000000003c       0x3d ./build/a3700_z/debug/bl31/gicv3_main.o
 .comment       0x000000000000003c       0x3d ./build/a3700_z/debug/bl31/gicv3_helpers.o
 .comment       0x000000000000003c       0x3d ./build/a3700_z/debug/bl31/plat_gicv3.o
 .comment       0x000000000000003c       0x3d ./build/a3700_z/debug/bl31/marvell_bl31_setup.o
 .comment       0x000000000000003c       0x3d ./build/a3700_z/debug/bl31/marvell_pm.o
 .comment       0x000000000000003c       0x3d ./build/a3700_z/debug/bl31/marvell_topology.o
 .comment       0x000000000000003c       0x3d ./build/a3700_z/debug/bl31/plat_psci_common.o
 .comment       0x000000000000003c       0x3d ./build/a3700_z/debug/bl31/bl31_main.o
 .comment       0x000000000000003c       0x3d ./build/a3700_z/debug/bl31/cpu_data_array.o
 .comment       0x000000000000003c       0x3d ./build/a3700_z/debug/bl31/runtime_svc.o
 .comment       0x000000000000003c       0x3d ./build/a3700_z/debug/bl31/interrupt_mgmt.o
 .comment       0x000000000000003c       0x3d ./build/a3700_z/debug/bl31/bl31_arch_setup.o
 .comment       0x000000000000003c       0x3d ./build/a3700_z/debug/bl31/bl31_context_mgmt.o
 .comment       0x000000000000003c       0x3d ./build/a3700_z/debug/bl31/context_mgmt.o
 .comment       0x000000000000003c       0x3d ./build/a3700_z/debug/bl31/std_svc_setup.o
 .comment       0x000000000000003c       0x3d ./build/a3700_z/debug/bl31/psci_off.o
 .comment       0x000000000000003c       0x3d ./build/a3700_z/debug/bl31/psci_on.o
 .comment       0x000000000000003c       0x3d ./build/a3700_z/debug/bl31/psci_suspend.o
 .comment       0x000000000000003c       0x3d ./build/a3700_z/debug/bl31/psci_common.o
 .comment       0x000000000000003c       0x3d ./build/a3700_z/debug/bl31/psci_main.o
 .comment       0x000000000000003c       0x3d ./build/a3700_z/debug/bl31/psci_setup.o
 .comment       0x000000000000003c       0x3d ./build/a3700_z/debug/bl31/psci_system_off.o
 .comment       0x000000000000003c       0x3d ./build/a3700_z/debug/bl31/bakery_lock_normal.o
 .comment       0x000000000000003c       0x3d ./build/a3700_z/debug/bl31/bl_common.o
 .comment       0x000000000000003c       0x3d ./build/a3700_z/debug/bl31/tf_printf.o
 .comment       0x000000000000003c       0x3d ./build/a3700_z/debug/bl31/std.o
 .comment       0x000000000000003c       0x3d ./build/a3700_z/debug/bl31/xlat_tables.o
 .comment       0x000000000000003c       0x3d ./build/a3700_z/debug/bl31/plat_common.o

.note.GNU-stack
                0x0000000000000000        0x0
 .note.GNU-stack
                0x0000000000000000        0x0 ./build/a3700_z/debug/bl31/build_message.o
 .note.GNU-stack
                0x0000000000000000        0x0 ./build/a3700_z/debug/bl31/plat_pm.o
 .note.GNU-stack
                0x0000000000000000        0x0 ./build/a3700_z/debug/bl31/plat_topology.o
 .note.GNU-stack
                0x0000000000000000        0x0 ./build/a3700_z/debug/bl31/plat_bl31_setup.o
 .note.GNU-stack
                0x0000000000000000        0x0 ./build/a3700_z/debug/bl31/sys_info.o
 .note.GNU-stack
                0x0000000000000000        0x0 ./build/a3700_z/debug/bl31/marvell_gicv3.o
 .note.GNU-stack
                0x0000000000000000        0x0 ./build/a3700_z/debug/bl31/plat_delay_timer.o
 .note.GNU-stack
                0x0000000000000000        0x0 ./build/a3700_z/debug/bl31/delay_timer.o
 .note.GNU-stack
                0x0000000000000000        0x0 ./build/a3700_z/debug/bl31/a3700_i2c.o
 .note.GNU-stack
                0x0000000000000000        0x0 ./build/a3700_z/debug/bl31/gic_common.o
 .note.GNU-stack
                0x0000000000000000        0x0 ./build/a3700_z/debug/bl31/gicv3_main.o
 .note.GNU-stack
                0x0000000000000000        0x0 ./build/a3700_z/debug/bl31/gicv3_helpers.o
 .note.GNU-stack
                0x0000000000000000        0x0 ./build/a3700_z/debug/bl31/plat_gicv3.o
 .note.GNU-stack
                0x0000000000000000        0x0 ./build/a3700_z/debug/bl31/marvell_bl31_setup.o
 .note.GNU-stack
                0x0000000000000000        0x0 ./build/a3700_z/debug/bl31/marvell_pm.o
 .note.GNU-stack
                0x0000000000000000        0x0 ./build/a3700_z/debug/bl31/marvell_topology.o
 .note.GNU-stack
                0x0000000000000000        0x0 ./build/a3700_z/debug/bl31/plat_psci_common.o
 .note.GNU-stack
                0x0000000000000000        0x0 ./build/a3700_z/debug/bl31/bl31_main.o
 .note.GNU-stack
                0x0000000000000000        0x0 ./build/a3700_z/debug/bl31/cpu_data_array.o
 .note.GNU-stack
                0x0000000000000000        0x0 ./build/a3700_z/debug/bl31/runtime_svc.o
 .note.GNU-stack
                0x0000000000000000        0x0 ./build/a3700_z/debug/bl31/interrupt_mgmt.o
 .note.GNU-stack
                0x0000000000000000        0x0 ./build/a3700_z/debug/bl31/bl31_arch_setup.o
 .note.GNU-stack
                0x0000000000000000        0x0 ./build/a3700_z/debug/bl31/bl31_context_mgmt.o
 .note.GNU-stack
                0x0000000000000000        0x0 ./build/a3700_z/debug/bl31/context_mgmt.o
 .note.GNU-stack
                0x0000000000000000        0x0 ./build/a3700_z/debug/bl31/std_svc_setup.o
 .note.GNU-stack
                0x0000000000000000        0x0 ./build/a3700_z/debug/bl31/psci_off.o
 .note.GNU-stack
                0x0000000000000000        0x0 ./build/a3700_z/debug/bl31/psci_on.o
 .note.GNU-stack
                0x0000000000000000        0x0 ./build/a3700_z/debug/bl31/psci_suspend.o
 .note.GNU-stack
                0x0000000000000000        0x0 ./build/a3700_z/debug/bl31/psci_common.o
 .note.GNU-stack
                0x0000000000000000        0x0 ./build/a3700_z/debug/bl31/psci_main.o
 .note.GNU-stack
                0x0000000000000000        0x0 ./build/a3700_z/debug/bl31/psci_setup.o
 .note.GNU-stack
                0x0000000000000000        0x0 ./build/a3700_z/debug/bl31/psci_system_off.o
 .note.GNU-stack
                0x0000000000000000        0x0 ./build/a3700_z/debug/bl31/bakery_lock_normal.o
 .note.GNU-stack
                0x0000000000000000        0x0 ./build/a3700_z/debug/bl31/bl_common.o
 .note.GNU-stack
                0x0000000000000000        0x0 ./build/a3700_z/debug/bl31/tf_printf.o
 .note.GNU-stack
                0x0000000000000000        0x0 ./build/a3700_z/debug/bl31/std.o
 .note.GNU-stack
                0x0000000000000000        0x0 ./build/a3700_z/debug/bl31/xlat_tables.o
 .note.GNU-stack
                0x0000000000000000        0x0 ./build/a3700_z/debug/bl31/plat_common.o

.debug_loc      0x0000000000000000    0x131e0
 .debug_loc     0x0000000000000000      0x201 ./build/a3700_z/debug/bl31/plat_pm.o
 .debug_loc     0x0000000000000201       0x72 ./build/a3700_z/debug/bl31/plat_topology.o
 .debug_loc     0x0000000000000273      0x1ab ./build/a3700_z/debug/bl31/plat_bl31_setup.o
 .debug_loc     0x000000000000041e      0x1bb ./build/a3700_z/debug/bl31/delay_timer.o
 .debug_loc     0x00000000000005d9     0x103d ./build/a3700_z/debug/bl31/a3700_i2c.o
 .debug_loc     0x0000000000001616     0x23e8 ./build/a3700_z/debug/bl31/gic_common.o
 .debug_loc     0x00000000000039fe      0xa77 ./build/a3700_z/debug/bl31/gicv3_main.o
 .debug_loc     0x0000000000004475     0x208e ./build/a3700_z/debug/bl31/gicv3_helpers.o
 .debug_loc     0x0000000000006503      0x22f ./build/a3700_z/debug/bl31/plat_gicv3.o
 .debug_loc     0x0000000000006732      0x195 ./build/a3700_z/debug/bl31/marvell_bl31_setup.o
 .debug_loc     0x00000000000068c7       0x39 ./build/a3700_z/debug/bl31/marvell_pm.o
 .debug_loc     0x0000000000006900       0x39 ./build/a3700_z/debug/bl31/marvell_topology.o
 .debug_loc     0x0000000000006939      0x16f ./build/a3700_z/debug/bl31/plat_psci_common.o
 .debug_loc     0x0000000000006aa8       0x6f ./build/a3700_z/debug/bl31/bl31_main.o
 .debug_loc     0x0000000000006b17      0x112 ./build/a3700_z/debug/bl31/runtime_svc.o
 .debug_loc     0x0000000000006c29      0x914 ./build/a3700_z/debug/bl31/interrupt_mgmt.o
 .debug_loc     0x000000000000753d       0x48 ./build/a3700_z/debug/bl31/bl31_arch_setup.o
 .debug_loc     0x0000000000007585      0x31d ./build/a3700_z/debug/bl31/bl31_context_mgmt.o
 .debug_loc     0x00000000000078a2      0xc4d ./build/a3700_z/debug/bl31/context_mgmt.o
 .debug_loc     0x00000000000084ef      0x3e5 ./build/a3700_z/debug/bl31/std_svc_setup.o
 .debug_loc     0x00000000000088d4      0x177 ./build/a3700_z/debug/bl31/psci_off.o
 .debug_loc     0x0000000000008a4b      0x2ef ./build/a3700_z/debug/bl31/psci_on.o
 .debug_loc     0x0000000000008d3a      0x525 ./build/a3700_z/debug/bl31/psci_suspend.o
 .debug_loc     0x000000000000925f     0x1325 ./build/a3700_z/debug/bl31/psci_common.o
 .debug_loc     0x000000000000a584      0xeab ./build/a3700_z/debug/bl31/psci_main.o
 .debug_loc     0x000000000000b42f      0x353 ./build/a3700_z/debug/bl31/psci_setup.o
 .debug_loc     0x000000000000b782      0x513 ./build/a3700_z/debug/bl31/bakery_lock_normal.o
 .debug_loc     0x000000000000bc95      0xb0f ./build/a3700_z/debug/bl31/bl_common.o
 .debug_loc     0x000000000000c7a4      0x2eb ./build/a3700_z/debug/bl31/tf_printf.o
 .debug_loc     0x000000000000ca8f     0x5833 ./build/a3700_z/debug/bl31/std.o
 .debug_loc     0x00000000000122c2      0xe3d ./build/a3700_z/debug/bl31/xlat_tables.o
 .debug_loc     0x00000000000130ff       0xe1 ./build/a3700_z/debug/bl31/plat_common.o

.debug_ranges   0x0000000000000000     0x2180
 .debug_ranges  0x0000000000000000       0xb0 ./build/a3700_z/debug/bl31/plat_pm.o