
Allocating common symbols
Common symbol       size              file

bl2_img_desc        0x80              ./build/a3700_z/debug/bl1/a3700_z_common.o

Discarded input sections

 .text          0x0000000000000000        0x0 ./build/a3700_z/debug/bl1/build_message.o
 .data          0x0000000000000000        0x0 ./build/a3700_z/debug/bl1/build_message.o
 .bss           0x0000000000000000        0x0 ./build/a3700_z/debug/bl1/build_message.o
 .text          0x0000000000000000        0x0 ./build/a3700_z/debug/bl1/io_fip.o
 .data          0x0000000000000000        0x0 ./build/a3700_z/debug/bl1/io_fip.o
 .bss           0x0000000000000000        0x0 ./build/a3700_z/debug/bl1/io_fip.o
 .text          0x0000000000000000        0x0 ./build/a3700_z/debug/bl1/io_memmap.o
 .data          0x0000000000000000        0x0 ./build/a3700_z/debug/bl1/io_memmap.o
 .bss           0x0000000000000000        0x0 ./build/a3700_z/debug/bl1/io_memmap.o
 .text          0x0000000000000000        0x0 ./build/a3700_z/debug/bl1/io_storage.o
 .data          0x0000000000000000        0x0 ./build/a3700_z/debug/bl1/io_storage.o
 .bss           0x0000000000000000        0x0 ./build/a3700_z/debug/bl1/io_storage.o
 .text.io_write
                0x0000000000000000       0x94 ./build/a3700_z/debug/bl1/io_storage.o
 .rodata.__func__.1477
                0x0000000000000000        0x9 ./build/a3700_z/debug/bl1/io_storage.o
 .text          0x0000000000000000        0x0 ./build/a3700_z/debug/bl1/marvell_bl1_setup.o
 .data          0x0000000000000000        0x0 ./build/a3700_z/debug/bl1/marvell_bl1_setup.o
 .bss           0x0000000000000000        0x0 ./build/a3700_z/debug/bl1/marvell_bl1_setup.o
 .text.marvell_bl1_platform_setup
                0x0000000000000000        0x4 ./build/a3700_z/debug/bl1/marvell_bl1_setup.o
 .text          0x0000000000000000        0x0 ./build/a3700_z/debug/bl1/marvell_io_storage.o
 .data          0x0000000000000000        0x0 ./build/a3700_z/debug/bl1/marvell_io_storage.o
 .bss           0x0000000000000000        0x0 ./build/a3700_z/debug/bl1/marvell_io_storage.o
 .text.marvell_io_is_toc_valid
                0x0000000000000000       0x28 ./build/a3700_z/debug/bl1/marvell_io_storage.o
 .text          0x0000000000000000        0x0 ./build/a3700_z/debug/bl1/bl1_main.o
 .data          0x0000000000000000        0x0 ./build/a3700_z/debug/bl1/bl1_main.o
 .bss           0x0000000000000000        0x0 ./build/a3700_z/debug/bl1/bl1_main.o
 .text          0x0000000000000000        0x0 ./build/a3700_z/debug/bl1/bl1_arch_setup.o
 .data          0x0000000000000000        0x0 ./build/a3700_z/debug/bl1/bl1_arch_setup.o
 .bss           0x0000000000000000        0x0 ./build/a3700_z/debug/bl1/bl1_arch_setup.o
 .text.bl1_arch_next_el_setup
                0x0000000000000000       0x1c ./build/a3700_z/debug/bl1/bl1_arch_setup.o
 .text          0x0000000000000000        0x0 ./build/a3700_z/debug/bl1/bl1_context_mgmt.o
 .data          0x0000000000000000        0x0 ./build/a3700_z/debug/bl1/bl1_context_mgmt.o
 .bss           0x0000000000000000        0x0 ./build/a3700_z/debug/bl1/bl1_context_mgmt.o
 .text          0x0000000000000000        0x0 ./build/a3700_z/debug/bl1/context_mgmt.o
 .data          0x0000000000000000        0x0 ./build/a3700_z/debug/bl1/context_mgmt.o
 .bss           0x0000000000000000        0x0 ./build/a3700_z/debug/bl1/context_mgmt.o
 .text.cm_init  0x0000000000000000        0x4 ./build/a3700_z/debug/bl1/context_mgmt.o
 .text.cm_init_context_by_index
                0x0000000000000000       0x2c ./build/a3700_z/debug/bl1/context_mgmt.o
 .text.cm_el1_sysregs_context_save
                0x0000000000000000       0x3c ./build/a3700_z/debug/bl1/context_mgmt.o
 .text.cm_el1_sysregs_context_restore
                0x0000000000000000       0x3c ./build/a3700_z/debug/bl1/context_mgmt.o
 .text.cm_set_elr_el3
                0x0000000000000000       0x48 ./build/a3700_z/debug/bl1/context_mgmt.o
 .text.cm_set_elr_spsr_el3
                0x0000000000000000       0x4c ./build/a3700_z/debug/bl1/context_mgmt.o
 .text.cm_write_scr_el3_bit
                0x0000000000000000       0x98 ./build/a3700_z/debug/bl1/context_mgmt.o
 .text.cm_get_scr_el3
                0x0000000000000000       0x3c ./build/a3700_z/debug/bl1/context_mgmt.o
 .text.cm_set_next_eret_context
                0x0000000000000000       0x6c ./build/a3700_z/debug/bl1/context_mgmt.o
 .rodata.__func__.2388
                0x0000000000000000       0x1f ./build/a3700_z/debug/bl1/context_mgmt.o
 .rodata.__func__.2395
                0x0000000000000000        0xf ./build/a3700_z/debug/bl1/context_mgmt.o
 .rodata.__func__.2423
                0x0000000000000000       0x19 ./build/a3700_z/debug/bl1/context_mgmt.o
 .rodata.__func__.2403
                0x0000000000000000       0x14 ./build/a3700_z/debug/bl1/context_mgmt.o
 .rodata.__func__.2383
                0x0000000000000000       0x1c ./build/a3700_z/debug/bl1/context_mgmt.o
 .rodata.__func__.2412
                0x0000000000000000       0x15 ./build/a3700_z/debug/bl1/context_mgmt.o
 .rodata.__func__.2418
                0x0000000000000000        0xf ./build/a3700_z/debug/bl1/context_mgmt.o
 .text          0x0000000000000000        0x0 ./build/a3700_z/debug/bl1/plat_bl1_common.o
 .data          0x0000000000000000        0x0 ./build/a3700_z/debug/bl1/plat_bl1_common.o
 .bss           0x0000000000000000        0x0 ./build/a3700_z/debug/bl1/plat_bl1_common.o
 .text.bl1_plat_get_image_desc
                0x0000000000000000        0xc ./build/a3700_z/debug/bl1/plat_bl1_common.o
 .text.bl1_plat_fwu_done
                0x0000000000000000        0x8 ./build/a3700_z/debug/bl1/plat_bl1_common.o
 .text.bl1_plat_mem_check
                0x0000000000000000       0x28 ./build/a3700_z/debug/bl1/plat_bl1_common.o
 .rodata.__func__.1937
                0x0000000000000000       0x13 ./build/a3700_z/debug/bl1/plat_bl1_common.o
 .rodata.str1.1
                0x0000000000000000       0x20 ./build/a3700_z/debug/bl1/plat_bl1_common.o
 .data.bl2_img_desc.1926
                0x0000000000000000       0x80 ./build/a3700_z/debug/bl1/plat_bl1_common.o
 .text          0x0000000000000000        0x0 ./build/a3700_z/debug/bl1/bl_common.o
 .data          0x0000000000000000        0x0 ./build/a3700_z/debug/bl1/bl_common.o
 .bss           0x0000000000000000        0x0 ./build/a3700_z/debug/bl1/bl_common.o
 .text.page_align
                0x0000000000000000       0x1c ./build/a3700_z/debug/bl1/bl_common.o
 .text.image_size
                0x0000000000000000       0x60 ./build/a3700_z/debug/bl1/bl_common.o
 .text          0x0000000000000000        0x0 ./build/a3700_z/debug/bl1/tf_printf.o
 .data          0x0000000000000000        0x0 ./build/a3700_z/debug/bl1/tf_printf.o
 .bss           0x0000000000000000        0x0 ./build/a3700_z/debug/bl1/tf_printf.o
 .text          0x0000000000000000        0x0 ./build/a3700_z/debug/bl1/xlat_helpers.o
 .data          0x0000000000000000        0x0 ./build/a3700_z/debug/bl1/xlat_helpers.o
 .bss           0x0000000000000000        0x0 ./build/a3700_z/debug/bl1/xlat_helpers.o
 .text.create_table_desc
                0x0000000000000000        0xc ./build/a3700_z/debug/bl1/xlat_helpers.o
 .text.create_block_desc
                0x0000000000000000       0x64 ./build/a3700_z/debug/bl1/xlat_helpers.o
 .text.create_device_block
                0x0000000000000000       0x20 ./build/a3700_z/debug/bl1/xlat_helpers.o
 .text.create_romem_block
                0x0000000000000000       0x18 ./build/a3700_z/debug/bl1/xlat_helpers.o
 .text.create_rwmem_block
                0x0000000000000000       0x18 ./build/a3700_z/debug/bl1/xlat_helpers.o
 .rodata.__func__.1001
                0x0000000000000000       0x12 ./build/a3700_z/debug/bl1/xlat_helpers.o
 .rodata.str1.1
                0x0000000000000000       0x1d ./build/a3700_z/debug/bl1/xlat_helpers.o
 .debug_info    0x0000000000000000      0x3bd ./build/a3700_z/debug/bl1/xlat_helpers.o
 .debug_abbrev  0x0000000000000000      0x138 ./build/a3700_z/debug/bl1/xlat_helpers.o
 .debug_loc     0x0000000000000000      0x795 ./build/a3700_z/debug/bl1/xlat_helpers.o
 .debug_aranges
                0x0000000000000000       0x70 ./build/a3700_z/debug/bl1/xlat_helpers.o
 .debug_ranges  0x0000000000000000       0xa0 ./build/a3700_z/debug/bl1/xlat_helpers.o
 .debug_line    0x0000000000000000       0xd6 ./build/a3700_z/debug/bl1/xlat_helpers.o
 .debug_str     0x0000000000000000      0x1e6 ./build/a3700_z/debug/bl1/xlat_helpers.o
 .comment       0x0000000000000000       0x3d ./build/a3700_z/debug/bl1/xlat_helpers.o
 .note.GNU-stack
                0x0000000000000000        0x0 ./build/a3700_z/debug/bl1/xlat_helpers.o
 .debug_frame   0x0000000000000000       0x98 ./build/a3700_z/debug/bl1/xlat_helpers.o
 .text          0x0000000000000000        0x0 ./build/a3700_z/debug/bl1/std.o
 .data          0x0000000000000000        0x0 ./build/a3700_z/debug/bl1/std.o
 .bss           0x0000000000000000        0x0 ./build/a3700_z/debug/bl1/std.o
 .text.snprintf_func
                0x0000000000000000       0x2c ./build/a3700_z/debug/bl1/std.o
 .text.abort    0x0000000000000000       0x18 ./build/a3700_z/debug/bl1/std.o
 .text.exit     0x0000000000000000       0x18 ./build/a3700_z/debug/bl1/std.o
 .text.memchr   0x0000000000000000       0x28 ./build/a3700_z/debug/bl1/std.o
 .text.puts     0x0000000000000000       0x60 ./build/a3700_z/debug/bl1/std.o
 .text.sscanf   0x0000000000000000       0x34 ./build/a3700_z/debug/bl1/std.o
 .text.strchr   0x0000000000000000       0x24 ./build/a3700_z/debug/bl1/std.o
 .text.strcmp   0x0000000000000000       0x2c ./build/a3700_z/debug/bl1/std.o
 .text.strcasecmp
                0x0000000000000000       0x74 ./build/a3700_z/debug/bl1/std.o
 .text.strlen   0x0000000000000000       0x1c ./build/a3700_z/debug/bl1/std.o
 .text.kvprintf
                0x0000000000000000      0xdcc ./build/a3700_z/debug/bl1/std.o
 .rodata.kvprintf
                0x0000000000000000       0xb0 ./build/a3700_z/debug/bl1/std.o
 .text.strncmp  0x0000000000000000       0x38 ./build/a3700_z/debug/bl1/std.o
 .text.sprintf  0x0000000000000000       0x70 ./build/a3700_z/debug/bl1/std.o
 .text.vsprintf
                0x0000000000000000       0x4c ./build/a3700_z/debug/bl1/std.o
 .text.vsnprintf
                0x0000000000000000       0x5c ./build/a3700_z/debug/bl1/std.o
 .text.printf   0x0000000000000000       0x94 ./build/a3700_z/debug/bl1/std.o
 .text.snprintf
                0x0000000000000000       0x50 ./build/a3700_z/debug/bl1/std.o
 .text.vsnrprintf
                0x0000000000000000       0x60 ./build/a3700_z/debug/bl1/std.o
 .rodata.hex2ascii_data
                0x0000000000000000       0x25 ./build/a3700_z/debug/bl1/std.o
 .text          0x0000000000000000        0x0 ./build/a3700_z/debug/bl1/a3700_z_common.o
 .data          0x0000000000000000        0x0 ./build/a3700_z/debug/bl1/a3700_z_common.o
 .bss           0x0000000000000000        0x0 ./build/a3700_z/debug/bl1/a3700_z_common.o
 .text          0x0000000000000000        0x0 ./build/a3700_z/debug/bl1/xlat_tables.o
 .data          0x0000000000000000        0x0 ./build/a3700_z/debug/bl1/xlat_tables.o
 .bss           0x0000000000000000        0x0 ./build/a3700_z/debug/bl1/xlat_tables.o
 .text.enable_mmu_el1
                0x0000000000000000       0xb4 ./build/a3700_z/debug/bl1/xlat_tables.o
 .rodata.__func__.2021
                0x0000000000000000        0xf ./build/a3700_z/debug/bl1/xlat_tables.o
 .text          0x0000000000000000        0x0 ./build/a3700_z/debug/bl1/marvell_common.o
 .data          0x0000000000000000        0x0 ./build/a3700_z/debug/bl1/marvell_common.o
 .bss           0x0000000000000000        0x0 ./build/a3700_z/debug/bl1/marvell_common.o
 .text.arm_configure_mmu_el1
                0x0000000000000000       0x58 ./build/a3700_z/debug/bl1/marvell_common.o
 .text.plat_get_ns_image_entrypoint
                0x0000000000000000        0x8 ./build/a3700_z/debug/bl1/marvell_common.o
 .text.marvell_get_spsr_for_bl32_entry
                0x0000000000000000        0x8 ./build/a3700_z/debug/bl1/marvell_common.o
 .text.marvell_get_spsr_for_bl33_entry
                0x0000000000000000       0x20 ./build/a3700_z/debug/bl1/marvell_common.o
 .text.marvell_configure_sys_timer
                0x0000000000000000       0x24 ./build/a3700_z/debug/bl1/marvell_common.o
 .text          0x0000000000000000        0x0 ./build/a3700_z/debug/bl1/plat_common.o
 .data          0x0000000000000000        0x0 ./build/a3700_z/debug/bl1/plat_common.o
 .bss           0x0000000000000000        0x0 ./build/a3700_z/debug/bl1/plat_common.o
 .text.bl31_plat_enable_mmu
                0x0000000000000000        0x4 ./build/a3700_z/debug/bl1/plat_common.o
 .text.bl32_plat_enable_mmu
                0x0000000000000000        0x4 ./build/a3700_z/debug/bl1/plat_common.o
 .text.bl31_plat_runtime_setup
                0x0000000000000000        0x4 ./build/a3700_z/debug/bl1/plat_common.o
 .text.platform_core_pos_helper
                0x0000000000000000       0x38 ./build/a3700_z/debug/bl1/plat_common.o
 .rodata.__func__.1567
                0x0000000000000000       0x19 ./build/a3700_z/debug/bl1/plat_common.o
 .rodata.str1.1
                0x0000000000000000       0x2b ./build/a3700_z/debug/bl1/plat_common.o
 .debug_info    0x0000000000000000      0x236 ./build/a3700_z/debug/bl1/plat_common.o
 .debug_abbrev  0x0000000000000000      0x102 ./build/a3700_z/debug/bl1/plat_common.o
 .debug_loc     0x0000000000000000       0xe1 ./build/a3700_z/debug/bl1/plat_common.o
 .debug_aranges
                0x0000000000000000       0x60 ./build/a3700_z/debug/bl1/plat_common.o
 .debug_ranges  0x0000000000000000       0x50 ./build/a3700_z/debug/bl1/plat_common.o
 .debug_line    0x0000000000000000      0x15e ./build/a3700_z/debug/bl1/plat_common.o
 .debug_str     0x0000000000000000      0x258 ./build/a3700_z/debug/bl1/plat_common.o
 .comment       0x0000000000000000       0x3d ./build/a3700_z/debug/bl1/plat_common.o
 .note.GNU-stack
                0x0000000000000000        0x0 ./build/a3700_z/debug/bl1/plat_common.o
 .debug_frame   0x0000000000000000       0x80 ./build/a3700_z/debug/bl1/plat_common.o
 .text          0x0000000000000000        0x0 ./build/a3700_z/debug/bl1/plat_helpers.o
 .data          0x0000000000000000        0x0 ./build/a3700_z/debug/bl1/plat_helpers.o
 .bss           0x0000000000000000        0x0 ./build/a3700_z/debug/bl1/plat_helpers.o
 .text          0x0000000000000000        0x0 ./build/a3700_z/debug/bl1/cortex_a53.o
 .data          0x0000000000000000        0x0 ./build/a3700_z/debug/bl1/cortex_a53.o
 .bss           0x0000000000000000        0x0 ./build/a3700_z/debug/bl1/cortex_a53.o
 .rodata.gic_reg_name
                0x0000000000000000       0x67 ./build/a3700_z/debug/bl1/cortex_a53.o
 .rodata.cci_reg_name
                0x0000000000000000       0x31 ./build/a3700_z/debug/bl1/cortex_a53.o
 .text.cortex_a53_disable_dcache
                0x0000000000000000       0x14 ./build/a3700_z/debug/bl1/cortex_a53.o
 .text.cortex_a53_disable_smp
                0x0000000000000000       0x18 ./build/a3700_z/debug/bl1/cortex_a53.o
 .text.errata_a53_826319_wa
                0x0000000000000000       0x20 ./build/a3700_z/debug/bl1/cortex_a53.o
 .text.errata_a53_836870_wa
                0x0000000000000000       0x1c ./build/a3700_z/debug/bl1/cortex_a53.o
 .text.cortex_a53_core_pwr_dwn
                0x0000000000000000       0x18 ./build/a3700_z/debug/bl1/cortex_a53.o
 .text.cortex_a53_cluster_pwr_dwn
                0x0000000000000000       0x24 ./build/a3700_z/debug/bl1/cortex_a53.o
 .rodata.cortex_a53_regs
                0x0000000000000000        0xe ./build/a3700_z/debug/bl1/cortex_a53.o
 .text.cortex_a53_cpu_reg_dump
                0x0000000000000000        0xc ./build/a3700_z/debug/bl1/cortex_a53.o
 .text          0x0000000000000000        0x0 ./build/a3700_z/debug/bl1/platform_up_stack.o
 .data          0x0000000000000000        0x0 ./build/a3700_z/debug/bl1/platform_up_stack.o
 .bss           0x0000000000000000        0x0 ./build/a3700_z/debug/bl1/platform_up_stack.o
 .text.plat_get_my_stack
                0x0000000000000000       0x10 ./build/a3700_z/debug/bl1/platform_up_stack.o
 .text.deprecatedplatform_get_stack
                0x0000000000000000        0x4 ./build/a3700_z/debug/bl1/platform_up_stack.o
 .text.deprecatedplatform_set_stack
                0x0000000000000000        0x4 ./build/a3700_z/debug/bl1/platform_up_stack.o
 .text          0x0000000000000000        0x0 ./build/a3700_z/debug/bl1/bl1_entrypoint.o
 .data          0x0000000000000000        0x0 ./build/a3700_z/debug/bl1/bl1_entrypoint.o
 .bss           0x0000000000000000        0x0 ./build/a3700_z/debug/bl1/bl1_entrypoint.o
 .text          0x0000000000000000        0x0 ./build/a3700_z/debug/bl1/bl1_exceptions.o
 .data          0x0000000000000000        0x0 ./build/a3700_z/debug/bl1/bl1_exceptions.o
 .bss           0x0000000000000000        0x0 ./build/a3700_z/debug/bl1/bl1_exceptions.o
 .text          0x0000000000000000        0x0 ./build/a3700_z/debug/bl1/context.o
 .data          0x0000000000000000        0x0 ./build/a3700_z/debug/bl1/context.o
 .bss           0x0000000000000000        0x0 ./build/a3700_z/debug/bl1/context.o
 .text.el1_sysregs_context_save
                0x0000000000000000       0xb4 ./build/a3700_z/debug/bl1/context.o
 .text          0x0000000000000000        0x0 ./build/a3700_z/debug/bl1/cpu_helpers.o
 .data          0x0000000000000000        0x0 ./build/a3700_z/debug/bl1/cpu_helpers.o
 .bss           0x0000000000000000        0x0 ./build/a3700_z/debug/bl1/cpu_helpers.o
 .rodata.rev_warn_str
                0x0000000000000000       0x4b ./build/a3700_z/debug/bl1/cpu_helpers.o
 .text.print_revision_warning
                0x0000000000000000       0x18 ./build/a3700_z/debug/bl1/cpu_helpers.o
 .text          0x0000000000000000        0x0 ./build/a3700_z/debug/bl1/debug.o
 .data          0x0000000000000000        0x0 ./build/a3700_z/debug/bl1/debug.o
 .bss           0x0000000000000000        0x0 ./build/a3700_z/debug/bl1/debug.o
 .text.asm_print_hex
                0x0000000000000000       0x30 ./build/a3700_z/debug/bl1/debug.o
 .rodata.panic_str
                0x0000000000000000       0x11 ./build/a3700_z/debug/bl1/debug.o
 .text.do_panic
                0x0000000000000000       0x3c ./build/a3700_z/debug/bl1/debug.o
 .text          0x0000000000000000        0x0 ./build/a3700_z/debug/bl1/cache_helpers.o
 .data          0x0000000000000000        0x0 ./build/a3700_z/debug/bl1/cache_helpers.o
 .bss           0x0000000000000000        0x0 ./build/a3700_z/debug/bl1/cache_helpers.o
 .text.clean_dcache_range
                0x0000000000000000       0x34 ./build/a3700_z/debug/bl1/cache_helpers.o
 .text.inv_dcache_range
                0x0000000000000000       0x34 ./build/a3700_z/debug/bl1/cache_helpers.o
 .text.do_dcsw_op
                0x0000000000000000       0xdc ./build/a3700_z/debug/bl1/cache_helpers.o
 .text.dcsw_op_louis
                0x0000000000000000       0x14 ./build/a3700_z/debug/bl1/cache_helpers.o
 .text.dcsw_op_all
                0x0000000000000000       0x14 ./build/a3700_z/debug/bl1/cache_helpers.o
 .text.dcsw_op_level1
                0x0000000000000000       0x10 ./build/a3700_z/debug/bl1/cache_helpers.o
 .text.dcsw_op_level2
                0x0000000000000000       0x10 ./build/a3700_z/debug/bl1/cache_helpers.o
 .text.dcsw_op_level3
                0x0000000000000000       0x10 ./build/a3700_z/debug/bl1/cache_helpers.o
 .text          0x0000000000000000        0x0 ./build/a3700_z/debug/bl1/misc_helpers.o
 .data          0x0000000000000000        0x0 ./build/a3700_z/debug/bl1/misc_helpers.o
 .bss           0x0000000000000000        0x0 ./build/a3700_z/debug/bl1/misc_helpers.o
 .text.get_afflvl_shift
                0x0000000000000000       0x14 ./build/a3700_z/debug/bl1/misc_helpers.o
 .text.mpidr_mask_lower_afflvls
                0x0000000000000000       0x1c ./build/a3700_z/debug/bl1/misc_helpers.o
 .text.eret     0x0000000000000000        0x4 ./build/a3700_z/debug/bl1/misc_helpers.o
 .text.smc      0x0000000000000000        0x4 ./build/a3700_z/debug/bl1/misc_helpers.o
 .text          0x0000000000000000        0x0 ./build/a3700_z/debug/bl1/platform_helpers.o
 .data          0x0000000000000000        0x0 ./build/a3700_z/debug/bl1/platform_helpers.o
 .bss           0x0000000000000000        0x0 ./build/a3700_z/debug/bl1/platform_helpers.o
 .text.deprecatedplatform_get_core_pos
                0x0000000000000000       0x18 ./build/a3700_z/debug/bl1/platform_helpers.o
 .text.plat_crash_console_init
                0x0000000000000000        0x8 ./build/a3700_z/debug/bl1/platform_helpers.o
 .text.plat_crash_console_putc
                0x0000000000000000        0x4 ./build/a3700_z/debug/bl1/platform_helpers.o
 .text.plat_disable_acp
                0x0000000000000000        0x4 ./build/a3700_z/debug/bl1/platform_helpers.o
 .text.bl1_plat_prepare_exit
                0x0000000000000000        0x4 ./build/a3700_z/debug/bl1/platform_helpers.o
 .text          0x0000000000000000        0x0 ./build/a3700_z/debug/bl1/console.o
 .data          0x0000000000000000        0x0 ./build/a3700_z/debug/bl1/console.o
 .bss           0x0000000000000000        0x0 ./build/a3700_z/debug/bl1/console.o
 .text.console_uninit
                0x0000000000000000        0xc ./build/a3700_z/debug/bl1/console.o
 .text.console_getc
                0x0000000000000000        0xc ./build/a3700_z/debug/bl1/console.o
 .text          0x0000000000000000        0x0 ./build/a3700_z/debug/bl1/a3700_console.o
 .data          0x0000000000000000        0x0 ./build/a3700_z/debug/bl1/a3700_console.o
 .bss           0x0000000000000000        0x0 ./build/a3700_z/debug/bl1/a3700_console.o
 .text.console_core_getc
                0x0000000000000000        0xc ./build/a3700_z/debug/bl1/a3700_console.o
 .text          0x0000000000000000        0x0 ./build/a3700_z/debug/bl1/marvell_helpers.o
 .data          0x0000000000000000        0x0 ./build/a3700_z/debug/bl1/marvell_helpers.o
 .bss           0x0000000000000000        0x0 ./build/a3700_z/debug/bl1/marvell_helpers.o
 .text.plat_my_core_pos
                0x0000000000000000        0x8 ./build/a3700_z/debug/bl1/marvell_helpers.o
 .text.plat_arm_calc_core_pos
                0x0000000000000000       0x10 ./build/a3700_z/debug/bl1/marvell_helpers.o

Memory Configuration

Name             Origin             Length             Attributes
ROM              0x0000000004100000 0x0000000004000000 xr
RAM              0x000000000403a000 0x0000000000006000 xrw
*default*        0x0000000000000000 0xffffffffffffffff

Linker script and memory map

                0x0000000004100000                . = 0x4100000
                0x0000000000000001                ASSERT ((. == ALIGN (0x1000)), BL1_RO_BASE address is not aligned on a page boundary.)

ro              0x0000000004100000     0x3f8c
                0x0000000004100000                __RO_START__ = .
 *bl1_entrypoint.o(.text*)
 .text.bl1_entrypoint
                0x0000000004100000       0xc8 ./build/a3700_z/debug/bl1/bl1_entrypoint.o
                0x0000000004100000                bl1_entrypoint
 *(.text*)
 .text.device_type_fip
                0x00000000041000c8        0x8 ./build/a3700_z/debug/bl1/io_fip.o
                0x00000000041000c8                device_type_fip
 .text.fip_dev_close
                0x00000000041000d0       0x18 ./build/a3700_z/debug/bl1/io_fip.o
 .text.fip_dev_init
                0x00000000041000e8       0x9c ./build/a3700_z/debug/bl1/io_fip.o
 .text.fip_file_close
                0x0000000004100184       0x40 ./build/a3700_z/debug/bl1/io_fip.o
 .text.fip_file_read
                0x00000000041001c4      0x120 ./build/a3700_z/debug/bl1/io_fip.o
 .text.fip_dev_open
                0x00000000041002e4       0x40 ./build/a3700_z/debug/bl1/io_fip.o
 .text.fip_file_len
                0x0000000004100324       0x58 ./build/a3700_z/debug/bl1/io_fip.o
 .text.fip_file_open
                0x000000000410037c      0x124 ./build/a3700_z/debug/bl1/io_fip.o
 .text.register_io_dev_fip
                0x00000000041004a0       0x5c ./build/a3700_z/debug/bl1/io_fip.o
                0x00000000041004a0                register_io_dev_fip
 .text.device_type_memmap
                0x00000000041004fc        0x8 ./build/a3700_z/debug/bl1/io_memmap.o
                0x00000000041004fc                device_type_memmap
 .text.memmap_dev_close
                0x0000000004100504        0x8 ./build/a3700_z/debug/bl1/io_memmap.o
 .text.memmap_dev_open
                0x000000000410050c       0x40 ./build/a3700_z/debug/bl1/io_memmap.o
 .text.memmap_block_seek
                0x000000000410054c       0x4c ./build/a3700_z/debug/bl1/io_memmap.o
 .text.memmap_block_open
                0x0000000004100598       0x78 ./build/a3700_z/debug/bl1/io_memmap.o
 .text.memmap_block_close
                0x0000000004100610       0x50 ./build/a3700_z/debug/bl1/io_memmap.o
 .text.memmap_block_write
                0x0000000004100660       0x98 ./build/a3700_z/debug/bl1/io_memmap.o
 .text.memmap_block_read
                0x00000000041006f8       0xa0 ./build/a3700_z/debug/bl1/io_memmap.o
 .text.register_io_dev_memmap
                0x0000000004100798       0x5c ./build/a3700_z/debug/bl1/io_memmap.o
                0x0000000004100798                register_io_dev_memmap
 .text.is_valid_dev
                0x00000000041007f4       0x40 ./build/a3700_z/debug/bl1/io_storage.o
 .text.is_valid_entity
                0x0000000004100834       0x2c ./build/a3700_z/debug/bl1/io_storage.o
 .text.free_entity
                0x0000000004100860       0x74 ./build/a3700_z/debug/bl1/io_storage.o
 .text.io_register_device
                0x00000000041008d4       0x50 ./build/a3700_z/debug/bl1/io_storage.o
                0x00000000041008d4                io_register_device
 .text.io_dev_open
                0x0000000004100924       0x6c ./build/a3700_z/debug/bl1/io_storage.o
                0x0000000004100924                io_dev_open
 .text.io_dev_init
                0x0000000004100990       0x80 ./build/a3700_z/debug/bl1/io_storage.o
                0x0000000004100990                io_dev_init
 .text.io_dev_close
                0x0000000004100a10       0x78 ./build/a3700_z/debug/bl1/io_storage.o
                0x0000000004100a10                io_dev_close
 .text.io_open  0x0000000004100a88      0x13c ./build/a3700_z/debug/bl1/io_storage.o
                0x0000000004100a88                io_open
 .text.io_seek  0x0000000004100bc4       0x90 ./build/a3700_z/debug/bl1/io_storage.o
                0x0000000004100bc4                io_seek
 .text.io_size  0x0000000004100c54       0x78 ./build/a3700_z/debug/bl1/io_storage.o
                0x0000000004100c54                io_size
 .text.io_read  0x0000000004100ccc       0xa0 ./build/a3700_z/debug/bl1/io_storage.o
                0x0000000004100ccc                io_read
 .text.io_close
                0x0000000004100d6c       0x70 ./build/a3700_z/debug/bl1/io_storage.o
                0x0000000004100d6c                io_close
 .text.bl1_plat_sec_mem_layout
                0x0000000004100ddc        0xc ./build/a3700_z/debug/bl1/marvell_bl1_setup.o
                0x0000000004100ddc                bl1_plat_sec_mem_layout
 .text.marvell_bl1_early_platform_setup
                0x0000000004100de8       0x78 ./build/a3700_z/debug/bl1/marvell_bl1_setup.o
                0x0000000004100de8                marvell_bl1_early_platform_setup
 .text.bl1_early_platform_setup
                0x0000000004100e60        0x4 ./build/a3700_z/debug/bl1/marvell_bl1_setup.o
                0x0000000004100e60                bl1_early_platform_setup
 .text.marvell_bl1_plat_arch_setup
                0x0000000004100e64       0x1c ./build/a3700_z/debug/bl1/marvell_bl1_setup.o
                0x0000000004100e64                marvell_bl1_plat_arch_setup
 .text.bl1_plat_arch_setup
                0x0000000004100e80        0x4 ./build/a3700_z/debug/bl1/marvell_bl1_setup.o
                0x0000000004100e80                bl1_plat_arch_setup
 .text.bl1_platform_setup
                0x0000000004100e84        0x4 ./build/a3700_z/debug/bl1/marvell_bl1_setup.o
                0x0000000004100e84                bl1_platform_setup
 .text.bl1_plat_prepare_exit
                0x0000000004100e88        0x4 ./build/a3700_z/debug/bl1/marvell_bl1_setup.o
                0x0000000004100e88                bl1_plat_prepare_exit
 .text.open_fip
                0x0000000004100e8c       0x60 ./build/a3700_z/debug/bl1/marvell_io_storage.o
 .text.open_memmap
                0x0000000004100eec       0x60 ./build/a3700_z/debug/bl1/marvell_io_storage.o
 .text.marvell_io_setup
                0x0000000004100f4c       0xb8 ./build/a3700_z/debug/bl1/marvell_io_storage.o
                0x0000000004100f4c                marvell_io_setup
 .text.plat_marvell_io_setup
                0x0000000004101004        0x4 ./build/a3700_z/debug/bl1/marvell_io_storage.o
                0x0000000004101004                plat_marvell_io_setup
 .text.plat_marvell_get_alt_image_source
                0x0000000004101008        0x8 ./build/a3700_z/debug/bl1/marvell_io_storage.o
                0x0000000004101008                plat_marvell_get_alt_image_source
 .text.plat_get_image_source
                0x0000000004101010       0xb4 ./build/a3700_z/debug/bl1/marvell_io_storage.o
                0x0000000004101010                plat_get_image_source
 .text.bl1_init_bl2_mem_layout
                0x00000000041010c4       0xc8 ./build/a3700_z/debug/bl1/bl1_main.o
                0x00000000041010c4                bl1_init_bl2_mem_layout
 .text.bl1_main
                0x000000000410118c      0x180 ./build/a3700_z/debug/bl1/bl1_main.o
                0x000000000410118c                bl1_main
 .text.bl1_print_bl31_ep_info
                0x000000000410130c       0x2c ./build/a3700_z/debug/bl1/bl1_main.o
                0x000000000410130c                bl1_print_bl31_ep_info
 .text.bl1_smc_handler
                0x0000000004101338       0x5c ./build/a3700_z/debug/bl1/bl1_main.o
                0x0000000004101338                bl1_smc_handler
 .text.bl1_arch_setup
                0x0000000004101394        0xc ./build/a3700_z/debug/bl1/bl1_arch_setup.o
                0x0000000004101394                bl1_arch_setup
 .text.cm_get_context
                0x00000000041013a0       0x40 ./build/a3700_z/debug/bl1/bl1_context_mgmt.o
                0x00000000041013a0                cm_get_context
 .text.cm_set_context
                0x00000000041013e0       0x40 ./build/a3700_z/debug/bl1/bl1_context_mgmt.o
                0x00000000041013e0                cm_set_context
 .text.bl1_prepare_next_image
                0x0000000004101420       0xcc ./build/a3700_z/debug/bl1/bl1_context_mgmt.o
                0x0000000004101420                bl1_prepare_next_image
 .text.cm_init_context_common
                0x00000000041014ec      0x104 ./build/a3700_z/debug/bl1/context_mgmt.o
 .text.cm_init_my_context
                0x00000000041015f0       0x2c ./build/a3700_z/debug/bl1/context_mgmt.o
                0x00000000041015f0                cm_init_my_context
 .text.cm_prepare_el3_exit
                0x000000000410161c      0x108 ./build/a3700_z/debug/bl1/context_mgmt.o
                0x000000000410161c                cm_prepare_el3_exit
 .text.bl1_plat_get_next_image_id
                0x0000000004101724        0x8 ./build/a3700_z/debug/bl1/plat_bl1_common.o
                0x0000000004101724                bl1_plat_get_next_image_id
 .text.bl1_plat_set_ep_info
                0x000000000410172c        0x4 ./build/a3700_z/debug/bl1/plat_bl1_common.o
                0x000000000410172c                bl1_plat_set_ep_info
 .text.reserve_mem
                0x0000000004101730       0xd0 ./build/a3700_z/debug/bl1/bl_common.o
                0x0000000004101730                reserve_mem
 .text.load_image
                0x0000000004101800      0x16c ./build/a3700_z/debug/bl1/bl_common.o
                0x0000000004101800                load_image
 .text.load_auth_image
                0x000000000410196c        0x4 ./build/a3700_z/debug/bl1/bl_common.o
                0x000000000410196c                load_auth_image
 .text.print_entry_point_info
                0x0000000004101970        0x4 ./build/a3700_z/debug/bl1/bl_common.o
                0x0000000004101970                print_entry_point_info
 .text.unsigned_num_print
                0x0000000004101974       0x74 ./build/a3700_z/debug/bl1/tf_printf.o
 .text.tf_printf
                0x00000000041019e8      0x284 ./build/a3700_z/debug/bl1/tf_printf.o
                0x00000000041019e8                tf_printf
 .text.__assert
                0x0000000004101c6c       0x1c ./build/a3700_z/debug/bl1/std.o
                0x0000000004101c6c                __assert
 .text.memset   0x0000000004101c88       0x1c ./build/a3700_z/debug/bl1/std.o
                0x0000000004101c88                memset
 .text.memcmp   0x0000000004101ca4       0x34 ./build/a3700_z/debug/bl1/std.o
                0x0000000004101ca4                memcmp
 .text.memcpy   0x0000000004101cd8       0x20 ./build/a3700_z/debug/bl1/std.o
                0x0000000004101cd8                memcpy
 .text.memmove  0x0000000004101cf8       0x48 ./build/a3700_z/debug/bl1/std.o
                0x0000000004101cf8                memmove
 .text.putchar  0x0000000004101d40       0x2c ./build/a3700_z/debug/bl1/std.o
                0x0000000004101d40                putchar
 .text.bl1_plat_get_image_desc
                0x0000000004101d6c       0x34 ./build/a3700_z/debug/bl1/a3700_z_common.o
                0x0000000004101d6c                bl1_plat_get_image_desc
 .text.init_xlation_table
                0x0000000004101da0      0x1e0 ./build/a3700_z/debug/bl1/xlat_tables.o
 .text.mmap_add_region
                0x0000000004101f80      0x12c ./build/a3700_z/debug/bl1/xlat_tables.o
                0x0000000004101f80                mmap_add_region
 .text.mmap_add
                0x00000000041020ac       0x38 ./build/a3700_z/debug/bl1/xlat_tables.o
                0x00000000041020ac                mmap_add
 .text.init_xlat_tables
                0x00000000041020e4       0xd0 ./build/a3700_z/debug/bl1/xlat_tables.o
                0x00000000041020e4                init_xlat_tables
 .text.enable_mmu_el3
                0x00000000041021b4       0xb8 ./build/a3700_z/debug/bl1/xlat_tables.o
                0x00000000041021b4                enable_mmu_el3
 .text.arm_configure_mmu_el3
                0x000000000410226c       0x58 ./build/a3700_z/debug/bl1/marvell_common.o
                0x000000000410226c                arm_configure_mmu_el3
 .text.plat_secondary_cold_boot_setup
                0x00000000041022c4        0x8 ./build/a3700_z/debug/bl1/plat_helpers.o
                0x00000000041022c4                plat_secondary_cold_boot_setup
 .text.plat_get_my_entrypoint
                0x00000000041022cc        0x8 ./build/a3700_z/debug/bl1/plat_helpers.o
                0x00000000041022cc                plat_get_my_entrypoint
 .text.plat_is_my_cpu_primary
                0x00000000041022d4       0x14 ./build/a3700_z/debug/bl1/plat_helpers.o
                0x00000000041022d4                plat_is_my_cpu_primary
 .text.cortex_a53_reset_func
                0x00000000041022e8       0x2c ./build/a3700_z/debug/bl1/cortex_a53.o
 *fill*         0x0000000004102314        0x4 
 .text.plat_set_my_stack
                0x0000000004102318       0x18 ./build/a3700_z/debug/bl1/platform_up_stack.o
                0x0000000004102318                plat_set_my_stack
 .text.smc_handler64
                0x0000000004102330       0xb4 ./build/a3700_z/debug/bl1/bl1_exceptions.o
 .text.el1_sysregs_context_restore
                0x00000000041023e4       0xb4 ./build/a3700_z/debug/bl1/context.o
                0x00000000041023e4                el1_sysregs_context_restore
 .text.save_gp_registers
                0x0000000004102498       0x48 ./build/a3700_z/debug/bl1/context.o
                0x0000000004102498                save_gp_registers
 .text.restore_gp_registers_eret
                0x00000000041024e0        0xc ./build/a3700_z/debug/bl1/context.o
                0x00000000041024e0                restore_gp_registers_eret
 .text.restore_gp_registers_callee_eret
                0x00000000041024ec       0x40 ./build/a3700_z/debug/bl1/context.o
                0x00000000041024ec                restore_gp_registers_callee_eret
 .text.el3_exit
                0x000000000410252c       0x24 ./build/a3700_z/debug/bl1/context.o
                0x000000000410252c                el3_exit
 .text.reset_handler
                0x0000000004102550       0x34 ./build/a3700_z/debug/bl1/cpu_helpers.o
                0x0000000004102550                reset_handler
 .text.get_cpu_ops_ptr
                0x0000000004102584       0x3c ./build/a3700_z/debug/bl1/cpu_helpers.o
                0x0000000004102584                get_cpu_ops_ptr
 .text.asm_assert
                0x00000000041025c0       0x58 ./build/a3700_z/debug/bl1/debug.o
                0x00000000041025c0                asm_assert
 .text.asm_print_str
                0x0000000004102618       0x18 ./build/a3700_z/debug/bl1/debug.o
                0x0000000004102618                asm_print_str
 .text.flush_dcache_range
                0x0000000004102630       0x34 ./build/a3700_z/debug/bl1/cache_helpers.o
                0x0000000004102630                flush_dcache_range
 .text.zeromem16
                0x0000000004102664       0x40 ./build/a3700_z/debug/bl1/misc_helpers.o
                0x0000000004102664                zeromem16
 .text.memcpy16
                0x00000000041026a4       0x48 ./build/a3700_z/debug/bl1/misc_helpers.o
                0x00000000041026a4                memcpy16
 .text.disable_mmu_el3
                0x00000000041026ec       0x1c ./build/a3700_z/debug/bl1/misc_helpers.o
                0x00000000041026ec                disable_mmu_el3
 .text.disable_mmu_icache_el3
                0x0000000004102708        0x8 ./build/a3700_z/debug/bl1/misc_helpers.o
                0x0000000004102708                disable_mmu_icache_el3
 .text.plat_report_exception
                0x0000000004102710        0x4 ./build/a3700_z/debug/bl1/platform_helpers.o
                0x0000000004102710                plat_report_exception
 .text.plat_reset_handler
                0x0000000004102714        0x4 ./build/a3700_z/debug/bl1/platform_helpers.o
                0x0000000004102714                plat_reset_handler
 .text.plat_error_handler
                0x0000000004102718        0x4 ./build/a3700_z/debug/bl1/platform_helpers.o
                0x0000000004102718                plat_error_handler
 .text.console_init
                0x000000000410271c       0x14 ./build/a3700_z/debug/bl1/console.o
                0x000000000410271c                console_init
 .text.console_putc
                0x0000000004102730        0xc ./build/a3700_z/debug/bl1/console.o
                0x0000000004102730                console_putc
 .text.console_core_init
                0x000000000410273c       0x64 ./build/a3700_z/debug/bl1/a3700_console.o
                0x000000000410273c                console_core_init
 .text.console_core_putc
                0x00000000041027a0       0x44 ./build/a3700_z/debug/bl1/a3700_console.o
                0x00000000041027a0                console_core_putc
 .text.plat_crash_console_init
                0x00000000041027e4       0x1c ./build/a3700_z/debug/bl1/marvell_helpers.o
                0x00000000041027e4                plat_crash_console_init
 .text.plat_crash_console_putc
                0x0000000004102800        0xc ./build/a3700_z/debug/bl1/marvell_helpers.o
                0x0000000004102800                plat_crash_console_putc
 .text.platform_mem_init
                0x000000000410280c        0x4 ./build/a3700_z/debug/bl1/marvell_helpers.o
                0x000000000410280c                platform_mem_init
 *(.rodata*)
 .rodata.version_string
                0x0000000004102810       0x1a ./build/a3700_z/debug/bl1/build_message.o
                0x0000000004102810                version_string
 *fill*         0x000000000410282a        0x6 
 .rodata.build_message
                0x0000000004102830       0x1e ./build/a3700_z/debug/bl1/build_message.o
                0x0000000004102830                build_message
 *fill*         0x000000000410284e        0x2 
 .rodata.fip_dev_info
                0x0000000004102850       0x10 ./build/a3700_z/debug/bl1/io_fip.o
 .rodata.__func__.1781
                0x0000000004102860        0xe ./build/a3700_z/debug/bl1/io_fip.o
 *fill*         0x000000000410286e        0x2 
 .rodata.fip_dev_connector
                0x0000000004102870        0x8 ./build/a3700_z/debug/bl1/io_fip.o
 .rodata.__func__.1790
                0x0000000004102878        0xd ./build/a3700_z/debug/bl1/io_fip.o
 *fill*         0x0000000004102885        0x3 
 .rodata.uuid_null
                0x0000000004102888       0x10 ./build/a3700_z/debug/bl1/io_fip.o
 .rodata.str1.1
                0x0000000004102898       0xb3 ./build/a3700_z/debug/bl1/io_fip.o
 *fill*         0x000000000410294b        0x5 
 .rodata.__func__.1802
                0x0000000004102950        0xe ./build/a3700_z/debug/bl1/io_fip.o
 *fill*         0x000000000410295e        0x2 
 .rodata.__func__.1757
                0x0000000004102960        0xd ./build/a3700_z/debug/bl1/io_fip.o
 *fill*         0x000000000410296d        0x3 
 .rodata.__func__.1812
                0x0000000004102970       0x14 ./build/a3700_z/debug/bl1/io_fip.o
 *fill*         0x0000000004102984        0x4 
 .rodata.fip_dev_funcs
                0x0000000004102988       0x48 ./build/a3700_z/debug/bl1/io_fip.o
 .rodata.memmap_dev_info
                0x00000000041029d0       0x10 ./build/a3700_z/debug/bl1/io_memmap.o
 .rodata.__func__.1445
                0x00000000041029e0       0x12 ./build/a3700_z/debug/bl1/io_memmap.o
 *fill*         0x00000000041029f2        0x6 
 .rodata.__func__.1452
                0x00000000041029f8       0x12 ./build/a3700_z/debug/bl1/io_memmap.o
 *fill*         0x0000000004102a0a        0x6 
 .rodata.__func__.1460
                0x0000000004102a10       0x12 ./build/a3700_z/debug/bl1/io_memmap.o
 *fill*         0x0000000004102a22        0x6 
 .rodata.memmap_dev_connector
                0x0000000004102a28        0x8 ./build/a3700_z/debug/bl1/io_memmap.o
 .rodata.str1.1
                0x0000000004102a30       0x41 ./build/a3700_z/debug/bl1/io_memmap.o
                                         0x9f (size before relaxing)
 *fill*         0x0000000004102a71        0x7 
 .rodata.memmap_dev_funcs
                0x0000000004102a78       0x48 ./build/a3700_z/debug/bl1/io_memmap.o
 .rodata.__func__.1472
                0x0000000004102ac0       0x13 ./build/a3700_z/debug/bl1/io_memmap.o
 *fill*         0x0000000004102ad3        0x5 
 .rodata.__func__.1468
                0x0000000004102ad8       0x13 ./build/a3700_z/debug/bl1/io_memmap.o
 *fill*         0x0000000004102aeb        0x5 
 .rodata.__func__.1477
                0x0000000004102af0       0x17 ./build/a3700_z/debug/bl1/io_memmap.o
 *fill*         0x0000000004102b07        0x1 
 .rodata.__func__.1434
                0x0000000004102b08       0x10 ./build/a3700_z/debug/bl1/io_memmap.o
 .rodata.__func__.1449
                0x0000000004102b18        0x8 ./build/a3700_z/debug/bl1/io_storage.o
 .rodata.__func__.1401
                0x0000000004102b20       0x10 ./build/a3700_z/debug/bl1/io_storage.o
 .rodata.__func__.1413
                0x0000000004102b30       0x13 ./build/a3700_z/debug/bl1/io_storage.o
 *fill*         0x0000000004102b43        0x5 
 .rodata.__func__.1432
                0x0000000004102b48        0xd ./build/a3700_z/debug/bl1/io_storage.o
 .rodata.str1.1
                0x0000000004102b55      0x174 ./build/a3700_z/debug/bl1/io_storage.o
                                        0x1ba (size before relaxing)
 *fill*         0x0000000004102cc9        0x7 
 .rodata.__func__.1408
                0x0000000004102cd0        0xc ./build/a3700_z/debug/bl1/io_storage.o
 *fill*         0x0000000004102cdc        0x4 
 .rodata.__func__.1420
                0x0000000004102ce0        0xc ./build/a3700_z/debug/bl1/io_storage.o
 *fill*         0x0000000004102cec        0x4 
 .rodata.__func__.1457
                0x0000000004102cf0        0x8 ./build/a3700_z/debug/bl1/io_storage.o
 .rodata.__func__.1484
                0x0000000004102cf8        0x9 ./build/a3700_z/debug/bl1/io_storage.o
 *fill*         0x0000000004102d01        0x7 
 .rodata.__func__.1467
                0x0000000004102d08        0x8 ./build/a3700_z/debug/bl1/io_storage.o
 .rodata.__func__.1426
                0x0000000004102d10        0xc ./build/a3700_z/debug/bl1/io_storage.o
 *fill*         0x0000000004102d1c        0x4 
 .rodata.__func__.1382
                0x0000000004102d20        0x9 ./build/a3700_z/debug/bl1/io_storage.o
 *fill*         0x0000000004102d29        0x7 
 .rodata.__func__.1440
                0x0000000004102d30        0x8 ./build/a3700_z/debug/bl1/io_storage.o
 .rodata.__func__.1441
                0x0000000004102d38       0x11 ./build/a3700_z/debug/bl1/marvell_io_storage.o
 *fill*         0x0000000004102d49        0x7 
 .rodata.bl2_uuid_spec
                0x0000000004102d50       0x10 ./build/a3700_z/debug/bl1/marvell_io_storage.o
 .rodata.bl31_uuid_spec
                0x0000000004102d60       0x10 ./build/a3700_z/debug/bl1/marvell_io_storage.o
 .rodata.__func__.1457
                0x0000000004102d70       0x16 ./build/a3700_z/debug/bl1/marvell_io_storage.o
 *fill*         0x0000000004102d86        0x2 
 .rodata.policies
                0x0000000004102d88       0x90 ./build/a3700_z/debug/bl1/marvell_io_storage.o
 .rodata.str1.1
                0x0000000004102e18       0x58 ./build/a3700_z/debug/bl1/marvell_io_storage.o
 .rodata.bl33_uuid_spec
                0x0000000004102e70       0x10 ./build/a3700_z/debug/bl1/marvell_io_storage.o
 .rodata.scp_bl2_uuid_spec
                0x0000000004102e80       0x10 ./build/a3700_z/debug/bl1/marvell_io_storage.o
 .rodata.fip_block_spec
                0x0000000004102e90       0x10 ./build/a3700_z/debug/bl1/marvell_io_storage.o
 .rodata.__func__.2274
                0x0000000004102ea0       0x18 ./build/a3700_z/debug/bl1/bl1_main.o
 .rodata.__func__.2280
                0x0000000004102eb8        0x9 ./build/a3700_z/debug/bl1/bl1_main.o
 *fill*         0x0000000004102ec1        0x7 
 .rodata.__func__.2290
                0x0000000004102ec8        0xd ./build/a3700_z/debug/bl1/bl1_main.o
 *fill*         0x0000000004102ed5        0x3 
 .rodata.bl1_svc_uid
                0x0000000004102ed8       0x10 ./build/a3700_z/debug/bl1/bl1_main.o
 .rodata.str1.1
                0x0000000004102ee8      0x1f3 ./build/a3700_z/debug/bl1/bl1_main.o
 *fill*         0x00000000041030db        0x5 
 .rodata.__func__.2297
                0x00000000041030e0        0xf ./build/a3700_z/debug/bl1/bl1_context_mgmt.o
 .rodata.str1.1
                0x00000000041030ef       0x3a ./build/a3700_z/debug/bl1/bl1_context_mgmt.o
                                         0x45 (size before relaxing)
 *fill*         0x0000000004103129        0x7 
 .rodata.__func__.2302
                0x0000000004103130        0xf ./build/a3700_z/debug/bl1/bl1_context_mgmt.o
 *fill*         0x000000000410313f        0x1 
 .rodata.__func__.2309
                0x0000000004103140       0x17 ./build/a3700_z/debug/bl1/bl1_context_mgmt.o
 .rodata.str1.1
                0x0000000004103157       0x7e ./build/a3700_z/debug/bl1/context_mgmt.o
 *fill*         0x00000000041031d5        0x3 
 .rodata.__func__.2361
                0x00000000041031d8       0x17 ./build/a3700_z/debug/bl1/context_mgmt.o
 *fill*         0x00000000041031ef        0x1 
 .rodata.__func__.1987
                0x00000000041031f0       0x14 ./build/a3700_z/debug/bl1/context_mgmt.o
 *fill*         0x0000000004103204        0x4 
 .rodata.__func__.2378
                0x0000000004103208       0x14 ./build/a3700_z/debug/bl1/context_mgmt.o
 *fill*         0x000000000410321c        0x4 
 .rodata.__func__.2345
                0x0000000004103220        0xf ./build/a3700_z/debug/bl1/bl_common.o
 .rodata.str1.1
                0x000000000410322f       0xb8 ./build/a3700_z/debug/bl1/bl_common.o
                                         0xcb (size before relaxing)
 *fill*         0x00000000041032e7        0x1 
 .rodata.__func__.2355
                0x00000000041032e8        0xc ./build/a3700_z/debug/bl1/bl_common.o
 *fill*         0x00000000041032f4        0x4 
 .rodata.__func__.2382
                0x00000000041032f8        0xb ./build/a3700_z/debug/bl1/bl_common.o
 .rodata.str1.1
                0x0000000004103303       0x48 ./build/a3700_z/debug/bl1/std.o
 *fill*         0x000000000410334b        0x5 
 .rodata.plat_arm_mmap
                0x0000000004103350       0x60 ./build/a3700_z/debug/bl1/a3700_z_common.o
                0x0000000004103350                plat_arm_mmap
 .rodata.__func__.1999
                0x00000000041033b0       0x13 ./build/a3700_z/debug/bl1/xlat_tables.o
 *fill*         0x00000000041033c3        0x5 
 .rodata.__func__.2029
                0x00000000041033c8        0xf ./build/a3700_z/debug/bl1/xlat_tables.o
 *fill*         0x00000000041033d7        0x1 
 .rodata.__func__.2013
                0x00000000041033d8       0x11 ./build/a3700_z/debug/bl1/xlat_tables.o
 *fill*         0x00000000041033e9        0x7 
 .rodata.__func__.2009
                0x00000000041033f0       0x1d ./build/a3700_z/debug/bl1/xlat_tables.o
 .rodata.str1.1
                0x000000000410340d      0x13f ./build/a3700_z/debug/bl1/xlat_tables.o
 *fill*         0x000000000410354c        0x4 
 .rodata.__func__.1966
                0x0000000004103550       0x10 ./build/a3700_z/debug/bl1/xlat_tables.o
 .rodata.str1.1
                0x0000000004103560       0x1f ./build/a3700_z/debug/bl1/cpu_helpers.o
 .rodata.assert_str
                0x000000000410357f       0x15 ./build/a3700_z/debug/bl1/debug.o
 .rodata.str1.1
                0x0000000004103594       0x1b ./build/a3700_z/debug/bl1/misc_helpers.o
                0x00000000041035b0                . = ALIGN (0x8)
 *fill*         0x00000000041035af        0x1 
                0x00000000041035b0                __PARSER_LIB_DESCS_START__ = .
 *(.img_parser_lib_descs)
                0x00000000041035b0                __PARSER_LIB_DESCS_END__ = .
                0x00000000041035b0                . = ALIGN (0x8)
                0x00000000041035b0                __CPU_OPS_START__ = .
 *(cpu_ops)
 cpu_ops        0x00000000041035b0       0x10 ./build/a3700_z/debug/bl1/cortex_a53.o
                0x00000000041035c0                __CPU_OPS_END__ = .
 *(.vectors)
 *fill*         0x00000000041035c0      0x240 
 .vectors       0x0000000004103800      0x78c ./build/a3700_z/debug/bl1/bl1_exceptions.o
                0x0000000004103800                bl1_exceptions
                0x0000000004103f8c                __RO_END__ = .
                0x0000000000000001                ASSERT ((__CPU_OPS_END__ > __CPU_OPS_START__), cpu_ops not defined for this platform.)

.iplt           0x0000000004103f8c        0x0
 .iplt          0x0000000004103f8c        0x0 ./build/a3700_z/debug/bl1/build_message.o

.rela.dyn       0x0000000004103f90        0x0
 .rela.iplt     0x0000000004103f90        0x0 ./build/a3700_z/debug/bl1/build_message.o
                0x000000000403a000                . = 0x403a000
                0x0000000000000001                ASSERT ((. == ALIGN (0x1000)), BL1_RW_BASE address is not aligned on a page boundary.)

.data           0x000000000403a000        0x8 load address 0x0000000004103f90
                0x000000000403a000                __DATA_RAM_START__ = .
 *(.data*)
 .data.console_base
                0x000000000403a000        0x8 ./build/a3700_z/debug/bl1/console.o
                0x000000000403a008                __DATA_RAM_END__ = .

.igot.plt       0x000000000403a008        0x0 load address 0x0000000004103f98
 .igot.plt      0x000000000403a008        0x0 ./build/a3700_z/debug/bl1/build_message.o

stacks          0x000000000403a008      0x478
                0x000000000403a008                __STACKS_START__ = .
 *(tzfw_normal_stacks)
 *fill*         0x000000000403a008       0x38 
 tzfw_normal_stacks
                0x000000000403a040      0x440 ./build/a3700_z/debug/bl1/platform_up_stack.o
                0x000000000403a480                __STACKS_END__ = .

.bss            0x000000000403a480      0x728
                0x000000000403a480                __BSS_START__ = .
 *(.bss*)
 .bss.backend_image_spec
                0x000000000403a480        0x8 ./build/a3700_z/debug/bl1/io_fip.o
 .bss.current_file
                0x000000000403a488       0x30 ./build/a3700_z/debug/bl1/io_fip.o
 .bss.backend_dev_handle
                0x000000000403a4b8        0x8 ./build/a3700_z/debug/bl1/io_fip.o
 .bss.current_file
                0x000000000403a4c0       0x18 ./build/a3700_z/debug/bl1/io_memmap.o
 .bss.entity_count
                0x000000000403a4d8        0x4 ./build/a3700_z/debug/bl1/io_storage.o
 .bss.dev_count
                0x000000000403a4dc        0x4 ./build/a3700_z/debug/bl1/io_storage.o
 .bss.entity_map
                0x000000000403a4e0       0x20 ./build/a3700_z/debug/bl1/io_storage.o
 .bss.entity_pool
                0x000000000403a500       0x40 ./build/a3700_z/debug/bl1/io_storage.o
 .bss.bl1_ram_layout
                0x000000000403a540       0x20 ./build/a3700_z/debug/bl1/marvell_bl1_setup.o
 .bss.memmap_dev_con
                0x000000000403a560        0x8 ./build/a3700_z/debug/bl1/marvell_io_storage.o
 .bss.fip_dev_handle
                0x000000000403a568        0x8 ./build/a3700_z/debug/bl1/marvell_io_storage.o
 .bss.fip_dev_con
                0x000000000403a570        0x8 ./build/a3700_z/debug/bl1/marvell_io_storage.o
 .bss.memmap_dev_handle
                0x000000000403a578        0x8 ./build/a3700_z/debug/bl1/marvell_io_storage.o
 .bss.bl1_cpu_context_ptr
                0x000000000403a580       0x10 ./build/a3700_z/debug/bl1/bl1_context_mgmt.o
 .bss.bl1_cpu_context
                0x000000000403a590      0x420 ./build/a3700_z/debug/bl1/bl1_context_mgmt.o
 .bss.tcr_ps_bits
                0x000000000403a9b0        0x8 ./build/a3700_z/debug/bl1/xlat_tables.o
 .bss.mmap      0x000000000403a9b8      0x120 ./build/a3700_z/debug/bl1/xlat_tables.o
 .bss.max_va    0x000000000403aad8        0x8 ./build/a3700_z/debug/bl1/xlat_tables.o
 .bss.max_pa    0x000000000403aae0        0x8 ./build/a3700_z/debug/bl1/xlat_tables.o
 *fill*         0x000000000403aae8       0x18 
 .bss.l1_xlation_table
                0x000000000403ab00       0x20 ./build/a3700_z/debug/bl1/xlat_tables.o
 .bss.next_xlat
                0x000000000403ab20        0x4 ./build/a3700_z/debug/bl1/xlat_tables.o
 *(COMMON)
 *fill*         0x000000000403ab24        0x4 
 COMMON         0x000000000403ab28       0x80 ./build/a3700_z/debug/bl1/a3700_z_common.o
                0x000000000403ab28                bl2_img_desc
                0x000000000403aba8                __BSS_END__ = .

xlat_table      0x000000000403b000     0x4000
 *(xlat_table)
 xlat_table     0x000000000403b000     0x4000 ./build/a3700_z/debug/bl1/xlat_tables.o
                0x000000000403a000                __BL1_RAM_START__ = ADDR (.data)
                0x000000000403f000                __BL1_RAM_END__ = .
                0x0000000004103f90                __DATA_ROM_START__ = LOADADDR (.data)
                0x0000000000000008                __DATA_SIZE__ = SIZEOF (.data)
                0x0000000000000001                ASSERT (((__DATA_ROM_START__ + __DATA_SIZE__) <= 0x8100000), BL1's RO section has exceeded its limit.)
                0x0000000000000728                __BSS_SIZE__ = SIZEOF (.bss)
                0x0000000000000001                ASSERT ((. <= 0x4040000), BL1's RW section has exceeded its limit.)
LOAD ./build/a3700_z/debug/bl1/build_message.o
LOAD ./build/a3700_z/debug/bl1/io_fip.o
LOAD ./build/a3700_z/debug/bl1/io_memmap.o
LOAD ./build/a3700_z/debug/bl1/io_storage.o
LOAD ./build/a3700_z/debug/bl1/marvell_bl1_setup.o
LOAD ./build/a3700_z/debug/bl1/marvell_io_storage.o
LOAD ./build/a3700_z/debug/bl1/bl1_main.o
LOAD ./build/a3700_z/debug/bl1/bl1_arch_setup.o
LOAD ./build/a3700_z/debug/bl1/bl1_context_mgmt.o
LOAD ./build/a3700_z/debug/bl1/context_mgmt.o
LOAD ./build/a3700_z/debug/bl1/plat_bl1_common.o
LOAD ./build/a3700_z/debug/bl1/bl_common.o
LOAD ./build/a3700_z/debug/bl1/tf_printf.o
LOAD ./build/a3700_z/debug/bl1/xlat_helpers.o
LOAD ./build/a3700_z/debug/bl1/std.o
LOAD ./build/a3700_z/debug/bl1/a3700_z_common.o
LOAD ./build/a3700_z/debug/bl1/xlat_tables.o
LOAD ./build/a3700_z/debug/bl1/marvell_common.o
LOAD ./build/a3700_z/debug/bl1/plat_common.o
LOAD ./build/a3700_z/debug/bl1/plat_helpers.o
LOAD ./build/a3700_z/debug/bl1/cortex_a53.o
LOAD ./build/a3700_z/debug/bl1/platform_up_stack.o
LOAD ./build/a3700_z/debug/bl1/bl1_entrypoint.o
LOAD ./build/a3700_z/debug/bl1/bl1_exceptions.o
LOAD ./build/a3700_z/debug/bl1/context.o
LOAD ./build/a3700_z/debug/bl1/cpu_helpers.o
LOAD ./build/a3700_z/debug/bl1/debug.o
LOAD ./build/a3700_z/debug/bl1/cache_helpers.o
LOAD ./build/a3700_z/debug/bl1/misc_helpers.o
LOAD ./build/a3700_z/debug/bl1/platform_helpers.o
LOAD ./build/a3700_z/debug/bl1/console.o
LOAD ./build/a3700_z/debug/bl1/a3700_console.o
LOAD ./build/a3700_z/debug/bl1/marvell_helpers.o
OUTPUT(build/a3700_z/debug/bl1/bl1.elf elf64-littleaarch64)

.debug_info     0x0000000000000000     0xa2e5
 .debug_info    0x0000000000000000       0x7c ./build/a3700_z/debug/bl1/build_message.o
 .debug_info    0x000000000000007c      0xe6c ./build/a3700_z/debug/bl1/io_fip.o
 .debug_info    0x0000000000000ee8      0xc94 ./build/a3700_z/debug/bl1/io_memmap.o
 .debug_info    0x0000000000001b7c     0x11fd ./build/a3700_z/debug/bl1/io_storage.o
 .debug_info    0x0000000000002d79      0x468 ./build/a3700_z/debug/bl1/marvell_bl1_setup.o
 .debug_info    0x00000000000031e1      0xa84 ./build/a3700_z/debug/bl1/marvell_io_storage.o
 .debug_info    0x0000000000003c65      0xafe ./build/a3700_z/debug/bl1/bl1_main.o
 .debug_info    0x0000000000004763      0x19c ./build/a3700_z/debug/bl1/bl1_arch_setup.o
 .debug_info    0x00000000000048ff      0x76d ./build/a3700_z/debug/bl1/bl1_context_mgmt.o
 .debug_info    0x000000000000506c      0xfdb ./build/a3700_z/debug/bl1/context_mgmt.o
 .debug_info    0x0000000000006047      0x431 ./build/a3700_z/debug/bl1/plat_bl1_common.o
 .debug_info    0x0000000000006478      0x9b3 ./build/a3700_z/debug/bl1/bl_common.o
 .debug_info    0x0000000000006e2b      0x2af ./build/a3700_z/debug/bl1/tf_printf.o
 .debug_info    0x00000000000070da     0x1486 ./build/a3700_z/debug/bl1/std.o
 .debug_info    0x0000000000008560      0x36e ./build/a3700_z/debug/bl1/a3700_z_common.o
 .debug_info    0x00000000000088ce      0xce1 ./build/a3700_z/debug/bl1/xlat_tables.o
 .debug_info    0x00000000000095af      0x4ce ./build/a3700_z/debug/bl1/marvell_common.o
 .debug_info    0x0000000000009a7d       0xaa ./build/a3700_z/debug/bl1/plat_helpers.o
 .debug_info    0x0000000000009b27       0x96 ./build/a3700_z/debug/bl1/cortex_a53.o
 .debug_info    0x0000000000009bbd       0xa0 ./build/a3700_z/debug/bl1/platform_up_stack.o
 .debug_info    0x0000000000009c5d       0xa1 ./build/a3700_z/debug/bl1/bl1_entrypoint.o
 .debug_info    0x0000000000009cfe       0x95 ./build/a3700_z/debug/bl1/bl1_exceptions.o
 .debug_info    0x0000000000009d93       0x91 ./build/a3700_z/debug/bl1/context.o
 .debug_info    0x0000000000009e24       0x97 ./build/a3700_z/debug/bl1/cpu_helpers.o
 .debug_info    0x0000000000009ebb       0x8f ./build/a3700_z/debug/bl1/debug.o
 .debug_info    0x0000000000009f4a       0x94 ./build/a3700_z/debug/bl1/cache_helpers.o
 .debug_info    0x0000000000009fde       0x93 ./build/a3700_z/debug/bl1/misc_helpers.o
 .debug_info    0x000000000000a071       0x9f ./build/a3700_z/debug/bl1/platform_helpers.o
 .debug_info    0x000000000000a110       0x92 ./build/a3700_z/debug/bl1/console.o
 .debug_info    0x000000000000a1a2       0x9d ./build/a3700_z/debug/bl1/a3700_console.o
 .debug_info    0x000000000000a23f       0xa6 ./build/a3700_z/debug/bl1/marvell_helpers.o

.debug_abbrev   0x0000000000000000     0x2301
 .debug_abbrev  0x0000000000000000       0x43 ./build/a3700_z/debug/bl1/build_message.o
 .debug_abbrev  0x0000000000000043      0x2bb ./build/a3700_z/debug/bl1/io_fip.o
 .debug_abbrev  0x00000000000002fe      0x1fd ./build/a3700_z/debug/bl1/io_memmap.o
 .debug_abbrev  0x00000000000004fb      0x2e7 ./build/a3700_z/debug/bl1/io_storage.o
 .debug_abbrev  0x00000000000007e2      0x16d ./build/a3700_z/debug/bl1/marvell_bl1_setup.o
 .debug_abbrev  0x000000000000094f      0x208 ./build/a3700_z/debug/bl1/marvell_io_storage.o
 .debug_abbrev  0x0000000000000b57      0x2e9 ./build/a3700_z/debug/bl1/bl1_main.o
 .debug_abbrev  0x0000000000000e40       0xef ./build/a3700_z/debug/bl1/bl1_arch_setup.o
 .debug_abbrev  0x0000000000000f2f      0x20e ./build/a3700_z/debug/bl1/bl1_context_mgmt.o
 .debug_abbrev  0x000000000000113d      0x345 ./build/a3700_z/debug/bl1/context_mgmt.o
 .debug_abbrev  0x0000000000001482      0x17a ./build/a3700_z/debug/bl1/plat_bl1_common.o
 .debug_abbrev  0x00000000000015fc      0x26e ./build/a3700_z/debug/bl1/bl_common.o
 .debug_abbrev  0x000000000000186a      0x185 ./build/a3700_z/debug/bl1/tf_printf.o
 .debug_abbrev  0x00000000000019ef      0x292 ./build/a3700_z/debug/bl1/std.o
 .debug_abbrev  0x0000000000001c81       0xda ./build/a3700_z/debug/bl1/a3700_z_common.o
 .debug_abbrev  0x0000000000001d5b      0x2ed ./build/a3700_z/debug/bl1/xlat_tables.o
 .debug_abbrev  0x0000000000002048      0x1bb ./build/a3700_z/debug/bl1/marvell_common.o
 .debug_abbrev  0x0000000000002203       0x12 ./build/a3700_z/debug/bl1/plat_helpers.o
 .debug_abbrev  0x0000000000002215       0x12 ./build/a3700_z/debug/bl1/cortex_a53.o
 .debug_abbrev  0x0000000000002227       0x12 ./build/a3700_z/debug/bl1/platform_up_stack.o
 .debug_abbrev  0x0000000000002239       0x14 ./build/a3700_z/debug/bl1/bl1_entrypoint.o
 .debug_abbrev  0x000000000000224d       0x12 ./build/a3700_z/debug/bl1/bl1_exceptions.o
 .debug_abbrev  0x000000000000225f       0x12 ./build/a3700_z/debug/bl1/context.o
 .debug_abbrev  0x0000000000002271       0x12 ./build/a3700_z/debug/bl1/cpu_helpers.o
 .debug_abbrev  0x0000000000002283       0x12 ./build/a3700_z/debug/bl1/debug.o
 .debug_abbrev  0x0000000000002295       0x12 ./build/a3700_z/debug/bl1/cache_helpers.o
 .debug_abbrev  0x00000000000022a7       0x12 ./build/a3700_z/debug/bl1/misc_helpers.o
 .debug_abbrev  0x00000000000022b9       0x12 ./build/a3700_z/debug/bl1/platform_helpers.o
 .debug_abbrev  0x00000000000022cb       0x12 ./build/a3700_z/debug/bl1/console.o
 .debug_abbrev  0x00000000000022dd       0x12 ./build/a3700_z/debug/bl1/a3700_console.o
 .debug_abbrev  0x00000000000022ef       0x12 ./build/a3700_z/debug/bl1/marvell_helpers.o

.debug_aranges  0x0000000000000000      0xf70
 .debug_aranges
                0x0000000000000000       0x20 ./build/a3700_z/debug/bl1/build_message.o
 .debug_aranges
                0x0000000000000020       0xb0 ./build/a3700_z/debug/bl1/io_fip.o
 .debug_aranges
                0x00000000000000d0       0xb0 ./build/a3700_z/debug/bl1/io_memmap.o
 .debug_aranges
                0x0000000000000180       0xf0 ./build/a3700_z/debug/bl1/io_storage.o
 .debug_aranges
                0x0000000000000270       0xa0 ./build/a3700_z/debug/bl1/marvell_bl1_setup.o
 .debug_aranges
                0x0000000000000310       0x90 ./build/a3700_z/debug/bl1/marvell_io_storage.o
 .debug_aranges
                0x00000000000003a0       0x60 ./build/a3700_z/debug/bl1/bl1_main.o
 .debug_aranges
                0x0000000000000400       0x40 ./build/a3700_z/debug/bl1/bl1_arch_setup.o
 .debug_aranges
                0x0000000000000440       0x50 ./build/a3700_z/debug/bl1/bl1_context_mgmt.o
 .debug_aranges
                0x0000000000000490       0xe0 ./build/a3700_z/debug/bl1/context_mgmt.o
 .debug_aranges
                0x0000000000000570       0x70 ./build/a3700_z/debug/bl1/plat_bl1_common.o
 .debug_aranges
                0x00000000000005e0       0x80 ./build/a3700_z/debug/bl1/bl_common.o
 .debug_aranges
                0x0000000000000660       0x40 ./build/a3700_z/debug/bl1/tf_printf.o
 .debug_aranges
                0x00000000000006a0      0x1a0 ./build/a3700_z/debug/bl1/std.o
 .debug_aranges
                0x0000000000000840       0x30 ./build/a3700_z/debug/bl1/a3700_z_common.o
 .debug_aranges
                0x0000000000000870       0x80 ./build/a3700_z/debug/bl1/xlat_tables.o
 .debug_aranges
                0x00000000000008f0       0x80 ./build/a3700_z/debug/bl1/marvell_common.o
 .debug_aranges
                0x0000000000000970       0x50 ./build/a3700_z/debug/bl1/plat_helpers.o
 .debug_aranges
                0x00000000000009c0       0xa0 ./build/a3700_z/debug/bl1/cortex_a53.o
 .debug_aranges
                0x0000000000000a60       0x60 ./build/a3700_z/debug/bl1/platform_up_stack.o
 .debug_aranges
                0x0000000000000ac0       0x30 ./build/a3700_z/debug/bl1/bl1_entrypoint.o
 .debug_aranges
                0x0000000000000af0       0x40 ./build/a3700_z/debug/bl1/bl1_exceptions.o
 .debug_aranges
                0x0000000000000b30       0x80 ./build/a3700_z/debug/bl1/context.o
 .debug_aranges
                0x0000000000000bb0       0x50 ./build/a3700_z/debug/bl1/cpu_helpers.o
 .debug_aranges
                0x0000000000000c00       0x60 ./build/a3700_z/debug/bl1/debug.o
 .debug_aranges
                0x0000000000000c60       0xb0 ./build/a3700_z/debug/bl1/cache_helpers.o
 .debug_aranges
                0x0000000000000d10       0xa0 ./build/a3700_z/debug/bl1/misc_helpers.o
 .debug_aranges
                0x0000000000000db0       0xa0 ./build/a3700_z/debug/bl1/platform_helpers.o
 .debug_aranges
                0x0000000000000e50       0x60 ./build/a3700_z/debug/bl1/console.o
 .debug_aranges
                0x0000000000000eb0       0x50 ./build/a3700_z/debug/bl1/a3700_console.o
 .debug_aranges
                0x0000000000000f00       0x70 ./build/a3700_z/debug/bl1/marvell_helpers.o

.debug_line     0x0000000000000000     0x3294
 .debug_line    0x0000000000000000       0x28 ./build/a3700_z/debug/bl1/build_message.o
 .debug_line    0x0000000000000028      0x2a9 ./build/a3700_z/debug/bl1/io_fip.o
 .debug_line    0x00000000000002d1      0x203 ./build/a3700_z/debug/bl1/io_memmap.o
 .debug_line    0x00000000000004d4      0x326 ./build/a3700_z/debug/bl1/io_storage.o
 .debug_line    0x00000000000007fa      0x1fa ./build/a3700_z/debug/bl1/marvell_bl1_setup.o
 .debug_line    0x00000000000009f4      0x1fb ./build/a3700_z/debug/bl1/marvell_io_storage.o
 .debug_line    0x0000000000000bef      0x224 ./build/a3700_z/debug/bl1/bl1_main.o
 .debug_line    0x0000000000000e13       0xe4 ./build/a3700_z/debug/bl1/bl1_arch_setup.o
 .debug_line    0x0000000000000ef7      0x18b ./build/a3700_z/debug/bl1/bl1_context_mgmt.o
 .debug_line    0x0000000000001082      0x305 ./build/a3700_z/debug/bl1/context_mgmt.o
 .debug_line    0x0000000000001387      0x153 ./build/a3700_z/debug/bl1/plat_bl1_common.o
 .debug_line    0x00000000000014da      0x228 ./build/a3700_z/debug/bl1/bl_common.o
 .debug_line    0x0000000000001702      0x19c ./build/a3700_z/debug/bl1/tf_printf.o
 .debug_line    0x000000000000189e      0x920 ./build/a3700_z/debug/bl1/std.o
 .debug_line    0x00000000000021be       0xf6 ./build/a3700_z/debug/bl1/a3700_z_common.o
 .debug_line    0x00000000000022b4      0x351 ./build/a3700_z/debug/bl1/xlat_tables.o
 .debug_line    0x0000000000002605      0x1a6 ./build/a3700_z/debug/bl1/marvell_common.o
 .debug_line    0x00000000000027ab       0x93 ./build/a3700_z/debug/bl1/plat_helpers.o
 .debug_line    0x000000000000283e      0x10d ./build/a3700_z/debug/bl1/cortex_a53.o
 .debug_line    0x000000000000294b       0x99 ./build/a3700_z/debug/bl1/platform_up_stack.o
 .debug_line    0x00000000000029e4       0x58 ./build/a3700_z/debug/bl1/bl1_entrypoint.o
 .debug_line    0x0000000000002a3c       0xde ./build/a3700_z/debug/bl1/bl1_exceptions.o
 .debug_line    0x0000000000002b1a      0x136 ./build/a3700_z/debug/bl1/context.o
 .debug_line    0x0000000000002c50       0x95 ./build/a3700_z/debug/bl1/cpu_helpers.o
 .debug_line    0x0000000000002ce5       0xb5 ./build/a3700_z/debug/bl1/debug.o
 .debug_line    0x0000000000002d9a      0x113 ./build/a3700_z/debug/bl1/cache_helpers.o
 .debug_line    0x0000000000002ead      0x104 ./build/a3700_z/debug/bl1/misc_helpers.o
 .debug_line    0x0000000000002fb1       0xec ./build/a3700_z/debug/bl1/platform_helpers.o
 .debug_line    0x000000000000309d       0x93 ./build/a3700_z/debug/bl1/console.o
 .debug_line    0x0000000000003130       0xaa ./build/a3700_z/debug/bl1/a3700_console.o
 .debug_line    0x00000000000031da       0xba ./build/a3700_z/debug/bl1/marvell_helpers.o

.debug_str      0x0000000000000000     0x17fa
 .debug_str     0x0000000000000000      0x111 ./build/a3700_z/debug/bl1/build_message.o
                                        0x116 (size before relaxing)
 .debug_str     0x0000000000000111      0x50c ./build/a3700_z/debug/bl1/io_fip.o
                                        0x6f5 (size before relaxing)
 .debug_str     0x000000000000061d      0x12f ./build/a3700_z/debug/bl1/io_memmap.o
                                        0x502 (size before relaxing)
 .debug_str     0x000000000000074c      0x11d ./build/a3700_z/debug/bl1/io_storage.o
                                        0x4f0 (size before relaxing)
 .debug_str     0x0000000000000869      0x1ea ./build/a3700_z/debug/bl1/marvell_bl1_setup.o
                                        0x433 (size before relaxing)
 .debug_str     0x0000000000000a53      0x128 ./build/a3700_z/debug/bl1/marvell_io_storage.o
                                        0x5b9 (size before relaxing)
 .debug_str     0x0000000000000b7b      0x23f ./build/a3700_z/debug/bl1/bl1_main.o
                                        0x66d (size before relaxing)
 .debug_str     0x0000000000000dba       0x5d ./build/a3700_z/debug/bl1/bl1_arch_setup.o
                                        0x1f4 (size before relaxing)
 .debug_str     0x0000000000000e17       0xc4 ./build/a3700_z/debug/bl1/bl1_context_mgmt.o
                                        0x487 (size before relaxing)
 .debug_str     0x0000000000000edb      0x1f7 ./build/a3700_z/debug/bl1/context_mgmt.o
                                        0x5ca (size before relaxing)
 .debug_str     0x00000000000010d2       0x70 ./build/a3700_z/debug/bl1/plat_bl1_common.o
                                        0x3ab (size before relaxing)
 .debug_str     0x0000000000001142       0xdd ./build/a3700_z/debug/bl1/bl_common.o
                                        0x4e7 (size before relaxing)
 .debug_str     0x000000000000121f       0x91 ./build/a3700_z/debug/bl1/tf_printf.o
                                        0x238 (size before relaxing)
 .debug_str     0x00000000000012b0      0x1b5 ./build/a3700_z/debug/bl1/std.o
                                        0x431 (size before relaxing)
 .debug_str     0x0000000000001465       0xa8 ./build/a3700_z/debug/bl1/a3700_z_common.o
                                        0x39f (size before relaxing)
 .debug_str     0x000000000000150d      0x1ff ./build/a3700_z/debug/bl1/xlat_tables.o
                                        0x473 (size before relaxing)
 .debug_str     0x000000000000170c       0xee ./build/a3700_z/debug/bl1/marvell_common.o
                                        0x3ad (size before relaxing)

.comment        0x0000000000000000       0x3c
 .comment       0x0000000000000000       0x3c ./build/a3700_z/debug/bl1/build_message.o
                                         0x3d (size before relaxing)
 .comment       0x000000000000003c       0x3d ./build/a3700_z/debug/bl1/io_fip.o
 .comment       0x000000000000003c       0x3d ./build/a3700_z/debug/bl1/io_memmap.o
 .comment       0x000000000000003c       0x3d ./build/a3700_z/debug/bl1/io_storage.o
 .comment       0x000000000000003c       0x3d ./build/a3700_z/debug/bl1/marvell_bl1_setup.o
 .comment       0x000000000000003c       0x3d ./build/a3700_z/debug/bl1/marvell_io_storage.o
 .comment       0x000000000000003c       0x3d ./build/a3700_z/debug/bl1/bl1_main.o
 .comment       0x000000000000003c       0x3d ./build/a3700_z/debug/bl1/bl1_arch_setup.o
 .comment       0x000000000000003c       0x3d ./build/a3700_z/debug/bl1/bl1_context_mgmt.o
 .comment       0x000000000000003c       0x3d ./build/a3700_z/debug/bl1/context_mgmt.o
 .comment       0x000000000000003c       0x3d ./build/a3700_z/debug/bl1/plat_bl1_common.o
 .comment       0x000000000000003c       0x3d ./build/a3700_z/debug/bl1/bl_common.o
 .comment       0x000000000000003c       0x3d ./build/a3700_z/debug/bl1/tf_printf.o
 .comment       0x000000000000003c       0x3d ./build/a3700_z/debug/bl1/std.o
 .comment       0x000000000000003c       0x3d ./build/a3700_z/debug/bl1/a3700_z_common.o
 .comment       0x000000000000003c       0x3d ./build/a3700_z/debug/bl1/xlat_tables.o
 .comment       0x000000000000003c       0x3d ./build/a3700_z/debug/bl1/marvell_common.o

.note.GNU-stack
                0x0000000000000000        0x0
 .note.GNU-stack
                0x0000000000000000        0x0 ./build/a3700_z/debug/bl1/build_message.o
 .note.GNU-stack
                0x0000000000000000        0x0 ./build/a3700_z/debug/bl1/io_fip.o
 .note.GNU-stack
                0x0000000000000000        0x0 ./build/a3700_z/debug/bl1/io_memmap.o
 .note.GNU-stack
                0x0000000000000000        0x0 ./build/a3700_z/debug/bl1/io_storage.o
 .note.GNU-stack
                0x0000000000000000        0x0 ./build/a3700_z/debug/bl1/marvell_bl1_setup.o
 .note.GNU-stack
                0x0000000000000000        0x0 ./build/a3700_z/debug/bl1/marvell_io_storage.o
 .note.GNU-stack
                0x0000000000000000        0x0 ./build/a3700_z/debug/bl1/bl1_main.o
 .note.GNU-stack
                0x0000000000000000        0x0 ./build/a3700_z/debug/bl1/bl1_arch_setup.o
 .note.GNU-stack
                0x0000000000000000        0x0 ./build/a3700_z/debug/bl1/bl1_context_mgmt.o
 .note.GNU-stack
                0x0000000000000000        0x0 ./build/a3700_z/debug/bl1/context_mgmt.o
 .note.GNU-stack
                0x0000000000000000        0x0 ./build/a3700_z/debug/bl1/plat_bl1_common.o
 .note.GNU-stack
                0x0000000000000000        0x0 ./build/a3700_z/debug/bl1/bl_common.o
 .note.GNU-stack
                0x0000000000000000        0x0 ./build/a3700_z/debug/bl1/tf_printf.o
 .note.GNU-stack
                0x0000000000000000        0x0 ./build/a3700_z/debug/bl1/std.o
 .note.GNU-stack
                0x0000000000000000        0x0 ./build/a3700_z/debug/bl1/a3700_z_common.o
 .note.GNU-stack
                0x0000000000000000        0x0 ./build/a3700_z/debug/bl1/xlat_tables.o
 .note.GNU-stack
                0x0000000000000000        0x0 ./build/a3700_z/debug/bl1/marvell_common.o

.debug_loc      0x0000000000000000     0xc3c5
 .debug_loc     0x0000000000000000      0xaf3 ./build/a3700_z/debug/bl1/io_fip.o
 .debug_loc     0x0000000000000af3      0xdf3 ./build/a3700_z/debug/bl1/io_memmap.o
 .debug_loc     0x00000000000018e6     0x1876 ./build/a3700_z/debug/bl1/io_storage.o
 .debug_loc     0x000000000000315c       0x36 ./build/a3700_z/debug/bl1/marvell_bl1_setup.o
 .debug_loc     0x0000000000003192      0x516 ./build/a3700_z/debug/bl1/marvell_io_storage.o
 .debug_loc     0x00000000000036a8      0x51b ./build/a3700_z/debug/bl1/bl1_main.o
 .debug_loc     0x0000000000003bc3       0x51 ./build/a3700_z/debug/bl1/bl1_arch_setup.o
 .debug_loc     0x0000000000003c14      0x26d ./build/a3700_z/debug/bl1/bl1_context_mgmt.o
 .debug_loc     0x0000000000003e81      0xc27 ./build/a3700_z/debug/bl1/context_mgmt.o
 .debug_loc     0x0000000000004aa8       0xe4 ./build/a3700_z/debug/bl1/plat_bl1_common.o
 .debug_loc     0x0000000000004b8c      0xb0f ./build/a3700_z/debug/bl1/bl_common.o
 .debug_loc     0x000000000000569b      0x2eb ./build/a3700_z/debug/bl1/tf_printf.o
 .debug_loc     0x0000000000005986     0x5833 ./build/a3700_z/debug/bl1/std.o
 .debug_loc     0x000000000000b1b9       0x39 ./build/a3700_z/debug/bl1/a3700_z_common.o
 .debug_loc     0x000000000000b1f2      0xe3d ./build/a3700_z/debug/bl1/xlat_tables.o
 .debug_loc     0x000000000000c02f      0x396 ./build/a3700_z/debug/bl1/marvell_common.o

.debug_ranges   0x0000000000000000     0x1420
 .debug_ranges  0x0000000000000000      0x150 ./build/a3700_z/debug/bl1/io_fip.o
 .debug_ranges  0x0000000000000150      0x120 ./build/a3700_z/debug/bl1/io_memmap.o
 .debug_ranges  0x0000000000000270      0x250 ./build/a3700_z/debug/bl1/io_storage.o
 .debug_ranges  0x00000000000004c0       0x90 ./build/a3700_z/debug/bl1/marvell_bl1_setup.o
 .debug_ranges  0x0000000000000550       0x80 ./build/a3700_z/debug/bl1/marvell_io_storage.o
 .debug_ranges  0x00000000000005d0       0x50 ./build/a3700_z/debug/bl1/bl1_main.o
 .debug_ranges  0x0000000000000620       0x30 ./build/a3700_z/debug/bl1/bl1_arch_setup.o
 .debug_ranges  0x0000000000000650       0xc0 ./build/a3700_z/debug/bl1/bl1_context_mgmt.o
 .debug_ranges  0x0000000000000710      0x100 ./build/a3700_z/debug/bl1/context_mgmt.o
 .debug_ranges  0x0000000000000810       0x60 ./build/a3700_z/debug/bl1/plat_bl1_common.o
 .debug_ranges  0x0000000000000870       0xa0 ./build/a3700_z/debug/bl1/bl_common.o
 .debug_ranges  0x0000000000000910       0x30 ./build/a3700_z/debug/bl1/tf_printf.o
 .debug_ranges  0x0000000000000940      0x3e0 ./build/a3700_z/debug/bl1/std.o
 .debug_ranges  0x0000000000000d20       0x20 ./build/a3700_z/debug/bl1/a3700_z_common.o
 .debug_ranges  0x0000000000000d40       0xa0 ./build/a3700_z/debug/bl1/xlat_tables.o
 .debug_ranges  0x0000000000000de0       0x70 ./build/a3700_z/debug/bl1/marvell_common.o
 .debug_ranges  0x0000000000000e50       0x50 ./build/a3700_z/debug/bl1/plat_helpers.o
 .debug_ranges  0x0000000000000ea0       0xa0 ./build/a3700_z/debug/bl1/cortex_a53.o
 .debug_ranges  0x0000000000000f40       0x60 ./build/a3700_z/debug/bl1/platform_up_stack.o
 .debug_ranges  0x0000000000000fa0       0x40 ./build/a3700_z/debug/bl1/bl1_exceptions.o
 .debug_ranges  0x0000000000000fe0       0x80 ./build/a3700_z/debug/bl1/context.o
 .debug_ranges  0x0000000000001060       0x50 ./build/a3700_z/debug/bl1/cpu_helpers.o
 .debug_ranges  0x00000000000010b0       0x60 ./build/a3700_z/debug/bl1/debug.o
 .debug_ranges  0x0000000000001110       0xb0 ./build/a3700_z/debug/bl1/cache_helpers.o
 .debug_ranges  0x00000000000011c0       0xa0 ./build/a3700_z/debug/bl1/misc_helpers.o
 .debug_ranges  0x0000000000001260       0xa0 ./build/a3700_z/debug/bl1/platform_helpers.o
 .debug_ranges  0x0000000000001300       0x60 ./build/a3700_z/debug/bl1/console.o
 .debug_ranges  0x0000000000001360       0x50 ./build/a3700_z/debug/bl1/a3700_console.o
 .debug_ranges  0x00000000000013b0       0x70 ./build/a3700_z/debug/bl1/marvell_helpers.o

.debug_frame    0x0000000000000000     0x13a8
 .debug_frame   0x0000000000000000      0x1a0 ./build/a3700_z/debug/bl1/io_fip.o
 .debug_frame   0x00000000000001a0      0x180 ./build/a3700_z/debug/bl1/io_memmap.o
 .debug_frame   0x0000000000000320      0x2d0 ./build/a3700_z/debug/bl1/io_storage.o
 .debug_frame   0x00000000000005f0       0xe8 ./build/a3700_z/debug/bl1/marvell_bl1_setup.o
 .debug_frame   0x00000000000006d8      0x158 ./build/a3700_z/debug/bl1/marvell_io_storage.o
 .debug_frame   0x0000000000000830       0xc8 ./build/a3700_z/debug/bl1/bl1_main.o
 .debug_frame   0x00000000000008f8       0x40 ./build/a3700_z/debug/bl1/bl1_arch_setup.o
 .debug_frame   0x0000000000000938       0x98 ./build/a3700_z/debug/bl1/bl1_context_mgmt.o
 .debug_frame   0x00000000000009d0      0x220 ./build/a3700_z/debug/bl1/context_mgmt.o
 .debug_frame   0x0000000000000bf0       0x98 ./build/a3700_z/debug/bl1/plat_bl1_common.o
 .debug_frame   0x0000000000000c88       0xe8 ./build/a3700_z/debug/bl1/bl_common.o
 .debug_frame   0x0000000000000d70       0x78 ./build/a3700_z/debug/bl1/tf_printf.o
 .debug_frame   0x0000000000000de8      0x388 ./build/a3700_z/debug/bl1/std.o
 .debug_frame   0x0000000000001170       0x28 ./build/a3700_z/debug/bl1/a3700_z_common.o
 .debug_frame   0x0000000000001198      0x140 ./build/a3700_z/debug/bl1/xlat_tables.o
 .debug_frame   0x00000000000012d8       0xd0 ./build/a3700_z/debug/bl1/marvell_common.o
